******************************************************************************
                  TI ARM Linker PC v20.2.5                     
******************************************************************************
>> Linked Wed May  5 17:51:59 2021

OUTPUT FILE NAME:   <EEC172_lab3.out>
ENTRY POINT SYMBOL: "_c_int00_noargs"  address: 20009661


MEMORY CONFIGURATION

         name            origin    length      used     unused   attr    fill
----------------------  --------  ---------  --------  --------  ----  --------
  SRAM_CODE             20004000   00013000  0000677a  0000c886  RW X
  SRAM_DATA             20017000   00019000  0000103c  00017fc4  RW X


SEGMENT ALLOCATION MAP

run origin  load origin   length   init length attrs members
----------  ----------- ---------- ----------- ----- -------
20004000    20004000    00006780   00006780    r-x
  20004000    20004000    00000400   00000400    r-- .intvecs
  20004400    20004400    0000567a   0000567a    r-x .text
  20009a7c    20009a7c    00000cb8   00000cb8    r-- .const
  2000a738    2000a738    00000048   00000048    r-- .cinit
20017000    20017000    0000083c   00000000    rw-
  20017000    20017000    00000800   00000000    rw- .sysmem
  20017800    20017800    00000038   00000000    rw- .data
  20017838    20017838    00000004   00000000    rw- .bss
2002f800    2002f800    00000800   00000000    rw-
  2002f800    2002f800    00000800   00000000    rw- .stack


SECTION ALLOCATION MAP

 output                                  attributes/
section   page    origin      length       input sections
--------  ----  ----------  ----------   ----------------
.intvecs   0    20004000    00000400     
                  20004000    00000400     startup_ccs.obj (.intvecs)

.init_array 
*          0    20004000    00000000     UNINITIALIZED

.text      0    20004400    0000567a     
                  20004400    00000f34     main.obj (.text)
                  20005334    00000a80     Adafruit_GFX.obj (.text)
                  20005db4    00000a4e     rtsv7M4_T_le_eabi.lib : _printfi.c.obj (.text:__TI_printfi)
                  20006802    00000002                           : _lock.c.obj (.text:_nop)
                  20006804    000006dc     Adafruit_OLED.obj (.text)
                  20006ee0    000002a0     i2c_if.obj (.text)
                  20007180    0000027c     uart_if.obj (.text)
                  200073fc    00000268     rtsv7M4_T_le_eabi.lib : _printfi.c.obj (.text:_pconv_a)
                  20007664    000001cc                           : _printfi.c.obj (.text:_pconv_g)
                  20007830    000001b6                           : fd_add_t2.asm.obj (.text)
                  200079e6    00000002                           : div0.asm.obj (.text)
                  200079e8    00000178     driverlib.a : prcm.obj (.text:PRCMCC3200MCUInit)
                  20007b60    0000013c     rtsv7M4_T_le_eabi.lib : _printfi.c.obj (.text:_pconv_e)
                  20007c9c    00000136                           : fd_div_t2.asm.obj (.text)
                  20007dd2    00000002     --HOLE-- [fill = 0]
                  20007dd4    00000120                           : _printfi.c.obj (.text:fcvt)
                  20007ef4    00000118     pin_mux_config.obj (.text)
                  2000800c    00000110     rtsv7M4_T_le_eabi.lib : strtoul.c.obj (.text:strtoul)
                  2000811c    00000100                           : memory.c.obj (.text:aligned_alloc)
                  2000821c    000000fc                           : fd_mul_t2.asm.obj (.text)
                  20008318    000000fa                           : fs_add_t2.asm.obj (.text)
                  20008412    00000002     --HOLE-- [fill = 0]
                  20008414    000000e4                           : memory.c.obj (.text:free)
                  200084f8    000000e4                           : memory.c.obj (.text:realloc)
                  200085dc    000000d0                           : s_scalbn.c.obj (.text:scalbn)
                  200086ac    000000b1                           : _printfi.c.obj (.text:_ltostr)
                  2000875d    00000003     --HOLE-- [fill = 0]
                  20008760    000000a8     driverlib.a : interrupt.obj (.text:IntEnable)
                  20008808    000000a0                 : spi.obj (.text:SPIConfigSetExpClk)
                  200088a8    0000009c     rtsv7M4_T_le_eabi.lib : memcpy_t2.asm.obj (.text)
                  20008944    00000096                           : ull_div_t2.asm.obj (.text)
                  200089da    00000002     --HOLE-- [fill = 0]
                  200089dc    00000094     driverlib.a : prcm.obj (.text:PRCMPeripheralClockGet)
                  20008a70    00000092     rtsv7M4_T_le_eabi.lib : fs_div_t2.asm.obj (.text)
                  20008b02    00000002     --HOLE-- [fill = 0]
                  20008b04    00000088     driverlib.a : pin.obj (.text:PinConfigSet)
                  20008b8c    00000086     rtsv7M4_T_le_eabi.lib : fd_cmp_t2.asm.obj (.text:__aeabi_cdcmple)
                  20008c12    00000086                           : fd_cmp_t2.asm.obj (.text:__aeabi_cdrcmple)
                  20008c98    00000084     driverlib.a : i2c.obj (.text:I2CMasterInitExpClk)
                  20008d1c    0000007a     rtsv7M4_T_le_eabi.lib : memset_t2.asm.obj (.text)
                  20008d96    00000076     driverlib.a : uart.obj (.text:UARTConfigSetExpClk)
                  20008e0c    00000070     rtsv7M4_T_le_eabi.lib : memory.c.obj (.text:split)
                  20008e7c    0000006e                           : _printfi.c.obj (.text:_mcpy)
                  20008eea    00000068                           : copy_decompress_lzss.c.obj (.text:decompress:lzss:__TI_decompress_lzss)
                  20008f52    00000060                           : fs_cmp_t2.asm.obj (.text:__aeabi_cfcmple)
                  20008fb2    00000060                           : fs_cmp_t2.asm.obj (.text:__aeabi_cfrcmple)
                  20009012    00000002     --HOLE-- [fill = 0]
                  20009014    0000005c                           : s_frexp.c.obj (.text:frexp)
                  20009070    00000058     driverlib.a : prcm.obj (.text:PRCMPeripheralReset)
                  200090c8    00000056     rtsv7M4_T_le_eabi.lib : _printfi.c.obj (.text:_pconv_f)
                  2000911e    00000054                           : _ltoa.c.obj (.text:__TI_ltoa)
                  20009172    00000052                           : _printfi.c.obj (.text:_ecpy)
                  200091c4    0000004c                           : atoi.c.obj (.text:atoi)
                  20009210    00000048                           : fd_toi_t2.asm.obj (.text)
                  20009258    00000044                           : autoinit.c.obj (.text:__TI_auto_init_nobinit_nopinit:__TI_auto_init_nobinit_nopinit)
                  2000929c    00000040     driverlib.a : pin.obj (.text:PinModeSet)
                  200092dc    00000040     rtsv7M4_T_le_eabi.lib : strtok.c.obj (.text:strtok)
                  2000931c    00000040                           : vsnprintf.c.obj (.text:vsnprintf)
                  2000935c    0000003e                           : _printfi.c.obj (.text:_fcpy)
                  2000939a    00000002     --HOLE-- [fill = 0]
                  2000939c    0000003c     driverlib.a : prcm.obj (.text:PRCMPeripheralClkEnable)
                  200093d8    00000038     rtsv7M4_T_le_eabi.lib : fs_toi_t2.asm.obj (.text)
                  20009410    00000038                           : i_tofs_t2.asm.obj (.text)
                  20009448    00000036     driverlib.a : gpio.obj (.text:GPIODirModeSet)
                  2000947e    00000030                 : pin.obj (.text:PinTypeGPIO)
                  200094ae    00000002     --HOLE-- [fill = 0]
                  200094b0    00000030                 : uart.obj (.text:UARTDisable)
                  200094e0    00000030     rtsv7M4_T_le_eabi.lib : vsnprintf.c.obj (.text:_outs)
                  20009510    0000002e                           : i_tofd_t2.asm.obj (.text)
                  2000953e    0000002c     driverlib.a : i2c.obj (.text:I2CMasterErr)
                  2000956a    00000002     --HOLE-- [fill = 0]
                  2000956c    0000002c                 : prcm.obj (.text:PRCMSysResetCauseGet)
                  20009598    0000002a     rtsv7M4_T_le_eabi.lib : strspn.c.obj (.text:strspn)
                  200095c2    00000002     --HOLE-- [fill = 0]
                  200095c4    00000028     driverlib.a : prcm.obj (.text:PRCMPeripheralClkDisable)
                  200095ec    00000028     rtsv7M4_T_le_eabi.lib : memory.c.obj (.text:free_list_insert)
                  20009614    00000028                           : memmov.c.obj (.text:memmove)
                  2000963c    00000024     driverlib.a : uart.obj (.text:UARTEnable)
                  20009660    00000024     rtsv7M4_T_le_eabi.lib : boot_cortex_m.c.obj (.text:_c_int00_noargs:_c_int00_noargs)
                  20009684    00000024                           : strcspn.c.obj (.text:strcspn)
                  200096a8    00000022     driverlib.a : i2c.obj (.text:I2CMasterSlaveAddrSet)
                  200096ca    00000022                 : spi.obj (.text:SPIReset)
                  200096ec    00000020                 : gpio.obj (.text:GPIOPinWrite)
                  2000970c    00000020                 : spi.obj (.text:SPIDataGet)
                  2000972c    00000020     rtsv7M4_T_le_eabi.lib : u_tofd_t2.asm.obj (.text)
                  2000974c    0000001e     driverlib.a : i2c.obj (.text:I2CMasterIntStatusEx)
                  2000976a    0000001e                 : spi.obj (.text:SPIDataPut)
                  20009788    0000001e                 : uart.obj (.text:UARTCharPut)
                  200097a6    0000001c                 : pin.obj (.text:PinTypeI2C)
                  200097c2    0000001c                 : uart.obj (.text:UARTCharGetNonBlocking)
                  200097de    0000001c     rtsv7M4_T_le_eabi.lib : copy_zero_init.c.obj (.text:decompress:ZI:__TI_zero_init_nomemset:__TI_zero_init_nomemset)
                  200097fa    00000002     --HOLE-- [fill = 0]
                  200097fc    0000001c                           : memory.c.obj (.text:free_list_remove)
                  20009818    0000001c                           : memccpy.c.obj (.text:memccpy)
                  20009834    0000001a     driverlib.a : pin.obj (.text:PinTypeSPI)
                  2000984e    0000001a                 : pin.obj (.text:PinTypeUART)
                  20009868    00000018                 : i2c.obj (.text:I2CMasterIntEnableEx)
                  20009880    00000018                 : spi.obj (.text:SPICSDisable)
                  20009898    00000018                 : spi.obj (.text:SPICSEnable)
                  200098b0    00000018                 : spi.obj (.text:SPIEnable)
                  200098c8    00000018                 : uart.obj (.text:UARTCharsAvail)
                  200098e0    00000018     rtsv7M4_T_le_eabi.lib : vsnprintf.c.obj (.text:_outc)
                  200098f8    00000018                           : strcmp.c.obj (.text:strcmp)
                  20009910    00000016     driverlib.a : i2c.obj (.text:I2CMasterDataPut)
                  20009926    00000016                 : i2c.obj (.text:I2CMasterEnable)
                  2000993c    00000016                 : i2c.obj (.text:I2CMasterIntClear)
                  20009952    00000016                 : prcm.obj (.text:PRCMHIBRegRead)
                  20009968    00000016                 : prcm.obj (.text:PRCMHIBRegWrite)
                  2000997e    00000016     rtsv7M4_T_le_eabi.lib : strchr.c.obj (.text:strchr)
                  20009994    00000014     driverlib.a : cpu.obj (.text:CPUcpsie)
                  200099a8    00000014                 : interrupt.obj (.text:IntVTableBaseSet)
                  200099bc    00000014     rtsv7M4_T_le_eabi.lib : strcpy.c.obj (.text:strcpy)
                  200099d0    00000014                           : strlen.c.obj (.text:strlen)
                  200099e4    00000012     driverlib.a : i2c.obj (.text:I2CMasterControl)
                  200099f6    00000012                 : i2c.obj (.text:I2CMasterTimeoutSet)
                  20009a08    00000012     rtsv7M4_T_le_eabi.lib : wcslen.c.obj (.text:wcslen)
                  20009a1a    0000000e     driverlib.a : i2c.obj (.text:I2CMasterDataGet)
                  20009a28    0000000e     rtsv7M4_T_le_eabi.lib : copy_decompress_none.c.obj (.text:decompress:none:__TI_decompress_none)
                  20009a36    0000000e     startup_ccs.obj (.text)
                  20009a44    0000000c     rtsv7M4_T_le_eabi.lib : s_copysign.c.obj (.text:copysign)
                  20009a50    0000000a     driverlib.a : interrupt.obj (.text:IntMasterEnable)
                  20009a5a    00000002     --HOLE-- [fill = 0]
                  20009a5c    00000008     rtsv7M4_T_le_eabi.lib : errno.c.obj (.text:__aeabi_errno_addr)
                  20009a64    00000008                           : memory.c.obj (.text:malloc)
                  20009a6c    00000006     driverlib.a : utils.obj (.text:UtilsDelay)
                  20009a72    00000004     rtsv7M4_T_le_eabi.lib : pre_init.c.obj (.text:_system_pre_init)
                  20009a76    00000004                           : exit.c.obj (.text:abort:abort)

.const     0    20009a7c    00000cb8     
                  20009a7c    000004fb     Adafruit_GFX.obj (.const:.string:font)
                  20009f77    000004fb     Adafruit_OLED.obj (.const:.string:font)
                  2000a472    00000101     rtsv7M4_T_le_eabi.lib : ctype.c.obj (.const:.string:_ctypes_)
                  2000a573    00000001     --HOLE-- [fill = 0]
                  2000a574    00000100     driverlib.a : pin.obj (.const:g_ulPinToPadMap)
                  2000a674    000000a8                 : prcm.obj (.const:PRCM_PeriphRegsList)
                  2000a71c    00000018                 : interrupt.obj (.const:g_pulEnRegs)

.cinit     0    2000a738    00000048     
                  2000a738    00000020     (.cinit..data.load) [load image, compression = lzss]
                  2000a758    0000000c     (__TI_handler_table)
                  2000a764    00000004     --HOLE-- [fill = 0]
                  2000a768    00000008     (.cinit..bss.load) [load image, compression = zero_init]
                  2000a770    00000010     (__TI_cinit_table)

.sysmem    0    20017000    00000800     UNINITIALIZED
                  20017000    00000010     rtsv7M4_T_le_eabi.lib : memory.c.obj (.sysmem)
                  20017010    000007f0     --HOLE--

.data      0    20017800    00000038     UNINITIALIZED
                  20017800    00000015     Adafruit_GFX.obj (.data)
                  20017815    00000003     --HOLE--
                  20017818    00000008     rtsv7M4_T_le_eabi.lib : _lock.c.obj (.data:$O1$$)
                  20017820    00000008                           : memory.c.obj (.data:$O1$$)
                  20017828    00000008     main.obj (.data)
                  20017830    00000004     rtsv7M4_T_le_eabi.lib : errno.c.obj (.data)
                  20017834    00000004                           : strtok.c.obj (.data)

.bss       0    20017838    00000004     UNINITIALIZED
                  20017838    00000004     uart_if.obj (.bss)

.stack     0    2002f800    00000800     UNINITIALIZED
                  2002f800    00000004     rtsv7M4_T_le_eabi.lib : boot_cortex_m.c.obj (.stack)
                  2002f804    000007fc     --HOLE--

__llvm_prf_cnts 
*          0    20017000    00000000     UNINITIALIZED

MODULE SUMMARY

       Module                       code    ro data   rw data
       ------                       ----    -------   -------
    .\
       Adafruit_GFX.obj             2688    1275      21     
       main.obj                     3892    0         8      
       Adafruit_OLED.obj            1756    1275      0      
       startup_ccs.obj              14      1024      0      
       i2c_if.obj                   672     0         0      
       uart_if.obj                  636     0         4      
       pin_mux_config.obj           280     0         0      
    +--+----------------------------+-------+---------+---------+
       Total:                       9938    3574      33     
                                                             
    C:/ti/CC3200SDK_1.5.0/cc3200-sdk/driverlib/ccs/Release/driverlib.a
       prcm.obj                     800     168       0      
       pin.obj                      328     256       0      
       i2c.obj                      380     0         0      
       spi.obj                      328     0         0      
       uart.obj                     284     0         0      
       interrupt.obj                198     24        0      
       gpio.obj                     86      0         0      
       cpu.obj                      20      0         0      
       utils.obj                    6       0         0      
    +--+----------------------------+-------+---------+---------+
       Total:                       2430    448       0      
                                                             
    C:\ti\ccs1020\ccs\tools\compiler\ti-cgt-arm_20.2.5.LTS\lib\rtsv7M4_T_le_eabi.lib
       _printfi.c.obj               4835    0         0      
       memory.c.obj                 900     0         8      
       fd_add_t2.asm.obj            438     0         0      
       fd_div_t2.asm.obj            310     0         0      
       strtoul.c.obj                272     0         0      
       fd_cmp_t2.asm.obj            268     0         0      
       ctype.c.obj                  0       257       0      
       fd_mul_t2.asm.obj            252     0         0      
       fs_add_t2.asm.obj            250     0         0      
       s_scalbn.c.obj               208     0         0      
       fs_cmp_t2.asm.obj            192     0         0      
       memcpy_t2.asm.obj            156     0         0      
       ull_div_t2.asm.obj           150     0         0      
       fs_div_t2.asm.obj            146     0         0      
       vsnprintf.c.obj              136     0         0      
       memset_t2.asm.obj            122     0         0      
       copy_decompress_lzss.c.obj   104     0         0      
       s_frexp.c.obj                92      0         0      
       _ltoa.c.obj                  84      0         0      
       atoi.c.obj                   76      0         0      
       fd_toi_t2.asm.obj            72      0         0      
       autoinit.c.obj               68      0         0      
       strtok.c.obj                 64      0         4      
       fs_toi_t2.asm.obj            56      0         0      
       i_tofs_t2.asm.obj            56      0         0      
       i_tofd_t2.asm.obj            46      0         0      
       strspn.c.obj                 42      0         0      
       memmov.c.obj                 40      0         0      
       boot_cortex_m.c.obj          36      0         0      
       strcspn.c.obj                36      0         0      
       u_tofd_t2.asm.obj            32      0         0      
       copy_zero_init.c.obj         28      0         0      
       memccpy.c.obj                28      0         0      
       strcmp.c.obj                 24      0         0      
       strchr.c.obj                 22      0         0      
       strcpy.c.obj                 20      0         0      
       strlen.c.obj                 20      0         0      
       wcslen.c.obj                 18      0         0      
       copy_decompress_none.c.obj   14      0         0      
       errno.c.obj                  8       0         4      
       s_copysign.c.obj             12      0         0      
       _lock.c.obj                  2       0         8      
       exit.c.obj                   4       0         0      
       pre_init.c.obj               4       0         0      
       div0.asm.obj                 2       0         0      
    +--+----------------------------+-------+---------+---------+
       Total:                       9745    257       24     
                                                             
       Heap:                        0       0         2048   
       Stack:                       0       0         2048   
       Linker Generated:            0       68        0      
    +--+----------------------------+-------+---------+---------+
       Grand Total:                 22113   4347      4153   


LINKER GENERATED COPY TABLES

__TI_cinit_table @ 2000a770 records: 2, size/record: 8, table size: 16
	.data: load addr=2000a738, load size=00000020 bytes, run addr=20017800, run size=00000038 bytes, compression=lzss
	.bss: load addr=2000a768, load size=00000008 bytes, run addr=20017838, run size=00000004 bytes, compression=zero_init


LINKER GENERATED HANDLER TABLE

__TI_handler_table @ 2000a758 records: 3, size/record: 4, table size: 12
	index: 0, handler: __TI_decompress_lzss
	index: 1, handler: __TI_decompress_none
	index: 2, handler: __TI_zero_init


GLOBAL SYMBOLS: SORTED ALPHABETICALLY BY Name 

address   name                          
-------   ----                          
20006895  Adafruit_Init                 
20009a77  C$$EXIT                       
20009995  CPUcpsie                      
200071c1  ClearTerm                     
20006a0b  Color565                      
2000485d  DisplayBuffer                 
20004401  DisplayPrompt                 
2000440b  DisplayUsage                  
200071cb  Error                         
20009449  GPIODirModeSet                
200096ed  GPIOPinWrite                  
20007203  GetCmd                        
200099e5  I2CMasterControl              
20009a1b  I2CMasterDataGet              
20009911  I2CMasterDataPut              
20009927  I2CMasterEnable               
2000953f  I2CMasterErr                  
20008c99  I2CMasterInitExpClk           
2000993d  I2CMasterIntClear             
20009869  I2CMasterIntEnableEx          
2000974d  I2CMasterIntStatusEx          
200096a9  I2CMasterSlaveAddrSet         
200099f7  I2CMasterTimeoutSet           
2000716b  I2C_IF_Close                  
2000710f  I2C_IF_Open                   
2000700d  I2C_IF_Read                   
200070c9  I2C_IF_ReadFrom               
20006f5d  I2C_IF_Write                  
20007181  InitTerm                      
20008761  IntEnable                     
20009a51  IntMasterEnable               
200099a9  IntVTableBaseSet              
2000719f  Message                       
20005cdf  Outstr                        
200079e9  PRCMCC3200MCUInit             
20009953  PRCMHIBRegRead                
20009969  PRCMHIBRegWrite               
200095c5  PRCMPeripheralClkDisable      
2000939d  PRCMPeripheralClkEnable       
200089dd  PRCMPeripheralClockGet        
20009071  PRCMPeripheralReset           
2000956d  PRCMSysResetCauseGet          
20004cff  ParseNProcessCmd              
20008b05  PinConfigSet                  
2000929d  PinModeSet                    
20007ef5  PinMuxConfig                  
2000947f  PinTypeGPIO                   
200097a7  PinTypeI2C                    
20009835  PinTypeSPI                    
2000984f  PinTypeUART                   
200048e3  ProcessReadCommand            
200049c3  ProcessReadRegCommand         
20004c19  ProcessWriteCommand           
20004afd  ProcessWriteRegCommand        
20007341  Report                        
20009a37  ResetISR                      
20009881  SPICSDisable                  
20009899  SPICSEnable                   
20008809  SPIConfigSetExpClk            
2000970d  SPIDataGet                    
2000976b  SPIDataPut                    
200098b1  SPIEnable                     
200096cb  SPIReset                      
200072a9  TrimSpace                     
200097c3  UARTCharGetNonBlocking        
20009789  UARTCharPut                   
200098c9  UARTCharsAvail                
20008d97  UARTConfigSetExpClk           
200094b1  UARTDisable                   
2000963d  UARTEnable                    
20009a6d  UtilsDelay                    
20030000  __STACK_END                   
00000800  __STACK_SIZE                  
00000800  __SYSMEM_SIZE                 
2000a770  __TI_CINIT_Base               
2000a780  __TI_CINIT_Limit              
2000a758  __TI_Handler_Table_Base       
2000a764  __TI_Handler_Table_Limit      
20009259  __TI_auto_init_nobinit_nopinit
20008eeb  __TI_decompress_lzss          
20009a29  __TI_decompress_none          
2000911f  __TI_ltoa                     
ffffffff  __TI_pprof_out_hndl           
20005db5  __TI_printfi                  
ffffffff  __TI_prof_data_size           
ffffffff  __TI_prof_data_start          
2000a738  __TI_static_base__            
200097df  __TI_zero_init_nomemset       
20008b8d  __aeabi_cdcmpeq               
20008b8d  __aeabi_cdcmple               
20008c13  __aeabi_cdrcmple              
20008f53  __aeabi_cfcmpeq               
20008f53  __aeabi_cfcmple               
20008fb3  __aeabi_cfrcmple              
20009211  __aeabi_d2iz                  
2000783b  __aeabi_dadd                  
20007c9d  __aeabi_ddiv                  
2000821d  __aeabi_dmul                  
20007831  __aeabi_dsub                  
20009a5d  __aeabi_errno_addr            
200093d9  __aeabi_f2iz                  
2000831d  __aeabi_fadd                  
20008a71  __aeabi_fdiv                  
20008319  __aeabi_fsub                  
20009511  __aeabi_i2d                   
20009411  __aeabi_i2f                   
200079e7  __aeabi_idiv0                 
200079e7  __aeabi_ldiv0                 
20008d1d  __aeabi_memclr                
20008d1d  __aeabi_memclr4               
20008d1d  __aeabi_memclr8               
200088a9  __aeabi_memcpy                
200088a9  __aeabi_memcpy4               
200088a9  __aeabi_memcpy8               
20008d1f  __aeabi_memset                
20008d1f  __aeabi_memset4               
20008d1f  __aeabi_memset8               
2000972d  __aeabi_ui2d                  
20008945  __aeabi_uldivmod              
ffffffff  __binit__                     
ffffffff  __c_args__                    
UNDEFED   __mpu_init                    
2002f800  __stack                       
20017000  __start___llvm_prf_cnts       
20017000  __stop___llvm_prf_cnts        
20009661  _c_int00_noargs               
2000a472  _ctypes_                      
20017818  _lock                         
20006803  _nop                          
20017000  _sys_memory                   
UNDEFED   _system_post_cinit            
20009a73  _system_pre_init              
2001781c  _unlock                       
20009a77  abort                         
20017828  accelerometerX                
2001782c  accelerometerY                
2000811d  aligned_alloc                 
200091c5  atoi                          
ffffffff  binit                         
20004e49  calcAcceleration              
20004d91  calcVelocity                  
20009a45  copysign                      
20009a45  copysignl                     
20017800  cursor_x                      
20017804  cursor_y                      
20005b93  drawChar                      
20005335  drawCircle                    
20005469  drawCircleHelper              
20006e0d  drawEightHBands               
20006e6d  drawEightVBands               
20006bb5  drawFastHLine                 
20006b19  drawFastVLine                 
200056af  drawLine                      
20006c51  drawPixel                     
2000579b  drawRect                      
200057e9  drawRoundRect                 
20005951  drawTriangle                  
20017830  errno                         
20005587  fillCircle                    
200055c1  fillCircleHelper              
20006a63  fillRect                      
200058d7  fillRoundRect                 
20006a4d  fillScreen                    
20005993  fillTriangle                  
20008415  free                          
20009015  frexp                         
20009015  frexpl                        
20004000  g_pfnVectors                  
200069c7  goTo                          
20005d93  height                        
20006c8f  invert                        
200085dd  ldexp                         
200085dd  ldexpl                        
20004f31  main                          
20009a65  malloc                        
20004ea7  max                           
2000811d  memalign                      
20009819  memccpy                       
200088a9  memcpy                        
20009615  memmove                       
20008d25  memset                        
20004e8d  min                           
20006cab  printCharacterSet             
20006d41  printStringInCenterOfScreen   
200084f9  realloc                       
200085dd  scalbn                        
200085dd  scalbnl                       
20005d2b  setCursor                     
20005d63  setTextColor                  
20005d43  setTextSize                   
20005d7b  setTextWrap                   
2000997f  strchr                        
200098f9  strcmp                        
200099bd  strcpy                        
20009685  strcspn                       
200099d1  strlen                        
20009599  strspn                        
200092dd  strtok                        
2000800d  strtoul                       
20017810  textbgcolor                   
2001780c  textcolor                     
20017808  textsize                      
20004969  updateAccelerometerAxis       
2000931d  vsnprintf                     
20009a09  wcslen                        
20005d8f  width                         
20017814  wrap                          
20006805  writeCommand                  
2000684d  writeData                     


GLOBAL SYMBOLS: SORTED BY Symbol Address 

address   name                          
-------   ----                          
00000800  __STACK_SIZE                  
00000800  __SYSMEM_SIZE                 
20004000  g_pfnVectors                  
20004401  DisplayPrompt                 
2000440b  DisplayUsage                  
2000485d  DisplayBuffer                 
200048e3  ProcessReadCommand            
20004969  updateAccelerometerAxis       
200049c3  ProcessReadRegCommand         
20004afd  ProcessWriteRegCommand        
20004c19  ProcessWriteCommand           
20004cff  ParseNProcessCmd              
20004d91  calcVelocity                  
20004e49  calcAcceleration              
20004e8d  min                           
20004ea7  max                           
20004f31  main                          
20005335  drawCircle                    
20005469  drawCircleHelper              
20005587  fillCircle                    
200055c1  fillCircleHelper              
200056af  drawLine                      
2000579b  drawRect                      
200057e9  drawRoundRect                 
200058d7  fillRoundRect                 
20005951  drawTriangle                  
20005993  fillTriangle                  
20005b93  drawChar                      
20005cdf  Outstr                        
20005d2b  setCursor                     
20005d43  setTextSize                   
20005d63  setTextColor                  
20005d7b  setTextWrap                   
20005d8f  width                         
20005d93  height                        
20005db5  __TI_printfi                  
20006803  _nop                          
20006805  writeCommand                  
2000684d  writeData                     
20006895  Adafruit_Init                 
200069c7  goTo                          
20006a0b  Color565                      
20006a4d  fillScreen                    
20006a63  fillRect                      
20006b19  drawFastVLine                 
20006bb5  drawFastHLine                 
20006c51  drawPixel                     
20006c8f  invert                        
20006cab  printCharacterSet             
20006d41  printStringInCenterOfScreen   
20006e0d  drawEightHBands               
20006e6d  drawEightVBands               
20006f5d  I2C_IF_Write                  
2000700d  I2C_IF_Read                   
200070c9  I2C_IF_ReadFrom               
2000710f  I2C_IF_Open                   
2000716b  I2C_IF_Close                  
20007181  InitTerm                      
2000719f  Message                       
200071c1  ClearTerm                     
200071cb  Error                         
20007203  GetCmd                        
200072a9  TrimSpace                     
20007341  Report                        
20007831  __aeabi_dsub                  
2000783b  __aeabi_dadd                  
200079e7  __aeabi_idiv0                 
200079e7  __aeabi_ldiv0                 
200079e9  PRCMCC3200MCUInit             
20007c9d  __aeabi_ddiv                  
20007ef5  PinMuxConfig                  
2000800d  strtoul                       
2000811d  aligned_alloc                 
2000811d  memalign                      
2000821d  __aeabi_dmul                  
20008319  __aeabi_fsub                  
2000831d  __aeabi_fadd                  
20008415  free                          
200084f9  realloc                       
200085dd  ldexp                         
200085dd  ldexpl                        
200085dd  scalbn                        
200085dd  scalbnl                       
20008761  IntEnable                     
20008809  SPIConfigSetExpClk            
200088a9  __aeabi_memcpy                
200088a9  __aeabi_memcpy4               
200088a9  __aeabi_memcpy8               
200088a9  memcpy                        
20008945  __aeabi_uldivmod              
200089dd  PRCMPeripheralClockGet        
20008a71  __aeabi_fdiv                  
20008b05  PinConfigSet                  
20008b8d  __aeabi_cdcmpeq               
20008b8d  __aeabi_cdcmple               
20008c13  __aeabi_cdrcmple              
20008c99  I2CMasterInitExpClk           
20008d1d  __aeabi_memclr                
20008d1d  __aeabi_memclr4               
20008d1d  __aeabi_memclr8               
20008d1f  __aeabi_memset                
20008d1f  __aeabi_memset4               
20008d1f  __aeabi_memset8               
20008d25  memset                        
20008d97  UARTConfigSetExpClk           
20008eeb  __TI_decompress_lzss          
20008f53  __aeabi_cfcmpeq               
20008f53  __aeabi_cfcmple               
20008fb3  __aeabi_cfrcmple              
20009015  frexp                         
20009015  frexpl                        
20009071  PRCMPeripheralReset           
2000911f  __TI_ltoa                     
200091c5  atoi                          
20009211  __aeabi_d2iz                  
20009259  __TI_auto_init_nobinit_nopinit
2000929d  PinModeSet                    
200092dd  strtok                        
2000931d  vsnprintf                     
2000939d  PRCMPeripheralClkEnable       
200093d9  __aeabi_f2iz                  
20009411  __aeabi_i2f                   
20009449  GPIODirModeSet                
2000947f  PinTypeGPIO                   
200094b1  UARTDisable                   
20009511  __aeabi_i2d                   
2000953f  I2CMasterErr                  
2000956d  PRCMSysResetCauseGet          
20009599  strspn                        
200095c5  PRCMPeripheralClkDisable      
20009615  memmove                       
2000963d  UARTEnable                    
20009661  _c_int00_noargs               
20009685  strcspn                       
200096a9  I2CMasterSlaveAddrSet         
200096cb  SPIReset                      
200096ed  GPIOPinWrite                  
2000970d  SPIDataGet                    
2000972d  __aeabi_ui2d                  
2000974d  I2CMasterIntStatusEx          
2000976b  SPIDataPut                    
20009789  UARTCharPut                   
200097a7  PinTypeI2C                    
200097c3  UARTCharGetNonBlocking        
200097df  __TI_zero_init_nomemset       
20009819  memccpy                       
20009835  PinTypeSPI                    
2000984f  PinTypeUART                   
20009869  I2CMasterIntEnableEx          
20009881  SPICSDisable                  
20009899  SPICSEnable                   
200098b1  SPIEnable                     
200098c9  UARTCharsAvail                
200098f9  strcmp                        
20009911  I2CMasterDataPut              
20009927  I2CMasterEnable               
2000993d  I2CMasterIntClear             
20009953  PRCMHIBRegRead                
20009969  PRCMHIBRegWrite               
2000997f  strchr                        
20009995  CPUcpsie                      
200099a9  IntVTableBaseSet              
200099bd  strcpy                        
200099d1  strlen                        
200099e5  I2CMasterControl              
200099f7  I2CMasterTimeoutSet           
20009a09  wcslen                        
20009a1b  I2CMasterDataGet              
20009a29  __TI_decompress_none          
20009a37  ResetISR                      
20009a45  copysign                      
20009a45  copysignl                     
20009a51  IntMasterEnable               
20009a5d  __aeabi_errno_addr            
20009a65  malloc                        
20009a6d  UtilsDelay                    
20009a73  _system_pre_init              
20009a77  C$$EXIT                       
20009a77  abort                         
2000a472  _ctypes_                      
2000a738  __TI_static_base__            
2000a758  __TI_Handler_Table_Base       
2000a764  __TI_Handler_Table_Limit      
2000a770  __TI_CINIT_Base               
2000a780  __TI_CINIT_Limit              
20017000  __start___llvm_prf_cnts       
20017000  __stop___llvm_prf_cnts        
20017000  _sys_memory                   
20017800  cursor_x                      
20017804  cursor_y                      
20017808  textsize                      
2001780c  textcolor                     
20017810  textbgcolor                   
20017814  wrap                          
20017818  _lock                         
2001781c  _unlock                       
20017828  accelerometerX                
2001782c  accelerometerY                
20017830  errno                         
2002f800  __stack                       
20030000  __STACK_END                   
ffffffff  __TI_pprof_out_hndl           
ffffffff  __TI_prof_data_size           
ffffffff  __TI_prof_data_start          
ffffffff  __binit__                     
ffffffff  __c_args__                    
ffffffff  binit                         
UNDEFED   __mpu_init                    
UNDEFED   _system_post_cinit            

[209 symbols]
