<?xml version="1.0" encoding="ISO-8859-1" ?>
<link_info>
   <banner>TI ARM Linker PC v20.2.5.LTS</banner>
   <copyright>Copyright (c) 1996-2018 Texas Instruments Incorporated</copyright>
   <link_time>0x60933daf</link_time>
   <link_errors>0x0</link_errors>
   <output_file>EEC172_lab3.out</output_file>
   <entry_point>
      <name>_c_int00_noargs</name>
      <address>0x20009661</address>
   </entry_point>
   <input_file_list>
      <input_file id="fl-2">
         <path>.\</path>
         <kind>object</kind>
         <file>Adafruit_GFX.obj</file>
         <name>Adafruit_GFX.obj</name>
      </input_file>
      <input_file id="fl-3">
         <path>.\</path>
         <kind>object</kind>
         <file>Adafruit_OLED.obj</file>
         <name>Adafruit_OLED.obj</name>
      </input_file>
      <input_file id="fl-4">
         <path>.\</path>
         <kind>object</kind>
         <file>i2c_if.obj</file>
         <name>i2c_if.obj</name>
      </input_file>
      <input_file id="fl-5">
         <path>.\</path>
         <kind>object</kind>
         <file>main.obj</file>
         <name>main.obj</name>
      </input_file>
      <input_file id="fl-6">
         <path>.\</path>
         <kind>object</kind>
         <file>pin_mux_config.obj</file>
         <name>pin_mux_config.obj</name>
      </input_file>
      <input_file id="fl-7">
         <path>.\</path>
         <kind>object</kind>
         <file>startup_ccs.obj</file>
         <name>startup_ccs.obj</name>
      </input_file>
      <input_file id="fl-8">
         <path>.\</path>
         <kind>object</kind>
         <file>uart_if.obj</file>
         <name>uart_if.obj</name>
      </input_file>
      <input_file id="fl-d">
         <kind>object</kind>
         <file>&lt;internal&gt;</file>
         <name>&lt;internal&gt;</name>
      </input_file>
      <input_file id="fl-e">
         <path>C:\ti\CC3200SDK_1.5.0\cc3200-sdk\driverlib\ccs\Release\</path>
         <kind>archive</kind>
         <file>driverlib.a</file>
         <name>gpio.obj</name>
      </input_file>
      <input_file id="fl-f">
         <path>C:\ti\CC3200SDK_1.5.0\cc3200-sdk\driverlib\ccs\Release\</path>
         <kind>archive</kind>
         <file>driverlib.a</file>
         <name>i2c.obj</name>
      </input_file>
      <input_file id="fl-10">
         <path>C:\ti\CC3200SDK_1.5.0\cc3200-sdk\driverlib\ccs\Release\</path>
         <kind>archive</kind>
         <file>driverlib.a</file>
         <name>interrupt.obj</name>
      </input_file>
      <input_file id="fl-11">
         <path>C:\ti\CC3200SDK_1.5.0\cc3200-sdk\driverlib\ccs\Release\</path>
         <kind>archive</kind>
         <file>driverlib.a</file>
         <name>pin.obj</name>
      </input_file>
      <input_file id="fl-12">
         <path>C:\ti\CC3200SDK_1.5.0\cc3200-sdk\driverlib\ccs\Release\</path>
         <kind>archive</kind>
         <file>driverlib.a</file>
         <name>prcm.obj</name>
      </input_file>
      <input_file id="fl-13">
         <path>C:\ti\CC3200SDK_1.5.0\cc3200-sdk\driverlib\ccs\Release\</path>
         <kind>archive</kind>
         <file>driverlib.a</file>
         <name>spi.obj</name>
      </input_file>
      <input_file id="fl-14">
         <path>C:\ti\CC3200SDK_1.5.0\cc3200-sdk\driverlib\ccs\Release\</path>
         <kind>archive</kind>
         <file>driverlib.a</file>
         <name>uart.obj</name>
      </input_file>
      <input_file id="fl-15">
         <path>C:\ti\CC3200SDK_1.5.0\cc3200-sdk\driverlib\ccs\Release\</path>
         <kind>archive</kind>
         <file>driverlib.a</file>
         <name>utils.obj</name>
      </input_file>
      <input_file id="fl-16">
         <path>C:\ti\CC3200SDK_1.5.0\cc3200-sdk\driverlib\ccs\Release\</path>
         <kind>archive</kind>
         <file>driverlib.a</file>
         <name>cpu.obj</name>
      </input_file>
      <input_file id="fl-17">
         <path>C:\ti\CC3200SDK_1.5.0\cc3200-sdk\driverlib\ccs\Release\</path>
         <kind>archive</kind>
         <file>driverlib.a</file>
         <name>flash.obj</name>
      </input_file>
      <input_file id="fl-cd">
         <path>C:\ti\ccs1020\ccs\tools\compiler\ti-cgt-arm_20.2.5.LTS\lib\</path>
         <kind>archive</kind>
         <file>rtsv7M4_T_le_eabi.lib</file>
         <name>vsnprintf.c.obj</name>
      </input_file>
      <input_file id="fl-ce">
         <path>C:\ti\ccs1020\ccs\tools\compiler\ti-cgt-arm_20.2.5.LTS\lib\</path>
         <kind>archive</kind>
         <file>rtsv7M4_T_le_eabi.lib</file>
         <name>fd_div_t2.asm.obj</name>
      </input_file>
      <input_file id="fl-cf">
         <path>C:\ti\ccs1020\ccs\tools\compiler\ti-cgt-arm_20.2.5.LTS\lib\</path>
         <kind>archive</kind>
         <file>rtsv7M4_T_le_eabi.lib</file>
         <name>fd_mul_t2.asm.obj</name>
      </input_file>
      <input_file id="fl-d0">
         <path>C:\ti\ccs1020\ccs\tools\compiler\ti-cgt-arm_20.2.5.LTS\lib\</path>
         <kind>archive</kind>
         <file>rtsv7M4_T_le_eabi.lib</file>
         <name>fd_toi_t2.asm.obj</name>
      </input_file>
      <input_file id="fl-d1">
         <path>C:\ti\ccs1020\ccs\tools\compiler\ti-cgt-arm_20.2.5.LTS\lib\</path>
         <kind>archive</kind>
         <file>rtsv7M4_T_le_eabi.lib</file>
         <name>fs_add_t2.asm.obj</name>
      </input_file>
      <input_file id="fl-d2">
         <path>C:\ti\ccs1020\ccs\tools\compiler\ti-cgt-arm_20.2.5.LTS\lib\</path>
         <kind>archive</kind>
         <file>rtsv7M4_T_le_eabi.lib</file>
         <name>fs_cmp_t2.asm.obj</name>
      </input_file>
      <input_file id="fl-d3">
         <path>C:\ti\ccs1020\ccs\tools\compiler\ti-cgt-arm_20.2.5.LTS\lib\</path>
         <kind>archive</kind>
         <file>rtsv7M4_T_le_eabi.lib</file>
         <name>fs_div_t2.asm.obj</name>
      </input_file>
      <input_file id="fl-d4">
         <path>C:\ti\ccs1020\ccs\tools\compiler\ti-cgt-arm_20.2.5.LTS\lib\</path>
         <kind>archive</kind>
         <file>rtsv7M4_T_le_eabi.lib</file>
         <name>fs_toi_t2.asm.obj</name>
      </input_file>
      <input_file id="fl-d5">
         <path>C:\ti\ccs1020\ccs\tools\compiler\ti-cgt-arm_20.2.5.LTS\lib\</path>
         <kind>archive</kind>
         <file>rtsv7M4_T_le_eabi.lib</file>
         <name>i_tofs_t2.asm.obj</name>
      </input_file>
      <input_file id="fl-d6">
         <path>C:\ti\ccs1020\ccs\tools\compiler\ti-cgt-arm_20.2.5.LTS\lib\</path>
         <kind>archive</kind>
         <file>rtsv7M4_T_le_eabi.lib</file>
         <name>memcpy_t2.asm.obj</name>
      </input_file>
      <input_file id="fl-d7">
         <path>C:\ti\ccs1020\ccs\tools\compiler\ti-cgt-arm_20.2.5.LTS\lib\</path>
         <kind>archive</kind>
         <file>rtsv7M4_T_le_eabi.lib</file>
         <name>u_tofd_t2.asm.obj</name>
      </input_file>
      <input_file id="fl-d8">
         <path>C:\ti\ccs1020\ccs\tools\compiler\ti-cgt-arm_20.2.5.LTS\lib\</path>
         <kind>archive</kind>
         <file>rtsv7M4_T_le_eabi.lib</file>
         <name>ull_div_t2.asm.obj</name>
      </input_file>
      <input_file id="fl-d9">
         <path>C:\ti\ccs1020\ccs\tools\compiler\ti-cgt-arm_20.2.5.LTS\lib\</path>
         <kind>archive</kind>
         <file>rtsv7M4_T_le_eabi.lib</file>
         <name>copy_zero_init.c.obj</name>
      </input_file>
      <input_file id="fl-da">
         <path>C:\ti\ccs1020\ccs\tools\compiler\ti-cgt-arm_20.2.5.LTS\lib\</path>
         <kind>archive</kind>
         <file>rtsv7M4_T_le_eabi.lib</file>
         <name>copy_decompress_none.c.obj</name>
      </input_file>
      <input_file id="fl-db">
         <path>C:\ti\ccs1020\ccs\tools\compiler\ti-cgt-arm_20.2.5.LTS\lib\</path>
         <kind>archive</kind>
         <file>rtsv7M4_T_le_eabi.lib</file>
         <name>copy_decompress_lzss.c.obj</name>
      </input_file>
      <input_file id="fl-dc">
         <path>C:\ti\ccs1020\ccs\tools\compiler\ti-cgt-arm_20.2.5.LTS\lib\</path>
         <kind>archive</kind>
         <file>rtsv7M4_T_le_eabi.lib</file>
         <name>memmov.c.obj</name>
      </input_file>
      <input_file id="fl-dd">
         <path>C:\ti\ccs1020\ccs\tools\compiler\ti-cgt-arm_20.2.5.LTS\lib\</path>
         <kind>archive</kind>
         <file>rtsv7M4_T_le_eabi.lib</file>
         <name>memory.c.obj</name>
      </input_file>
      <input_file id="fl-de">
         <path>C:\ti\ccs1020\ccs\tools\compiler\ti-cgt-arm_20.2.5.LTS\lib\</path>
         <kind>archive</kind>
         <file>rtsv7M4_T_le_eabi.lib</file>
         <name>strcmp.c.obj</name>
      </input_file>
      <input_file id="fl-df">
         <path>C:\ti\ccs1020\ccs\tools\compiler\ti-cgt-arm_20.2.5.LTS\lib\</path>
         <kind>archive</kind>
         <file>rtsv7M4_T_le_eabi.lib</file>
         <name>strcpy.c.obj</name>
      </input_file>
      <input_file id="fl-e0">
         <path>C:\ti\ccs1020\ccs\tools\compiler\ti-cgt-arm_20.2.5.LTS\lib\</path>
         <kind>archive</kind>
         <file>rtsv7M4_T_le_eabi.lib</file>
         <name>strlen.c.obj</name>
      </input_file>
      <input_file id="fl-e1">
         <path>C:\ti\ccs1020\ccs\tools\compiler\ti-cgt-arm_20.2.5.LTS\lib\</path>
         <kind>archive</kind>
         <file>rtsv7M4_T_le_eabi.lib</file>
         <name>strtok.c.obj</name>
      </input_file>
      <input_file id="fl-e2">
         <path>C:\ti\ccs1020\ccs\tools\compiler\ti-cgt-arm_20.2.5.LTS\lib\</path>
         <kind>archive</kind>
         <file>rtsv7M4_T_le_eabi.lib</file>
         <name>strtoul.c.obj</name>
      </input_file>
      <input_file id="fl-e3">
         <path>C:\ti\ccs1020\ccs\tools\compiler\ti-cgt-arm_20.2.5.LTS\lib\</path>
         <kind>archive</kind>
         <file>rtsv7M4_T_le_eabi.lib</file>
         <name>errno.c.obj</name>
      </input_file>
      <input_file id="fl-e4">
         <path>C:\ti\ccs1020\ccs\tools\compiler\ti-cgt-arm_20.2.5.LTS\lib\</path>
         <kind>archive</kind>
         <file>rtsv7M4_T_le_eabi.lib</file>
         <name>boot_cortex_m.c.obj</name>
      </input_file>
      <input_file id="fl-e5">
         <path>C:\ti\ccs1020\ccs\tools\compiler\ti-cgt-arm_20.2.5.LTS\lib\</path>
         <kind>archive</kind>
         <file>rtsv7M4_T_le_eabi.lib</file>
         <name>_printfi.c.obj</name>
      </input_file>
      <input_file id="fl-e6">
         <path>C:\ti\ccs1020\ccs\tools\compiler\ti-cgt-arm_20.2.5.LTS\lib\</path>
         <kind>archive</kind>
         <file>rtsv7M4_T_le_eabi.lib</file>
         <name>s_frexp.c.obj</name>
      </input_file>
      <input_file id="fl-e7">
         <path>C:\ti\ccs1020\ccs\tools\compiler\ti-cgt-arm_20.2.5.LTS\lib\</path>
         <kind>archive</kind>
         <file>rtsv7M4_T_le_eabi.lib</file>
         <name>s_scalbn.c.obj</name>
      </input_file>
      <input_file id="fl-e8">
         <path>C:\ti\ccs1020\ccs\tools\compiler\ti-cgt-arm_20.2.5.LTS\lib\</path>
         <kind>archive</kind>
         <file>rtsv7M4_T_le_eabi.lib</file>
         <name>wcslen.c.obj</name>
      </input_file>
      <input_file id="fl-e9">
         <path>C:\ti\ccs1020\ccs\tools\compiler\ti-cgt-arm_20.2.5.LTS\lib\</path>
         <kind>archive</kind>
         <file>rtsv7M4_T_le_eabi.lib</file>
         <name>div0.asm.obj</name>
      </input_file>
      <input_file id="fl-ea">
         <path>C:\ti\ccs1020\ccs\tools\compiler\ti-cgt-arm_20.2.5.LTS\lib\</path>
         <kind>archive</kind>
         <file>rtsv7M4_T_le_eabi.lib</file>
         <name>fd_add_t2.asm.obj</name>
      </input_file>
      <input_file id="fl-eb">
         <path>C:\ti\ccs1020\ccs\tools\compiler\ti-cgt-arm_20.2.5.LTS\lib\</path>
         <kind>archive</kind>
         <file>rtsv7M4_T_le_eabi.lib</file>
         <name>fd_cmp_t2.asm.obj</name>
      </input_file>
      <input_file id="fl-ec">
         <path>C:\ti\ccs1020\ccs\tools\compiler\ti-cgt-arm_20.2.5.LTS\lib\</path>
         <kind>archive</kind>
         <file>rtsv7M4_T_le_eabi.lib</file>
         <name>i_tofd_t2.asm.obj</name>
      </input_file>
      <input_file id="fl-ed">
         <path>C:\ti\ccs1020\ccs\tools\compiler\ti-cgt-arm_20.2.5.LTS\lib\</path>
         <kind>archive</kind>
         <file>rtsv7M4_T_le_eabi.lib</file>
         <name>memset_t2.asm.obj</name>
      </input_file>
      <input_file id="fl-ee">
         <path>C:\ti\ccs1020\ccs\tools\compiler\ti-cgt-arm_20.2.5.LTS\lib\</path>
         <kind>archive</kind>
         <file>rtsv7M4_T_le_eabi.lib</file>
         <name>autoinit.c.obj</name>
      </input_file>
      <input_file id="fl-ef">
         <path>C:\ti\ccs1020\ccs\tools\compiler\ti-cgt-arm_20.2.5.LTS\lib\</path>
         <kind>archive</kind>
         <file>rtsv7M4_T_le_eabi.lib</file>
         <name>pre_init.c.obj</name>
      </input_file>
      <input_file id="fl-f0">
         <path>C:\ti\ccs1020\ccs\tools\compiler\ti-cgt-arm_20.2.5.LTS\lib\</path>
         <kind>archive</kind>
         <file>rtsv7M4_T_le_eabi.lib</file>
         <name>cpy_tbl.c.obj</name>
      </input_file>
      <input_file id="fl-f1">
         <path>C:\ti\ccs1020\ccs\tools\compiler\ti-cgt-arm_20.2.5.LTS\lib\</path>
         <kind>archive</kind>
         <file>rtsv7M4_T_le_eabi.lib</file>
         <name>exit.c.obj</name>
      </input_file>
      <input_file id="fl-f2">
         <path>C:\ti\ccs1020\ccs\tools\compiler\ti-cgt-arm_20.2.5.LTS\lib\</path>
         <kind>archive</kind>
         <file>rtsv7M4_T_le_eabi.lib</file>
         <name>_lock.c.obj</name>
      </input_file>
      <input_file id="fl-f3">
         <path>C:\ti\ccs1020\ccs\tools\compiler\ti-cgt-arm_20.2.5.LTS\lib\</path>
         <kind>archive</kind>
         <file>rtsv7M4_T_le_eabi.lib</file>
         <name>_ltoa.c.obj</name>
      </input_file>
      <input_file id="fl-f4">
         <path>C:\ti\ccs1020\ccs\tools\compiler\ti-cgt-arm_20.2.5.LTS\lib\</path>
         <kind>archive</kind>
         <file>rtsv7M4_T_le_eabi.lib</file>
         <name>args_main.c.obj</name>
      </input_file>
      <input_file id="fl-f5">
         <path>C:\ti\ccs1020\ccs\tools\compiler\ti-cgt-arm_20.2.5.LTS\lib\</path>
         <kind>archive</kind>
         <file>rtsv7M4_T_le_eabi.lib</file>
         <name>atoi.c.obj</name>
      </input_file>
      <input_file id="fl-f6">
         <path>C:\ti\ccs1020\ccs\tools\compiler\ti-cgt-arm_20.2.5.LTS\lib\</path>
         <kind>archive</kind>
         <file>rtsv7M4_T_le_eabi.lib</file>
         <name>ctype.c.obj</name>
      </input_file>
      <input_file id="fl-f7">
         <path>C:\ti\ccs1020\ccs\tools\compiler\ti-cgt-arm_20.2.5.LTS\lib\</path>
         <kind>archive</kind>
         <file>rtsv7M4_T_le_eabi.lib</file>
         <name>memccpy.c.obj</name>
      </input_file>
      <input_file id="fl-f8">
         <path>C:\ti\ccs1020\ccs\tools\compiler\ti-cgt-arm_20.2.5.LTS\lib\</path>
         <kind>archive</kind>
         <file>rtsv7M4_T_le_eabi.lib</file>
         <name>strchr.c.obj</name>
      </input_file>
      <input_file id="fl-f9">
         <path>C:\ti\ccs1020\ccs\tools\compiler\ti-cgt-arm_20.2.5.LTS\lib\</path>
         <kind>archive</kind>
         <file>rtsv7M4_T_le_eabi.lib</file>
         <name>strcspn.c.obj</name>
      </input_file>
      <input_file id="fl-fa">
         <path>C:\ti\ccs1020\ccs\tools\compiler\ti-cgt-arm_20.2.5.LTS\lib\</path>
         <kind>archive</kind>
         <file>rtsv7M4_T_le_eabi.lib</file>
         <name>strspn.c.obj</name>
      </input_file>
      <input_file id="fl-fb">
         <path>C:\ti\ccs1020\ccs\tools\compiler\ti-cgt-arm_20.2.5.LTS\lib\</path>
         <kind>archive</kind>
         <file>rtsv7M4_T_le_eabi.lib</file>
         <name>s_copysign.c.obj</name>
      </input_file>
   </input_file_list>
   <object_component_list>
      <object_component id="oc-12">
         <name>.intvecs</name>
         <load_address>0x20004000</load_address>
         <run_address>0x20004000</run_address>
         <size>0x400</size>
         <input_file_ref idref="fl-7"/>
      </object_component>
      <object_component id="oc-97">
         <name>.text</name>
         <load_address>0x20004400</load_address>
         <run_address>0x20004400</run_address>
         <size>0xf34</size>
         <input_file_ref idref="fl-5"/>
      </object_component>
      <object_component id="oc-128">
         <name>.text</name>
         <load_address>0x20005334</load_address>
         <run_address>0x20005334</run_address>
         <size>0xa80</size>
         <input_file_ref idref="fl-2"/>
      </object_component>
      <object_component id="oc-325">
         <name>.text:__TI_printfi</name>
         <load_address>0x20005db4</load_address>
         <run_address>0x20005db4</run_address>
         <size>0xa4e</size>
         <input_file_ref idref="fl-e5"/>
      </object_component>
      <object_component id="oc-3cb">
         <name>.text:_nop</name>
         <load_address>0x20006802</load_address>
         <run_address>0x20006802</run_address>
         <size>0x2</size>
         <input_file_ref idref="fl-f2"/>
      </object_component>
      <object_component id="oc-122">
         <name>.text</name>
         <load_address>0x20006804</load_address>
         <run_address>0x20006804</run_address>
         <size>0x6dc</size>
         <input_file_ref idref="fl-3"/>
      </object_component>
      <object_component id="oc-d7">
         <name>.text</name>
         <load_address>0x20006ee0</load_address>
         <run_address>0x20006ee0</run_address>
         <size>0x2a0</size>
         <input_file_ref idref="fl-4"/>
      </object_component>
      <object_component id="oc-c5">
         <name>.text</name>
         <load_address>0x20007180</load_address>
         <run_address>0x20007180</run_address>
         <size>0x27c</size>
         <input_file_ref idref="fl-8"/>
      </object_component>
      <object_component id="oc-40f">
         <name>.text:_pconv_a</name>
         <load_address>0x200073fc</load_address>
         <run_address>0x200073fc</run_address>
         <size>0x268</size>
         <input_file_ref idref="fl-e5"/>
      </object_component>
      <object_component id="oc-3fd">
         <name>.text:_pconv_g</name>
         <load_address>0x20007664</load_address>
         <run_address>0x20007664</run_address>
         <size>0x1cc</size>
         <input_file_ref idref="fl-e5"/>
      </object_component>
      <object_component id="oc-482">
         <name>.text</name>
         <load_address>0x20007830</load_address>
         <run_address>0x20007830</run_address>
         <size>0x1b6</size>
         <input_file_ref idref="fl-ea"/>
      </object_component>
      <object_component id="oc-4d1">
         <name>.text</name>
         <load_address>0x200079e6</load_address>
         <run_address>0x200079e6</run_address>
         <size>0x2</size>
         <input_file_ref idref="fl-e9"/>
      </object_component>
      <object_component id="oc-f8">
         <name>.text:PRCMCC3200MCUInit</name>
         <load_address>0x200079e8</load_address>
         <run_address>0x200079e8</run_address>
         <size>0x178</size>
         <input_file_ref idref="fl-12"/>
      </object_component>
      <object_component id="oc-409">
         <name>.text:_pconv_e</name>
         <load_address>0x20007b60</load_address>
         <run_address>0x20007b60</run_address>
         <size>0x13c</size>
         <input_file_ref idref="fl-e5"/>
      </object_component>
      <object_component id="oc-2c7">
         <name>.text</name>
         <load_address>0x20007c9c</load_address>
         <run_address>0x20007c9c</run_address>
         <size>0x136</size>
         <input_file_ref idref="fl-ce"/>
      </object_component>
      <object_component id="oc-494">
         <name>.text:fcvt</name>
         <load_address>0x20007dd4</load_address>
         <run_address>0x20007dd4</run_address>
         <size>0x120</size>
         <input_file_ref idref="fl-e5"/>
      </object_component>
      <object_component id="oc-fe">
         <name>.text</name>
         <load_address>0x20007ef4</load_address>
         <run_address>0x20007ef4</run_address>
         <size>0x118</size>
         <input_file_ref idref="fl-6"/>
      </object_component>
      <object_component id="oc-d1">
         <name>.text:strtoul</name>
         <load_address>0x2000800c</load_address>
         <run_address>0x2000800c</run_address>
         <size>0x110</size>
         <input_file_ref idref="fl-e2"/>
      </object_component>
      <object_component id="oc-349">
         <name>.text:aligned_alloc</name>
         <load_address>0x2000811c</load_address>
         <run_address>0x2000811c</run_address>
         <size>0x100</size>
         <input_file_ref idref="fl-dd"/>
      </object_component>
      <object_component id="oc-2cc">
         <name>.text</name>
         <load_address>0x2000821c</load_address>
         <run_address>0x2000821c</run_address>
         <size>0xfc</size>
         <input_file_ref idref="fl-cf"/>
      </object_component>
      <object_component id="oc-139">
         <name>.text</name>
         <load_address>0x20008318</load_address>
         <run_address>0x20008318</run_address>
         <size>0xfa</size>
         <input_file_ref idref="fl-d1"/>
      </object_component>
      <object_component id="oc-1c9">
         <name>.text:free</name>
         <load_address>0x20008414</load_address>
         <run_address>0x20008414</run_address>
         <size>0xe4</size>
         <input_file_ref idref="fl-dd"/>
      </object_component>
      <object_component id="oc-1c3">
         <name>.text:realloc</name>
         <load_address>0x200084f8</load_address>
         <run_address>0x200084f8</run_address>
         <size>0xe4</size>
         <input_file_ref idref="fl-dd"/>
      </object_component>
      <object_component id="oc-4a8">
         <name>.text:scalbn</name>
         <load_address>0x200085dc</load_address>
         <run_address>0x200085dc</run_address>
         <size>0xd0</size>
         <input_file_ref idref="fl-e7"/>
      </object_component>
      <object_component id="oc-3f2">
         <name>.text:_ltostr</name>
         <load_address>0x200086ac</load_address>
         <run_address>0x200086ac</run_address>
         <size>0xb1</size>
         <input_file_ref idref="fl-e5"/>
      </object_component>
      <object_component id="oc-f2">
         <name>.text:IntEnable</name>
         <load_address>0x20008760</load_address>
         <run_address>0x20008760</run_address>
         <size>0xa8</size>
         <input_file_ref idref="fl-10"/>
      </object_component>
      <object_component id="oc-116">
         <name>.text:SPIConfigSetExpClk</name>
         <load_address>0x20008808</load_address>
         <run_address>0x20008808</run_address>
         <size>0xa0</size>
         <input_file_ref idref="fl-13"/>
      </object_component>
      <object_component id="oc-3d">
         <name>.text</name>
         <load_address>0x200088a8</load_address>
         <run_address>0x200088a8</run_address>
         <size>0x9c</size>
         <input_file_ref idref="fl-d6"/>
      </object_component>
      <object_component id="oc-46b">
         <name>.text</name>
         <load_address>0x20008944</load_address>
         <run_address>0x20008944</run_address>
         <size>0x96</size>
         <input_file_ref idref="fl-d8"/>
      </object_component>
      <object_component id="oc-110">
         <name>.text:PRCMPeripheralClockGet</name>
         <load_address>0x200089dc</load_address>
         <run_address>0x200089dc</run_address>
         <size>0x94</size>
         <input_file_ref idref="fl-12"/>
      </object_component>
      <object_component id="oc-14d">
         <name>.text</name>
         <load_address>0x20008a70</load_address>
         <run_address>0x20008a70</run_address>
         <size>0x92</size>
         <input_file_ref idref="fl-d3"/>
      </object_component>
      <object_component id="oc-3a6">
         <name>.text:PinConfigSet</name>
         <load_address>0x20008b04</load_address>
         <run_address>0x20008b04</run_address>
         <size>0x88</size>
         <input_file_ref idref="fl-11"/>
      </object_component>
      <object_component id="oc-3f8">
         <name>.text:__aeabi_cdcmple</name>
         <load_address>0x20008b8c</load_address>
         <run_address>0x20008b8c</run_address>
         <size>0x86</size>
         <input_file_ref idref="fl-eb"/>
      </object_component>
      <object_component id="oc-472">
         <name>.text:__aeabi_cdrcmple</name>
         <load_address>0x20008c12</load_address>
         <run_address>0x20008c12</run_address>
         <size>0x86</size>
         <input_file_ref idref="fl-eb"/>
      </object_component>
      <object_component id="oc-23c">
         <name>.text:I2CMasterInitExpClk</name>
         <load_address>0x20008c98</load_address>
         <run_address>0x20008c98</run_address>
         <size>0x84</size>
         <input_file_ref idref="fl-f"/>
      </object_component>
      <object_component id="oc-8b">
         <name>.text</name>
         <load_address>0x20008d1c</load_address>
         <run_address>0x20008d1c</run_address>
         <size>0x7a</size>
         <input_file_ref idref="fl-ed"/>
      </object_component>
      <object_component id="oc-193">
         <name>.text:UARTConfigSetExpClk</name>
         <load_address>0x20008d96</load_address>
         <run_address>0x20008d96</run_address>
         <size>0x76</size>
         <input_file_ref idref="fl-14"/>
      </object_component>
      <object_component id="oc-356">
         <name>.text:split</name>
         <load_address>0x20008e0c</load_address>
         <run_address>0x20008e0c</run_address>
         <size>0x70</size>
         <input_file_ref idref="fl-dd"/>
      </object_component>
      <object_component id="oc-48d">
         <name>.text:_mcpy</name>
         <load_address>0x20008e7c</load_address>
         <run_address>0x20008e7c</run_address>
         <size>0x6e</size>
         <input_file_ref idref="fl-e5"/>
      </object_component>
      <object_component id="oc-15">
         <name>.text:decompress:lzss:__TI_decompress_lzss</name>
         <load_address>0x20008eea</load_address>
         <run_address>0x20008eea</run_address>
         <size>0x68</size>
         <input_file_ref idref="fl-db"/>
      </object_component>
      <object_component id="oc-143">
         <name>.text:__aeabi_cfcmple</name>
         <load_address>0x20008f52</load_address>
         <run_address>0x20008f52</run_address>
         <size>0x60</size>
         <input_file_ref idref="fl-d2"/>
      </object_component>
      <object_component id="oc-13e">
         <name>.text:__aeabi_cfrcmple</name>
         <load_address>0x20008fb2</load_address>
         <run_address>0x20008fb2</run_address>
         <size>0x60</size>
         <input_file_ref idref="fl-d2"/>
      </object_component>
      <object_component id="oc-4a2">
         <name>.text:frexp</name>
         <load_address>0x20009014</load_address>
         <run_address>0x20009014</run_address>
         <size>0x5c</size>
         <input_file_ref idref="fl-e6"/>
      </object_component>
      <object_component id="oc-22a">
         <name>.text:PRCMPeripheralReset</name>
         <load_address>0x20009070</load_address>
         <run_address>0x20009070</run_address>
         <size>0x58</size>
         <input_file_ref idref="fl-12"/>
      </object_component>
      <object_component id="oc-403">
         <name>.text:_pconv_f</name>
         <load_address>0x200090c8</load_address>
         <run_address>0x200090c8</run_address>
         <size>0x56</size>
         <input_file_ref idref="fl-e5"/>
      </object_component>
      <object_component id="oc-477">
         <name>.text:__TI_ltoa</name>
         <load_address>0x2000911e</load_address>
         <run_address>0x2000911e</run_address>
         <size>0x54</size>
         <input_file_ref idref="fl-f3"/>
      </object_component>
      <object_component id="oc-487">
         <name>.text:_ecpy</name>
         <load_address>0x20009172</load_address>
         <run_address>0x20009172</run_address>
         <size>0x52</size>
         <input_file_ref idref="fl-e5"/>
      </object_component>
      <object_component id="oc-3ec">
         <name>.text:atoi</name>
         <load_address>0x200091c4</load_address>
         <run_address>0x200091c4</run_address>
         <size>0x4c</size>
         <input_file_ref idref="fl-f5"/>
      </object_component>
      <object_component id="oc-2d1">
         <name>.text</name>
         <load_address>0x20009210</load_address>
         <run_address>0x20009210</run_address>
         <size>0x48</size>
         <input_file_ref idref="fl-d0"/>
      </object_component>
      <object_component id="oc-161">
         <name>.text:__TI_auto_init_nobinit_nopinit:__TI_auto_init_nobinit_nopinit</name>
         <load_address>0x20009258</load_address>
         <run_address>0x20009258</run_address>
         <size>0x44</size>
         <input_file_ref idref="fl-ee"/>
      </object_component>
      <object_component id="oc-277">
         <name>.text:PinModeSet</name>
         <load_address>0x2000929c</load_address>
         <run_address>0x2000929c</run_address>
         <size>0x40</size>
         <input_file_ref idref="fl-11"/>
      </object_component>
      <object_component id="oc-cb">
         <name>.text:strtok</name>
         <load_address>0x200092dc</load_address>
         <run_address>0x200092dc</run_address>
         <size>0x40</size>
         <input_file_ref idref="fl-e1"/>
      </object_component>
      <object_component id="oc-19f">
         <name>.text:vsnprintf</name>
         <load_address>0x2000931c</load_address>
         <run_address>0x2000931c</run_address>
         <size>0x40</size>
         <input_file_ref idref="fl-cd"/>
      </object_component>
      <object_component id="oc-49a">
         <name>.text:_fcpy</name>
         <load_address>0x2000935c</load_address>
         <run_address>0x2000935c</run_address>
         <size>0x3e</size>
         <input_file_ref idref="fl-e5"/>
      </object_component>
      <object_component id="oc-104">
         <name>.text:PRCMPeripheralClkEnable</name>
         <load_address>0x2000939c</load_address>
         <run_address>0x2000939c</run_address>
         <size>0x3c</size>
         <input_file_ref idref="fl-12"/>
      </object_component>
      <object_component id="oc-148">
         <name>.text</name>
         <load_address>0x200093d8</load_address>
         <run_address>0x200093d8</run_address>
         <size>0x38</size>
         <input_file_ref idref="fl-d4"/>
      </object_component>
      <object_component id="oc-134">
         <name>.text</name>
         <load_address>0x20009410</load_address>
         <run_address>0x20009410</run_address>
         <size>0x38</size>
         <input_file_ref idref="fl-d5"/>
      </object_component>
      <object_component id="oc-283">
         <name>.text:GPIODirModeSet</name>
         <load_address>0x20009448</load_address>
         <run_address>0x20009448</run_address>
         <size>0x36</size>
         <input_file_ref idref="fl-e"/>
      </object_component>
      <object_component id="oc-27d">
         <name>.text:PinTypeGPIO</name>
         <load_address>0x2000947e</load_address>
         <run_address>0x2000947e</run_address>
         <size>0x30</size>
         <input_file_ref idref="fl-11"/>
      </object_component>
      <object_component id="oc-317">
         <name>.text:UARTDisable</name>
         <load_address>0x200094b0</load_address>
         <run_address>0x200094b0</run_address>
         <size>0x30</size>
         <input_file_ref idref="fl-14"/>
      </object_component>
      <object_component id="oc-32b">
         <name>.text:_outs</name>
         <load_address>0x200094e0</load_address>
         <run_address>0x200094e0</run_address>
         <size>0x30</size>
         <input_file_ref idref="fl-cd"/>
      </object_component>
      <object_component id="oc-47d">
         <name>.text</name>
         <load_address>0x20009510</load_address>
         <run_address>0x20009510</run_address>
         <size>0x2e</size>
         <input_file_ref idref="fl-ec"/>
      </object_component>
      <object_component id="oc-212">
         <name>.text:I2CMasterErr</name>
         <load_address>0x2000953e</load_address>
         <run_address>0x2000953e</run_address>
         <size>0x2c</size>
         <input_file_ref idref="fl-f"/>
      </object_component>
      <object_component id="oc-264">
         <name>.text:PRCMSysResetCauseGet</name>
         <load_address>0x2000956c</load_address>
         <run_address>0x2000956c</run_address>
         <size>0x2c</size>
         <input_file_ref idref="fl-12"/>
      </object_component>
      <object_component id="oc-1de">
         <name>.text:strspn</name>
         <load_address>0x20009598</load_address>
         <run_address>0x20009598</run_address>
         <size>0x2a</size>
         <input_file_ref idref="fl-fa"/>
      </object_component>
      <object_component id="oc-242">
         <name>.text:PRCMPeripheralClkDisable</name>
         <load_address>0x200095c4</load_address>
         <run_address>0x200095c4</run_address>
         <size>0x28</size>
         <input_file_ref idref="fl-12"/>
      </object_component>
      <object_component id="oc-35d">
         <name>.text:free_list_insert</name>
         <load_address>0x200095ec</load_address>
         <run_address>0x200095ec</run_address>
         <size>0x28</size>
         <input_file_ref idref="fl-dd"/>
      </object_component>
      <object_component id="oc-1b7">
         <name>.text:memmove</name>
         <load_address>0x20009614</load_address>
         <run_address>0x20009614</run_address>
         <size>0x28</size>
         <input_file_ref idref="fl-dc"/>
      </object_component>
      <object_component id="oc-31d">
         <name>.text:UARTEnable</name>
         <load_address>0x2000963c</load_address>
         <run_address>0x2000963c</run_address>
         <size>0x24</size>
         <input_file_ref idref="fl-14"/>
      </object_component>
      <object_component id="oc-5b">
         <name>.text:_c_int00_noargs:_c_int00_noargs</name>
         <load_address>0x20009660</load_address>
         <run_address>0x20009660</run_address>
         <size>0x24</size>
         <input_file_ref idref="fl-e4"/>
      </object_component>
      <object_component id="oc-1e4">
         <name>.text:strcspn</name>
         <load_address>0x20009684</load_address>
         <run_address>0x20009684</run_address>
         <size>0x24</size>
         <input_file_ref idref="fl-f9"/>
      </object_component>
      <object_component id="oc-218">
         <name>.text:I2CMasterSlaveAddrSet</name>
         <load_address>0x200096a8</load_address>
         <run_address>0x200096a8</run_address>
         <size>0x22</size>
         <input_file_ref idref="fl-f"/>
      </object_component>
      <object_component id="oc-10a">
         <name>.text:SPIReset</name>
         <load_address>0x200096ca</load_address>
         <run_address>0x200096ca</run_address>
         <size>0x22</size>
         <input_file_ref idref="fl-13"/>
      </object_component>
      <object_component id="oc-2a4">
         <name>.text:GPIOPinWrite</name>
         <load_address>0x200096ec</load_address>
         <run_address>0x200096ec</run_address>
         <size>0x20</size>
         <input_file_ref idref="fl-e"/>
      </object_component>
      <object_component id="oc-2b6">
         <name>.text:SPIDataGet</name>
         <load_address>0x2000970c</load_address>
         <run_address>0x2000970c</run_address>
         <size>0x20</size>
         <input_file_ref idref="fl-13"/>
      </object_component>
      <object_component id="oc-2c2">
         <name>.text</name>
         <load_address>0x2000972c</load_address>
         <run_address>0x2000972c</run_address>
         <size>0x20</size>
         <input_file_ref idref="fl-d7"/>
      </object_component>
      <object_component id="oc-20c">
         <name>.text:I2CMasterIntStatusEx</name>
         <load_address>0x2000974c</load_address>
         <run_address>0x2000974c</run_address>
         <size>0x1e</size>
         <input_file_ref idref="fl-f"/>
      </object_component>
      <object_component id="oc-2b0">
         <name>.text:SPIDataPut</name>
         <load_address>0x2000976a</load_address>
         <run_address>0x2000976a</run_address>
         <size>0x1e</size>
         <input_file_ref idref="fl-13"/>
      </object_component>
      <object_component id="oc-199">
         <name>.text:UARTCharPut</name>
         <load_address>0x20009788</load_address>
         <run_address>0x20009788</run_address>
         <size>0x1e</size>
         <input_file_ref idref="fl-14"/>
      </object_component>
      <object_component id="oc-289">
         <name>.text:PinTypeI2C</name>
         <load_address>0x200097a6</load_address>
         <run_address>0x200097a6</run_address>
         <size>0x1c</size>
         <input_file_ref idref="fl-11"/>
      </object_component>
      <object_component id="oc-1ab">
         <name>.text:UARTCharGetNonBlocking</name>
         <load_address>0x200097c2</load_address>
         <run_address>0x200097c2</run_address>
         <size>0x1c</size>
         <input_file_ref idref="fl-14"/>
      </object_component>
      <object_component id="oc-49">
         <name>.text:decompress:ZI:__TI_zero_init_nomemset:__TI_zero_init_nomemset</name>
         <load_address>0x200097de</load_address>
         <run_address>0x200097de</run_address>
         <size>0x1c</size>
         <input_file_ref idref="fl-d9"/>
      </object_component>
      <object_component id="oc-350">
         <name>.text:free_list_remove</name>
         <load_address>0x200097fc</load_address>
         <run_address>0x200097fc</run_address>
         <size>0x1c</size>
         <input_file_ref idref="fl-dd"/>
      </object_component>
      <object_component id="oc-415">
         <name>.text:memccpy</name>
         <load_address>0x20009818</load_address>
         <run_address>0x20009818</run_address>
         <size>0x1c</size>
         <input_file_ref idref="fl-f7"/>
      </object_component>
      <object_component id="oc-28f">
         <name>.text:PinTypeSPI</name>
         <load_address>0x20009834</load_address>
         <run_address>0x20009834</run_address>
         <size>0x1a</size>
         <input_file_ref idref="fl-11"/>
      </object_component>
      <object_component id="oc-295">
         <name>.text:PinTypeUART</name>
         <load_address>0x2000984e</load_address>
         <run_address>0x2000984e</run_address>
         <size>0x1a</size>
         <input_file_ref idref="fl-11"/>
      </object_component>
      <object_component id="oc-236">
         <name>.text:I2CMasterIntEnableEx</name>
         <load_address>0x20009868</load_address>
         <run_address>0x20009868</run_address>
         <size>0x18</size>
         <input_file_ref idref="fl-f"/>
      </object_component>
      <object_component id="oc-2bc">
         <name>.text:SPICSDisable</name>
         <load_address>0x20009880</load_address>
         <run_address>0x20009880</run_address>
         <size>0x18</size>
         <input_file_ref idref="fl-13"/>
      </object_component>
      <object_component id="oc-2aa">
         <name>.text:SPICSEnable</name>
         <load_address>0x20009898</load_address>
         <run_address>0x20009898</run_address>
         <size>0x18</size>
         <input_file_ref idref="fl-13"/>
      </object_component>
      <object_component id="oc-11c">
         <name>.text:SPIEnable</name>
         <load_address>0x200098b0</load_address>
         <run_address>0x200098b0</run_address>
         <size>0x18</size>
         <input_file_ref idref="fl-13"/>
      </object_component>
      <object_component id="oc-1a5">
         <name>.text:UARTCharsAvail</name>
         <load_address>0x200098c8</load_address>
         <run_address>0x200098c8</run_address>
         <size>0x18</size>
         <input_file_ref idref="fl-14"/>
      </object_component>
      <object_component id="oc-331">
         <name>.text:_outc</name>
         <load_address>0x200098e0</load_address>
         <run_address>0x200098e0</run_address>
         <size>0x18</size>
         <input_file_ref idref="fl-cd"/>
      </object_component>
      <object_component id="oc-e0">
         <name>.text:strcmp</name>
         <load_address>0x200098f8</load_address>
         <run_address>0x200098f8</run_address>
         <size>0x18</size>
         <input_file_ref idref="fl-de"/>
      </object_component>
      <object_component id="oc-21e">
         <name>.text:I2CMasterDataPut</name>
         <load_address>0x20009910</load_address>
         <run_address>0x20009910</run_address>
         <size>0x16</size>
         <input_file_ref idref="fl-f"/>
      </object_component>
      <object_component id="oc-230">
         <name>.text:I2CMasterEnable</name>
         <load_address>0x20009926</load_address>
         <run_address>0x20009926</run_address>
         <size>0x16</size>
         <input_file_ref idref="fl-f"/>
      </object_component>
      <object_component id="oc-1fa">
         <name>.text:I2CMasterIntClear</name>
         <load_address>0x2000993c</load_address>
         <run_address>0x2000993c</run_address>
         <size>0x16</size>
         <input_file_ref idref="fl-f"/>
      </object_component>
      <object_component id="oc-26a">
         <name>.text:PRCMHIBRegRead</name>
         <load_address>0x20009952</load_address>
         <run_address>0x20009952</run_address>
         <size>0x16</size>
         <input_file_ref idref="fl-12"/>
      </object_component>
      <object_component id="oc-270">
         <name>.text:PRCMHIBRegWrite</name>
         <load_address>0x20009968</load_address>
         <run_address>0x20009968</run_address>
         <size>0x16</size>
         <input_file_ref idref="fl-12"/>
      </object_component>
      <object_component id="oc-4ae">
         <name>.text:strchr</name>
         <load_address>0x2000997e</load_address>
         <run_address>0x2000997e</run_address>
         <size>0x16</size>
         <input_file_ref idref="fl-f8"/>
      </object_component>
      <object_component id="oc-254">
         <name>.text:CPUcpsie</name>
         <load_address>0x20009994</load_address>
         <run_address>0x20009994</run_address>
         <size>0x14</size>
         <input_file_ref idref="fl-16"/>
      </object_component>
      <object_component id="oc-e6">
         <name>.text:IntVTableBaseSet</name>
         <load_address>0x200099a8</load_address>
         <run_address>0x200099a8</run_address>
         <size>0x14</size>
         <input_file_ref idref="fl-10"/>
      </object_component>
      <object_component id="oc-12e">
         <name>.text:strcpy</name>
         <load_address>0x200099bc</load_address>
         <run_address>0x200099bc</run_address>
         <size>0x14</size>
         <input_file_ref idref="fl-df"/>
      </object_component>
      <object_component id="oc-1b1">
         <name>.text:strlen</name>
         <load_address>0x200099d0</load_address>
         <run_address>0x200099d0</run_address>
         <size>0x14</size>
         <input_file_ref idref="fl-e0"/>
      </object_component>
      <object_component id="oc-206">
         <name>.text:I2CMasterControl</name>
         <load_address>0x200099e4</load_address>
         <run_address>0x200099e4</run_address>
         <size>0x12</size>
         <input_file_ref idref="fl-f"/>
      </object_component>
      <object_component id="oc-200">
         <name>.text:I2CMasterTimeoutSet</name>
         <load_address>0x200099f6</load_address>
         <run_address>0x200099f6</run_address>
         <size>0x12</size>
         <input_file_ref idref="fl-f"/>
      </object_component>
      <object_component id="oc-41b">
         <name>.text:wcslen</name>
         <load_address>0x20009a08</load_address>
         <run_address>0x20009a08</run_address>
         <size>0x12</size>
         <input_file_ref idref="fl-e8"/>
      </object_component>
      <object_component id="oc-224">
         <name>.text:I2CMasterDataGet</name>
         <load_address>0x20009a1a</load_address>
         <run_address>0x20009a1a</run_address>
         <size>0xe</size>
         <input_file_ref idref="fl-f"/>
      </object_component>
      <object_component id="oc-1b">
         <name>.text:decompress:none:__TI_decompress_none</name>
         <load_address>0x20009a28</load_address>
         <run_address>0x20009a28</run_address>
         <size>0xe</size>
         <input_file_ref idref="fl-da"/>
      </object_component>
      <object_component id="oc-29">
         <name>.text</name>
         <load_address>0x20009a36</load_address>
         <run_address>0x20009a36</run_address>
         <size>0xe</size>
         <input_file_ref idref="fl-7"/>
      </object_component>
      <object_component id="oc-4e7">
         <name>.text:copysign</name>
         <load_address>0x20009a44</load_address>
         <run_address>0x20009a44</run_address>
         <size>0xc</size>
         <input_file_ref idref="fl-fb"/>
      </object_component>
      <object_component id="oc-ec">
         <name>.text:IntMasterEnable</name>
         <load_address>0x20009a50</load_address>
         <run_address>0x20009a50</run_address>
         <size>0xa</size>
         <input_file_ref idref="fl-10"/>
      </object_component>
      <object_component id="oc-1ef">
         <name>.text:__aeabi_errno_addr</name>
         <load_address>0x20009a5c</load_address>
         <run_address>0x20009a5c</run_address>
         <size>0x8</size>
         <input_file_ref idref="fl-e3"/>
      </object_component>
      <object_component id="oc-1bd">
         <name>.text:malloc</name>
         <load_address>0x20009a64</load_address>
         <run_address>0x20009a64</run_address>
         <size>0x8</size>
         <input_file_ref idref="fl-dd"/>
      </object_component>
      <object_component id="oc-152">
         <name>.text:UtilsDelay</name>
         <load_address>0x20009a6c</load_address>
         <run_address>0x20009a6c</run_address>
         <size>0x6</size>
         <input_file_ref idref="fl-15"/>
      </object_component>
      <object_component id="oc-91">
         <name>.text:_system_pre_init</name>
         <load_address>0x20009a72</load_address>
         <run_address>0x20009a72</run_address>
         <size>0x4</size>
         <input_file_ref idref="fl-ef"/>
      </object_component>
      <object_component id="oc-155">
         <name>.text:abort:abort</name>
         <load_address>0x20009a76</load_address>
         <run_address>0x20009a76</run_address>
         <size>0x4</size>
         <input_file_ref idref="fl-f1"/>
      </object_component>
      <object_component id="oc-2db">
         <name>.const:.string:font</name>
         <load_address>0x20009a7c</load_address>
         <run_address>0x20009a7c</run_address>
         <size>0x4fb</size>
         <input_file_ref idref="fl-2"/>
      </object_component>
      <object_component id="oc-2d6">
         <name>.const:.string:font</name>
         <load_address>0x20009f77</load_address>
         <run_address>0x20009f77</run_address>
         <size>0x4fb</size>
         <input_file_ref idref="fl-3"/>
      </object_component>
      <object_component id="oc-1f5">
         <name>.const:.string:_ctypes_</name>
         <load_address>0x2000a472</load_address>
         <run_address>0x2000a472</run_address>
         <size>0x101</size>
         <input_file_ref idref="fl-f6"/>
      </object_component>
      <object_component id="oc-3a2">
         <name>.const:g_ulPinToPadMap</name>
         <load_address>0x2000a574</load_address>
         <run_address>0x2000a574</run_address>
         <size>0x100</size>
         <input_file_ref idref="fl-11"/>
      </object_component>
      <object_component id="oc-29c">
         <name>.const:PRCM_PeriphRegsList</name>
         <load_address>0x2000a674</load_address>
         <run_address>0x2000a674</run_address>
         <size>0xa8</size>
         <input_file_ref idref="fl-12"/>
      </object_component>
      <object_component id="oc-260">
         <name>.const:g_pulEnRegs</name>
         <load_address>0x2000a71c</load_address>
         <run_address>0x2000a71c</run_address>
         <size>0x18</size>
         <input_file_ref idref="fl-10"/>
      </object_component>
      <object_component id="oc-540">
         <name>.cinit..data.load</name>
         <load_address>0x2000a738</load_address>
         <run_address>0x2000a738</run_address>
         <size>0x20</size>
      </object_component>
      <object_component id="oc-53e">
         <name>__TI_handler_table</name>
         <load_address>0x2000a758</load_address>
         <run_address>0x2000a758</run_address>
         <size>0xc</size>
      </object_component>
      <object_component id="oc-541">
         <name>.cinit..bss.load</name>
         <load_address>0x2000a768</load_address>
         <run_address>0x2000a768</run_address>
         <size>0x8</size>
      </object_component>
      <object_component id="oc-53f">
         <name>__TI_cinit_table</name>
         <load_address>0x2000a770</load_address>
         <run_address>0x2000a770</run_address>
         <size>0x10</size>
      </object_component>
      <object_component id="oc-2de">
         <name>.data</name>
         <load_address>0x20017800</load_address>
         <run_address>0x20017800</run_address>
         <size>0x15</size>
         <input_file_ref idref="fl-2"/>
      </object_component>
      <object_component id="oc-dd">
         <name>.data</name>
         <load_address>0x20017828</load_address>
         <run_address>0x20017828</run_address>
         <size>0x8</size>
         <input_file_ref idref="fl-5"/>
      </object_component>
      <object_component id="oc-435">
         <name>.data:$O1$$</name>
         <load_address>0x20017820</load_address>
         <run_address>0x20017820</run_address>
         <size>0x8</size>
         <input_file_ref idref="fl-dd"/>
      </object_component>
      <object_component id="oc-1ea">
         <name>.data</name>
         <load_address>0x20017834</load_address>
         <run_address>0x20017834</run_address>
         <size>0x4</size>
         <input_file_ref idref="fl-e1"/>
      </object_component>
      <object_component id="oc-375">
         <name>.data</name>
         <load_address>0x20017830</load_address>
         <run_address>0x20017830</run_address>
         <size>0x4</size>
         <input_file_ref idref="fl-e3"/>
      </object_component>
      <object_component id="oc-2fb">
         <name>.data:$O1$$</name>
         <load_address>0x20017818</load_address>
         <run_address>0x20017818</run_address>
         <size>0x8</size>
         <input_file_ref idref="fl-f2"/>
      </object_component>
      <object_component id="oc-1cf">
         <name>.bss</name>
         <uninitialized>true</uninitialized>
         <run_address>0x20017838</run_address>
         <size>0x4</size>
         <input_file_ref idref="fl-8"/>
      </object_component>
      <object_component id="oc-23">
         <name>.sysmem</name>
         <uninitialized>true</uninitialized>
         <run_address>0x20017000</run_address>
         <size>0x10</size>
         <input_file_ref idref="fl-dd"/>
      </object_component>
      <object_component id="oc-544">
         <name>.sysmem</name>
         <uninitialized>true</uninitialized>
         <run_address>0x20017000</run_address>
         <size>0x0</size>
      </object_component>
      <object_component id="oc-26">
         <name>.stack</name>
         <uninitialized>true</uninitialized>
         <run_address>0x2002f800</run_address>
         <size>0x4</size>
         <input_file_ref idref="fl-e4"/>
      </object_component>
      <object_component id="oc-543">
         <name>.stack</name>
         <uninitialized>true</uninitialized>
         <run_address>0x2002f800</run_address>
         <size>0x0</size>
      </object_component>
      <object_component id="oc-2e2">
         <name>.debug_info</name>
         <load_address>0x0</load_address>
         <run_address>0x0</run_address>
         <size>0x221</size>
         <input_file_ref idref="fl-2"/>
      </object_component>
      <object_component id="oc-2dc">
         <name>.debug_info</name>
         <load_address>0x221</load_address>
         <run_address>0x221</run_address>
         <size>0xd3</size>
         <input_file_ref idref="fl-2"/>
      </object_component>
      <object_component id="oc-2df">
         <name>.debug_info</name>
         <load_address>0x2f4</load_address>
         <run_address>0x2f4</run_address>
         <size>0x181</size>
         <input_file_ref idref="fl-2"/>
      </object_component>
      <object_component id="oc-12c">
         <name>.debug_info</name>
         <load_address>0x475</load_address>
         <run_address>0x475</run_address>
         <size>0x153f</size>
         <input_file_ref idref="fl-2"/>
      </object_component>
      <object_component id="oc-38">
         <name>.debug_info</name>
         <load_address>0x19b4</load_address>
         <run_address>0x19b4</run_address>
         <size>0x84</size>
         <input_file_ref idref="fl-2"/>
      </object_component>
      <object_component id="oc-2da">
         <name>.debug_info</name>
         <load_address>0x1a38</load_address>
         <run_address>0x1a38</run_address>
         <size>0x265</size>
         <input_file_ref idref="fl-3"/>
      </object_component>
      <object_component id="oc-2d7">
         <name>.debug_info</name>
         <load_address>0x1c9d</load_address>
         <run_address>0x1c9d</run_address>
         <size>0xd4</size>
         <input_file_ref idref="fl-3"/>
      </object_component>
      <object_component id="oc-125">
         <name>.debug_info</name>
         <load_address>0x1d71</load_address>
         <run_address>0x1d71</run_address>
         <size>0x13cd</size>
         <input_file_ref idref="fl-3"/>
      </object_component>
      <object_component id="oc-44d">
         <name>.debug_info</name>
         <load_address>0x313e</load_address>
         <run_address>0x313e</run_address>
         <size>0x62</size>
         <input_file_ref idref="fl-3"/>
      </object_component>
      <object_component id="oc-25b">
         <name>.debug_info</name>
         <load_address>0x31a0</load_address>
         <run_address>0x31a0</run_address>
         <size>0x2c</size>
         <input_file_ref idref="fl-3"/>
      </object_component>
      <object_component id="oc-bc">
         <name>.debug_info</name>
         <load_address>0x31cc</load_address>
         <run_address>0x31cc</run_address>
         <size>0x2c</size>
         <input_file_ref idref="fl-3"/>
      </object_component>
      <object_component id="oc-2f2">
         <name>.debug_info</name>
         <load_address>0x31f8</load_address>
         <run_address>0x31f8</run_address>
         <size>0x35</size>
         <input_file_ref idref="fl-3"/>
      </object_component>
      <object_component id="oc-24e">
         <name>.debug_info</name>
         <load_address>0x322d</load_address>
         <run_address>0x322d</run_address>
         <size>0x4e0</size>
         <input_file_ref idref="fl-4"/>
      </object_component>
      <object_component id="oc-da">
         <name>.debug_info</name>
         <load_address>0x370d</load_address>
         <run_address>0x370d</run_address>
         <size>0xbfd</size>
         <input_file_ref idref="fl-4"/>
      </object_component>
      <object_component id="oc-2ed">
         <name>.debug_info</name>
         <load_address>0x430a</load_address>
         <run_address>0x430a</run_address>
         <size>0x26b</size>
         <input_file_ref idref="fl-4"/>
      </object_component>
      <object_component id="oc-1d9">
         <name>.debug_info</name>
         <load_address>0x4575</load_address>
         <run_address>0x4575</run_address>
         <size>0x110</size>
         <input_file_ref idref="fl-4"/>
      </object_component>
      <object_component id="oc-249">
         <name>.debug_info</name>
         <load_address>0x4685</load_address>
         <run_address>0x4685</run_address>
         <size>0x8b</size>
         <input_file_ref idref="fl-4"/>
      </object_component>
      <object_component id="oc-368">
         <name>.debug_info</name>
         <load_address>0x4710</load_address>
         <run_address>0x4710</run_address>
         <size>0x2a4</size>
         <input_file_ref idref="fl-4"/>
      </object_component>
      <object_component id="oc-394">
         <name>.debug_info</name>
         <load_address>0x49b4</load_address>
         <run_address>0x49b4</run_address>
         <size>0xbb</size>
         <input_file_ref idref="fl-4"/>
      </object_component>
      <object_component id="oc-154">
         <name>.debug_info</name>
         <load_address>0x4a6f</load_address>
         <run_address>0x4a6f</run_address>
         <size>0x5dc</size>
         <input_file_ref idref="fl-5"/>
      </object_component>
      <object_component id="oc-de">
         <name>.debug_info</name>
         <load_address>0x504b</load_address>
         <run_address>0x504b</run_address>
         <size>0x10d</size>
         <input_file_ref idref="fl-5"/>
      </object_component>
      <object_component id="oc-9a">
         <name>.debug_info</name>
         <load_address>0x5158</load_address>
         <run_address>0x5158</run_address>
         <size>0x18b6</size>
         <input_file_ref idref="fl-5"/>
      </object_component>
      <object_component id="oc-1d4">
         <name>.debug_info</name>
         <load_address>0x6a0e</load_address>
         <run_address>0x6a0e</run_address>
         <size>0x2c</size>
         <input_file_ref idref="fl-5"/>
      </object_component>
      <object_component id="oc-100">
         <name>.debug_info</name>
         <load_address>0x6a3a</load_address>
         <run_address>0x6a3a</run_address>
         <size>0x396</size>
         <input_file_ref idref="fl-6"/>
      </object_component>
      <object_component id="oc-31">
         <name>.debug_info</name>
         <load_address>0x6dd0</load_address>
         <run_address>0x6dd0</run_address>
         <size>0x191</size>
         <input_file_ref idref="fl-7"/>
      </object_component>
      <object_component id="oc-13">
         <name>.debug_info</name>
         <load_address>0x6f61</load_address>
         <run_address>0x6f61</run_address>
         <size>0x110</size>
         <input_file_ref idref="fl-7"/>
      </object_component>
      <object_component id="oc-2a">
         <name>.debug_info</name>
         <load_address>0x7071</load_address>
         <run_address>0x7071</run_address>
         <size>0x431</size>
         <input_file_ref idref="fl-7"/>
      </object_component>
      <object_component id="oc-1d3">
         <name>.debug_info</name>
         <load_address>0x74a2</load_address>
         <run_address>0x74a2</run_address>
         <size>0x3dc</size>
         <input_file_ref idref="fl-8"/>
      </object_component>
      <object_component id="oc-1d0">
         <name>.debug_info</name>
         <load_address>0x787e</load_address>
         <run_address>0x787e</run_address>
         <size>0x107</size>
         <input_file_ref idref="fl-8"/>
      </object_component>
      <object_component id="oc-c6">
         <name>.debug_info</name>
         <load_address>0x7985</load_address>
         <run_address>0x7985</run_address>
         <size>0x8e3</size>
         <input_file_ref idref="fl-8"/>
      </object_component>
      <object_component id="oc-287">
         <name>.debug_info</name>
         <load_address>0x8268</load_address>
         <run_address>0x8268</run_address>
         <size>0x1dd</size>
         <input_file_ref idref="fl-e"/>
      </object_component>
      <object_component id="oc-2a7">
         <name>.debug_info</name>
         <load_address>0x8445</load_address>
         <run_address>0x8445</run_address>
         <size>0x1d4</size>
         <input_file_ref idref="fl-e"/>
      </object_component>
      <object_component id="oc-4cc">
         <name>.debug_info</name>
         <load_address>0x8619</load_address>
         <run_address>0x8619</run_address>
         <size>0x220</size>
         <input_file_ref idref="fl-f"/>
      </object_component>
      <object_component id="oc-23d">
         <name>.debug_info</name>
         <load_address>0x8839</load_address>
         <run_address>0x8839</run_address>
         <size>0x242</size>
         <input_file_ref idref="fl-f"/>
      </object_component>
      <object_component id="oc-231">
         <name>.debug_info</name>
         <load_address>0x8a7b</load_address>
         <run_address>0x8a7b</run_address>
         <size>0x18d</size>
         <input_file_ref idref="fl-f"/>
      </object_component>
      <object_component id="oc-237">
         <name>.debug_info</name>
         <load_address>0x8c08</load_address>
         <run_address>0x8c08</run_address>
         <size>0x1da</size>
         <input_file_ref idref="fl-f"/>
      </object_component>
      <object_component id="oc-20d">
         <name>.debug_info</name>
         <load_address>0x8de2</load_address>
         <run_address>0x8de2</run_address>
         <size>0x1ca</size>
         <input_file_ref idref="fl-f"/>
      </object_component>
      <object_component id="oc-1fb">
         <name>.debug_info</name>
         <load_address>0x8fac</load_address>
         <run_address>0x8fac</run_address>
         <size>0x191</size>
         <input_file_ref idref="fl-f"/>
      </object_component>
      <object_component id="oc-219">
         <name>.debug_info</name>
         <load_address>0x913d</load_address>
         <run_address>0x913d</run_address>
         <size>0x20f</size>
         <input_file_ref idref="fl-f"/>
      </object_component>
      <object_component id="oc-207">
         <name>.debug_info</name>
         <load_address>0x934c</load_address>
         <run_address>0x934c</run_address>
         <size>0x1be</size>
         <input_file_ref idref="fl-f"/>
      </object_component>
      <object_component id="oc-213">
         <name>.debug_info</name>
         <load_address>0x950a</load_address>
         <run_address>0x950a</run_address>
         <size>0x1a3</size>
         <input_file_ref idref="fl-f"/>
      </object_component>
      <object_component id="oc-21f">
         <name>.debug_info</name>
         <load_address>0x96ad</load_address>
         <run_address>0x96ad</run_address>
         <size>0x1be</size>
         <input_file_ref idref="fl-f"/>
      </object_component>
      <object_component id="oc-225">
         <name>.debug_info</name>
         <load_address>0x986b</load_address>
         <run_address>0x986b</run_address>
         <size>0x193</size>
         <input_file_ref idref="fl-f"/>
      </object_component>
      <object_component id="oc-201">
         <name>.debug_info</name>
         <load_address>0x99fe</load_address>
         <run_address>0x99fe</run_address>
         <size>0x1cc</size>
         <input_file_ref idref="fl-f"/>
      </object_component>
      <object_component id="oc-501">
         <name>.debug_info</name>
         <load_address>0x9bca</load_address>
         <run_address>0x9bca</run_address>
         <size>0x26b</size>
         <input_file_ref idref="fl-f"/>
      </object_component>
      <object_component id="oc-446">
         <name>.debug_info</name>
         <load_address>0x9e35</load_address>
         <run_address>0x9e35</run_address>
         <size>0x297</size>
         <input_file_ref idref="fl-f"/>
      </object_component>
      <object_component id="oc-380">
         <name>.debug_info</name>
         <load_address>0xa0cc</load_address>
         <run_address>0xa0cc</run_address>
         <size>0xbb</size>
         <input_file_ref idref="fl-f"/>
      </object_component>
      <object_component id="oc-39e">
         <name>.debug_info</name>
         <load_address>0xa187</load_address>
         <run_address>0xa187</run_address>
         <size>0x201</size>
         <input_file_ref idref="fl-10"/>
      </object_component>
      <object_component id="oc-261">
         <name>.debug_info</name>
         <load_address>0xa388</load_address>
         <run_address>0xa388</run_address>
         <size>0xf4</size>
         <input_file_ref idref="fl-10"/>
      </object_component>
      <object_component id="oc-ed">
         <name>.debug_info</name>
         <load_address>0xa47c</load_address>
         <run_address>0xa47c</run_address>
         <size>0x17c</size>
         <input_file_ref idref="fl-10"/>
      </object_component>
      <object_component id="oc-e7">
         <name>.debug_info</name>
         <load_address>0xa5f8</load_address>
         <run_address>0xa5f8</run_address>
         <size>0x1ae</size>
         <input_file_ref idref="fl-10"/>
      </object_component>
      <object_component id="oc-f3">
         <name>.debug_info</name>
         <load_address>0xa7a6</load_address>
         <run_address>0xa7a6</run_address>
         <size>0x19f</size>
         <input_file_ref idref="fl-10"/>
      </object_component>
      <object_component id="oc-456">
         <name>.debug_info</name>
         <load_address>0xa945</load_address>
         <run_address>0xa945</run_address>
         <size>0x14e</size>
         <input_file_ref idref="fl-11"/>
      </object_component>
      <object_component id="oc-3a3">
         <name>.debug_info</name>
         <load_address>0xaa93</load_address>
         <run_address>0xaa93</run_address>
         <size>0xf6</size>
         <input_file_ref idref="fl-11"/>
      </object_component>
      <object_component id="oc-278">
         <name>.debug_info</name>
         <load_address>0xab89</load_address>
         <run_address>0xab89</run_address>
         <size>0x1bf</size>
         <input_file_ref idref="fl-11"/>
      </object_component>
      <object_component id="oc-3a7">
         <name>.debug_info</name>
         <load_address>0xad48</load_address>
         <run_address>0xad48</run_address>
         <size>0x20d</size>
         <input_file_ref idref="fl-11"/>
      </object_component>
      <object_component id="oc-296">
         <name>.debug_info</name>
         <load_address>0xaf55</load_address>
         <run_address>0xaf55</run_address>
         <size>0x1d4</size>
         <input_file_ref idref="fl-11"/>
      </object_component>
      <object_component id="oc-28a">
         <name>.debug_info</name>
         <load_address>0xb129</load_address>
         <run_address>0xb129</run_address>
         <size>0x1d2</size>
         <input_file_ref idref="fl-11"/>
      </object_component>
      <object_component id="oc-290">
         <name>.debug_info</name>
         <load_address>0xb2fb</load_address>
         <run_address>0xb2fb</run_address>
         <size>0x1d2</size>
         <input_file_ref idref="fl-11"/>
      </object_component>
      <object_component id="oc-27e">
         <name>.debug_info</name>
         <load_address>0xb4cd</load_address>
         <run_address>0xb4cd</run_address>
         <size>0x222</size>
         <input_file_ref idref="fl-11"/>
      </object_component>
      <object_component id="oc-38d">
         <name>.debug_info</name>
         <load_address>0xb6ef</load_address>
         <run_address>0xb6ef</run_address>
         <size>0x25e</size>
         <input_file_ref idref="fl-12"/>
      </object_component>
      <object_component id="oc-29d">
         <name>.debug_info</name>
         <load_address>0xb94d</load_address>
         <run_address>0xb94d</run_address>
         <size>0xff</size>
         <input_file_ref idref="fl-12"/>
      </object_component>
      <object_component id="oc-265">
         <name>.debug_info</name>
         <load_address>0xba4c</load_address>
         <run_address>0xba4c</run_address>
         <size>0x1a6</size>
         <input_file_ref idref="fl-12"/>
      </object_component>
      <object_component id="oc-105">
         <name>.debug_info</name>
         <load_address>0xbbf2</load_address>
         <run_address>0xbbf2</run_address>
         <size>0x1eb</size>
         <input_file_ref idref="fl-12"/>
      </object_component>
      <object_component id="oc-243">
         <name>.debug_info</name>
         <load_address>0xbddd</load_address>
         <run_address>0xbddd</run_address>
         <size>0x1ed</size>
         <input_file_ref idref="fl-12"/>
      </object_component>
      <object_component id="oc-111">
         <name>.debug_info</name>
         <load_address>0xbfca</load_address>
         <run_address>0xbfca</run_address>
         <size>0x216</size>
         <input_file_ref idref="fl-12"/>
      </object_component>
      <object_component id="oc-22b">
         <name>.debug_info</name>
         <load_address>0xc1e0</load_address>
         <run_address>0xc1e0</run_address>
         <size>0x1c0</size>
         <input_file_ref idref="fl-12"/>
      </object_component>
      <object_component id="oc-f9">
         <name>.debug_info</name>
         <load_address>0xc3a0</load_address>
         <run_address>0xc3a0</run_address>
         <size>0x283</size>
         <input_file_ref idref="fl-12"/>
      </object_component>
      <object_component id="oc-26b">
         <name>.debug_info</name>
         <load_address>0xc623</load_address>
         <run_address>0xc623</run_address>
         <size>0x1bf</size>
         <input_file_ref idref="fl-12"/>
      </object_component>
      <object_component id="oc-271">
         <name>.debug_info</name>
         <load_address>0xc7e2</load_address>
         <run_address>0xc7e2</run_address>
         <size>0x1d4</size>
         <input_file_ref idref="fl-12"/>
      </object_component>
      <object_component id="oc-3b7">
         <name>.debug_info</name>
         <load_address>0xc9b6</load_address>
         <run_address>0xc9b6</run_address>
         <size>0x232</size>
         <input_file_ref idref="fl-13"/>
      </object_component>
      <object_component id="oc-11f">
         <name>.debug_info</name>
         <load_address>0xcbe8</load_address>
         <run_address>0xcbe8</run_address>
         <size>0x179</size>
         <input_file_ref idref="fl-13"/>
      </object_component>
      <object_component id="oc-10d">
         <name>.debug_info</name>
         <load_address>0xcd61</load_address>
         <run_address>0xcd61</run_address>
         <size>0x177</size>
         <input_file_ref idref="fl-13"/>
      </object_component>
      <object_component id="oc-119">
         <name>.debug_info</name>
         <load_address>0xced8</load_address>
         <run_address>0xced8</run_address>
         <size>0x28e</size>
         <input_file_ref idref="fl-13"/>
      </object_component>
      <object_component id="oc-2b9">
         <name>.debug_info</name>
         <load_address>0xd166</load_address>
         <run_address>0xd166</run_address>
         <size>0x1aa</size>
         <input_file_ref idref="fl-13"/>
      </object_component>
      <object_component id="oc-2b3">
         <name>.debug_info</name>
         <load_address>0xd310</load_address>
         <run_address>0xd310</run_address>
         <size>0x1a6</size>
         <input_file_ref idref="fl-13"/>
      </object_component>
      <object_component id="oc-2ad">
         <name>.debug_info</name>
         <load_address>0xd4b6</load_address>
         <run_address>0xd4b6</run_address>
         <size>0x17d</size>
         <input_file_ref idref="fl-13"/>
      </object_component>
      <object_component id="oc-2bf">
         <name>.debug_info</name>
         <load_address>0xd633</load_address>
         <run_address>0xd633</run_address>
         <size>0x17f</size>
         <input_file_ref idref="fl-13"/>
      </object_component>
      <object_component id="oc-194">
         <name>.debug_info</name>
         <load_address>0xd7b2</load_address>
         <run_address>0xd7b2</run_address>
         <size>0x25c</size>
         <input_file_ref idref="fl-14"/>
      </object_component>
      <object_component id="oc-31e">
         <name>.debug_info</name>
         <load_address>0xda0e</load_address>
         <run_address>0xda0e</run_address>
         <size>0x17e</size>
         <input_file_ref idref="fl-14"/>
      </object_component>
      <object_component id="oc-318">
         <name>.debug_info</name>
         <load_address>0xdb8c</load_address>
         <run_address>0xdb8c</run_address>
         <size>0x180</size>
         <input_file_ref idref="fl-14"/>
      </object_component>
      <object_component id="oc-1a6">
         <name>.debug_info</name>
         <load_address>0xdd0c</load_address>
         <run_address>0xdd0c</run_address>
         <size>0x18a</size>
         <input_file_ref idref="fl-14"/>
      </object_component>
      <object_component id="oc-1ac">
         <name>.debug_info</name>
         <load_address>0xde96</load_address>
         <run_address>0xde96</run_address>
         <size>0x19a</size>
         <input_file_ref idref="fl-14"/>
      </object_component>
      <object_component id="oc-19a">
         <name>.debug_info</name>
         <load_address>0xe030</load_address>
         <run_address>0xe030</run_address>
         <size>0x1ab</size>
         <input_file_ref idref="fl-14"/>
      </object_component>
      <object_component id="oc-255">
         <name>.debug_info</name>
         <load_address>0xe1db</load_address>
         <run_address>0xe1db</run_address>
         <size>0x14e</size>
         <input_file_ref idref="fl-16"/>
      </object_component>
      <object_component id="oc-338">
         <name>.debug_info</name>
         <load_address>0xe329</load_address>
         <run_address>0xe329</run_address>
         <size>0x212</size>
         <input_file_ref idref="fl-cd"/>
      </object_component>
      <object_component id="oc-1a3">
         <name>.debug_info</name>
         <load_address>0xe53b</load_address>
         <run_address>0xe53b</run_address>
         <size>0x208</size>
         <input_file_ref idref="fl-cd"/>
      </object_component>
      <object_component id="oc-32d">
         <name>.debug_info</name>
         <load_address>0xe743</load_address>
         <run_address>0xe743</run_address>
         <size>0x1c6</size>
         <input_file_ref idref="fl-cd"/>
      </object_component>
      <object_component id="oc-332">
         <name>.debug_info</name>
         <load_address>0xe909</load_address>
         <run_address>0xe909</run_address>
         <size>0x179</size>
         <input_file_ref idref="fl-cd"/>
      </object_component>
      <object_component id="oc-339">
         <name>.debug_info</name>
         <load_address>0xea82</load_address>
         <run_address>0xea82</run_address>
         <size>0x2c</size>
         <input_file_ref idref="fl-cd"/>
      </object_component>
      <object_component id="oc-33e">
         <name>.debug_info</name>
         <load_address>0xeaae</load_address>
         <run_address>0xeaae</run_address>
         <size>0x69</size>
         <input_file_ref idref="fl-cd"/>
      </object_component>
      <object_component id="oc-2c8">
         <name>.debug_info</name>
         <load_address>0xeb17</load_address>
         <run_address>0xeb17</run_address>
         <size>0x13a</size>
         <input_file_ref idref="fl-ce"/>
      </object_component>
      <object_component id="oc-2ce">
         <name>.debug_info</name>
         <load_address>0xec51</load_address>
         <run_address>0xec51</run_address>
         <size>0x13a</size>
         <input_file_ref idref="fl-cf"/>
      </object_component>
      <object_component id="oc-2d3">
         <name>.debug_info</name>
         <load_address>0xed8b</load_address>
         <run_address>0xed8b</run_address>
         <size>0x12e</size>
         <input_file_ref idref="fl-d0"/>
      </object_component>
      <object_component id="oc-13a">
         <name>.debug_info</name>
         <load_address>0xeeb9</load_address>
         <run_address>0xeeb9</run_address>
         <size>0x140</size>
         <input_file_ref idref="fl-d1"/>
      </object_component>
      <object_component id="oc-146">
         <name>.debug_info</name>
         <load_address>0xeff9</load_address>
         <run_address>0xeff9</run_address>
         <size>0x14c</size>
         <input_file_ref idref="fl-d2"/>
      </object_component>
      <object_component id="oc-141">
         <name>.debug_info</name>
         <load_address>0xf145</load_address>
         <run_address>0xf145</run_address>
         <size>0x14e</size>
         <input_file_ref idref="fl-d2"/>
      </object_component>
      <object_component id="oc-150">
         <name>.debug_info</name>
         <load_address>0xf293</load_address>
         <run_address>0xf293</run_address>
         <size>0x13a</size>
         <input_file_ref idref="fl-d3"/>
      </object_component>
      <object_component id="oc-14b">
         <name>.debug_info</name>
         <load_address>0xf3cd</load_address>
         <run_address>0xf3cd</run_address>
         <size>0x12e</size>
         <input_file_ref idref="fl-d4"/>
      </object_component>
      <object_component id="oc-137">
         <name>.debug_info</name>
         <load_address>0xf4fb</load_address>
         <run_address>0xf4fb</run_address>
         <size>0x129</size>
         <input_file_ref idref="fl-d5"/>
      </object_component>
      <object_component id="oc-40">
         <name>.debug_info</name>
         <load_address>0xf624</load_address>
         <run_address>0xf624</run_address>
         <size>0x119</size>
         <input_file_ref idref="fl-d6"/>
      </object_component>
      <object_component id="oc-2c4">
         <name>.debug_info</name>
         <load_address>0xf73d</load_address>
         <run_address>0xf73d</run_address>
         <size>0x12e</size>
         <input_file_ref idref="fl-d7"/>
      </object_component>
      <object_component id="oc-46d">
         <name>.debug_info</name>
         <load_address>0xf86b</load_address>
         <run_address>0xf86b</run_address>
         <size>0x134</size>
         <input_file_ref idref="fl-d8"/>
      </object_component>
      <object_component id="oc-8a">
         <name>.debug_info</name>
         <load_address>0xf99f</load_address>
         <run_address>0xf99f</run_address>
         <size>0x1a6</size>
         <input_file_ref idref="fl-d9"/>
      </object_component>
      <object_component id="oc-4b">
         <name>.debug_info</name>
         <load_address>0xfb45</load_address>
         <run_address>0xfb45</run_address>
         <size>0x1d2</size>
         <input_file_ref idref="fl-d9"/>
      </object_component>
      <object_component id="oc-85">
         <name>.debug_info</name>
         <load_address>0xfd17</load_address>
         <run_address>0xfd17</run_address>
         <size>0x46</size>
         <input_file_ref idref="fl-d9"/>
      </object_component>
      <object_component id="oc-48">
         <name>.debug_info</name>
         <load_address>0xfd5d</load_address>
         <run_address>0xfd5d</run_address>
         <size>0x17a</size>
         <input_file_ref idref="fl-da"/>
      </object_component>
      <object_component id="oc-1c">
         <name>.debug_info</name>
         <load_address>0xfed7</load_address>
         <run_address>0xfed7</run_address>
         <size>0x1ea</size>
         <input_file_ref idref="fl-da"/>
      </object_component>
      <object_component id="oc-43">
         <name>.debug_info</name>
         <load_address>0x100c1</load_address>
         <run_address>0x100c1</run_address>
         <size>0x46</size>
         <input_file_ref idref="fl-da"/>
      </object_component>
      <object_component id="oc-7d">
         <name>.debug_info</name>
         <load_address>0x10107</load_address>
         <run_address>0x10107</run_address>
         <size>0x2c</size>
         <input_file_ref idref="fl-da"/>
      </object_component>
      <object_component id="oc-7b">
         <name>.debug_info</name>
         <load_address>0x10133</load_address>
         <run_address>0x10133</run_address>
         <size>0x170</size>
         <input_file_ref idref="fl-db"/>
      </object_component>
      <object_component id="oc-16">
         <name>.debug_info</name>
         <load_address>0x102a3</load_address>
         <run_address>0x102a3</run_address>
         <size>0x250</size>
[...]
         <value>0x200072a9</value>
         <object_component_ref idref="oc-c5"/>
      </symbol>
      <symbol id="sm-2e7">
         <name>GPIODirModeSet</name>
         <value>0x20009449</value>
         <object_component_ref idref="oc-283"/>
      </symbol>
      <symbol id="sm-2e8">
         <name>GPIOPinWrite</name>
         <value>0x200096ed</value>
         <object_component_ref idref="oc-2a4"/>
      </symbol>
      <symbol id="sm-361">
         <name>I2CMasterDataPut</name>
         <value>0x20009911</value>
         <object_component_ref idref="oc-21e"/>
      </symbol>
      <symbol id="sm-362">
         <name>I2CMasterInitExpClk</name>
         <value>0x20008c99</value>
         <object_component_ref idref="oc-23c"/>
      </symbol>
      <symbol id="sm-363">
         <name>I2CMasterSlaveAddrSet</name>
         <value>0x200096a9</value>
         <object_component_ref idref="oc-218"/>
      </symbol>
      <symbol id="sm-364">
         <name>I2CMasterDataGet</name>
         <value>0x20009a1b</value>
         <object_component_ref idref="oc-224"/>
      </symbol>
      <symbol id="sm-365">
         <name>I2CMasterIntEnableEx</name>
         <value>0x20009869</value>
         <object_component_ref idref="oc-236"/>
      </symbol>
      <symbol id="sm-366">
         <name>I2CMasterErr</name>
         <value>0x2000953f</value>
         <object_component_ref idref="oc-212"/>
      </symbol>
      <symbol id="sm-367">
         <name>I2CMasterTimeoutSet</name>
         <value>0x200099f7</value>
         <object_component_ref idref="oc-200"/>
      </symbol>
      <symbol id="sm-368">
         <name>I2CMasterControl</name>
         <value>0x200099e5</value>
         <object_component_ref idref="oc-206"/>
      </symbol>
      <symbol id="sm-369">
         <name>I2CMasterEnable</name>
         <value>0x20009927</value>
         <object_component_ref idref="oc-230"/>
      </symbol>
      <symbol id="sm-36a">
         <name>I2CMasterIntStatusEx</name>
         <value>0x2000974d</value>
         <object_component_ref idref="oc-20c"/>
      </symbol>
      <symbol id="sm-36b">
         <name>I2CMasterIntClear</name>
         <value>0x2000993d</value>
         <object_component_ref idref="oc-1fa"/>
      </symbol>
      <symbol id="sm-39a">
         <name>IntVTableBaseSet</name>
         <value>0x200099a9</value>
         <object_component_ref idref="oc-e6"/>
      </symbol>
      <symbol id="sm-39b">
         <name>IntEnable</name>
         <value>0x20008761</value>
         <object_component_ref idref="oc-f2"/>
      </symbol>
      <symbol id="sm-39c">
         <name>IntMasterEnable</name>
         <value>0x20009a51</value>
         <object_component_ref idref="oc-ec"/>
      </symbol>
      <symbol id="sm-3e3">
         <name>PinTypeI2C</name>
         <value>0x200097a7</value>
         <object_component_ref idref="oc-289"/>
      </symbol>
      <symbol id="sm-3e4">
         <name>PinTypeUART</name>
         <value>0x2000984f</value>
         <object_component_ref idref="oc-295"/>
      </symbol>
      <symbol id="sm-3e5">
         <name>PinTypeGPIO</name>
         <value>0x2000947f</value>
         <object_component_ref idref="oc-27d"/>
      </symbol>
      <symbol id="sm-3e6">
         <name>PinConfigSet</name>
         <value>0x20008b05</value>
         <object_component_ref idref="oc-3a6"/>
      </symbol>
      <symbol id="sm-3e7">
         <name>PinTypeSPI</name>
         <value>0x20009835</value>
         <object_component_ref idref="oc-28f"/>
      </symbol>
      <symbol id="sm-3e8">
         <name>PinModeSet</name>
         <value>0x2000929d</value>
         <object_component_ref idref="oc-277"/>
      </symbol>
      <symbol id="sm-46e">
         <name>PRCMPeripheralReset</name>
         <value>0x20009071</value>
         <object_component_ref idref="oc-22a"/>
      </symbol>
      <symbol id="sm-46f">
         <name>PRCMPeripheralClkEnable</name>
         <value>0x2000939d</value>
         <object_component_ref idref="oc-104"/>
      </symbol>
      <symbol id="sm-470">
         <name>PRCMPeripheralClockGet</name>
         <value>0x200089dd</value>
         <object_component_ref idref="oc-110"/>
      </symbol>
      <symbol id="sm-471">
         <name>PRCMCC3200MCUInit</name>
         <value>0x200079e9</value>
         <object_component_ref idref="oc-f8"/>
      </symbol>
      <symbol id="sm-472">
         <name>PRCMHIBRegWrite</name>
         <value>0x20009969</value>
         <object_component_ref idref="oc-270"/>
      </symbol>
      <symbol id="sm-473">
         <name>PRCMSysResetCauseGet</name>
         <value>0x2000956d</value>
         <object_component_ref idref="oc-264"/>
      </symbol>
      <symbol id="sm-474">
         <name>PRCMPeripheralClkDisable</name>
         <value>0x200095c5</value>
         <object_component_ref idref="oc-242"/>
      </symbol>
      <symbol id="sm-475">
         <name>PRCMHIBRegRead</name>
         <value>0x20009953</value>
         <object_component_ref idref="oc-26a"/>
      </symbol>
      <symbol id="sm-4ba">
         <name>SPICSEnable</name>
         <value>0x20009899</value>
         <object_component_ref idref="oc-2aa"/>
      </symbol>
      <symbol id="sm-4bb">
         <name>SPIDataPut</name>
         <value>0x2000976b</value>
         <object_component_ref idref="oc-2b0"/>
      </symbol>
      <symbol id="sm-4bc">
         <name>SPIEnable</name>
         <value>0x200098b1</value>
         <object_component_ref idref="oc-11c"/>
      </symbol>
      <symbol id="sm-4bd">
         <name>SPIDataGet</name>
         <value>0x2000970d</value>
         <object_component_ref idref="oc-2b6"/>
      </symbol>
      <symbol id="sm-4be">
         <name>SPIConfigSetExpClk</name>
         <value>0x20008809</value>
         <object_component_ref idref="oc-116"/>
      </symbol>
      <symbol id="sm-4bf">
         <name>SPIReset</name>
         <value>0x200096cb</value>
         <object_component_ref idref="oc-10a"/>
      </symbol>
      <symbol id="sm-4c0">
         <name>SPICSDisable</name>
         <value>0x20009881</value>
         <object_component_ref idref="oc-2bc"/>
      </symbol>
      <symbol id="sm-4fc">
         <name>UARTConfigSetExpClk</name>
         <value>0x20008d97</value>
         <object_component_ref idref="oc-193"/>
      </symbol>
      <symbol id="sm-4fd">
         <name>UARTDisable</name>
         <value>0x200094b1</value>
         <object_component_ref idref="oc-317"/>
      </symbol>
      <symbol id="sm-4fe">
         <name>UARTCharsAvail</name>
         <value>0x200098c9</value>
         <object_component_ref idref="oc-1a5"/>
      </symbol>
      <symbol id="sm-4ff">
         <name>UARTCharGetNonBlocking</name>
         <value>0x200097c3</value>
         <object_component_ref idref="oc-1ab"/>
      </symbol>
      <symbol id="sm-500">
         <name>UARTCharPut</name>
         <value>0x20009789</value>
         <object_component_ref idref="oc-199"/>
      </symbol>
      <symbol id="sm-501">
         <name>UARTEnable</name>
         <value>0x2000963d</value>
         <object_component_ref idref="oc-31d"/>
      </symbol>
      <symbol id="sm-505">
         <name>UtilsDelay</name>
         <value>0x20009a6d</value>
         <object_component_ref idref="oc-152"/>
      </symbol>
      <symbol id="sm-50f">
         <name>CPUcpsie</name>
         <value>0x20009995</value>
         <object_component_ref idref="oc-254"/>
      </symbol>
      <symbol id="sm-53f">
         <name>vsnprintf</name>
         <value>0x2000931d</value>
         <object_component_ref idref="oc-19f"/>
      </symbol>
      <symbol id="sm-553">
         <name>__aeabi_ddiv</name>
         <value>0x20007c9d</value>
         <object_component_ref idref="oc-2c7"/>
      </symbol>
      <symbol id="sm-55e">
         <name>__aeabi_dmul</name>
         <value>0x2000821d</value>
         <object_component_ref idref="oc-2cc"/>
      </symbol>
      <symbol id="sm-568">
         <name>__aeabi_d2iz</name>
         <value>0x20009211</value>
         <object_component_ref idref="oc-2d1"/>
      </symbol>
      <symbol id="sm-579">
         <name>__aeabi_fadd</name>
         <value>0x2000831d</value>
         <object_component_ref idref="oc-139"/>
      </symbol>
      <symbol id="sm-57a">
         <name>__aeabi_fsub</name>
         <value>0x20008319</value>
         <object_component_ref idref="oc-139"/>
      </symbol>
      <symbol id="sm-594">
         <name>__aeabi_cfrcmple</name>
         <value>0x20008fb3</value>
         <object_component_ref idref="oc-13e"/>
      </symbol>
      <symbol id="sm-595">
         <name>__aeabi_cfcmpeq</name>
         <value>0x20008f53</value>
         <object_component_ref idref="oc-143"/>
      </symbol>
      <symbol id="sm-596">
         <name>__aeabi_cfcmple</name>
         <value>0x20008f53</value>
         <object_component_ref idref="oc-143"/>
      </symbol>
      <symbol id="sm-5a3">
         <name>__aeabi_fdiv</name>
         <value>0x20008a71</value>
         <object_component_ref idref="oc-14d"/>
      </symbol>
      <symbol id="sm-5ad">
         <name>__aeabi_f2iz</name>
         <value>0x200093d9</value>
         <object_component_ref idref="oc-148"/>
      </symbol>
      <symbol id="sm-5b8">
         <name>__aeabi_i2f</name>
         <value>0x20009411</value>
         <object_component_ref idref="oc-134"/>
      </symbol>
      <symbol id="sm-5d3">
         <name>memcpy</name>
         <value>0x200088a9</value>
         <object_component_ref idref="oc-3d"/>
      </symbol>
      <symbol id="sm-5d4">
         <name>__aeabi_memcpy</name>
         <value>0x200088a9</value>
         <object_component_ref idref="oc-3d"/>
      </symbol>
      <symbol id="sm-5d5">
         <name>__aeabi_memcpy8</name>
         <value>0x200088a9</value>
         <object_component_ref idref="oc-3d"/>
      </symbol>
      <symbol id="sm-5d6">
         <name>__aeabi_memcpy4</name>
         <value>0x200088a9</value>
         <object_component_ref idref="oc-3d"/>
      </symbol>
      <symbol id="sm-5e0">
         <name>__aeabi_ui2d</name>
         <value>0x2000972d</value>
         <object_component_ref idref="oc-2c2"/>
      </symbol>
      <symbol id="sm-5ed">
         <name>__aeabi_uldivmod</name>
         <value>0x20008945</value>
         <object_component_ref idref="oc-46b"/>
      </symbol>
      <symbol id="sm-601">
         <name>__TI_zero_init_nomemset</name>
         <value>0x200097df</value>
         <object_component_ref idref="oc-49"/>
      </symbol>
      <symbol id="sm-618">
         <name>__TI_decompress_none</name>
         <value>0x20009a29</value>
         <object_component_ref idref="oc-1b"/>
      </symbol>
      <symbol id="sm-63b">
         <name>__TI_decompress_lzss</name>
         <value>0x20008eeb</value>
         <object_component_ref idref="oc-15"/>
      </symbol>
      <symbol id="sm-64c">
         <name>memmove</name>
         <value>0x20009615</value>
         <object_component_ref idref="oc-1b7"/>
      </symbol>
      <symbol id="sm-6ea">
         <name>_sys_memory</name>
         <value>0x20017000</value>
         <object_component_ref idref="oc-23"/>
      </symbol>
      <symbol id="sm-6eb">
         <name>free</name>
         <value>0x20008415</value>
         <object_component_ref idref="oc-1c9"/>
      </symbol>
      <symbol id="sm-6ec">
         <name>realloc</name>
         <value>0x200084f9</value>
         <object_component_ref idref="oc-1c3"/>
      </symbol>
      <symbol id="sm-6ed">
         <name>memalign</name>
         <value>0x2000811d</value>
         <object_component_ref idref="oc-349"/>
      </symbol>
      <symbol id="sm-6ee">
         <name>malloc</name>
         <value>0x20009a65</value>
         <object_component_ref idref="oc-1bd"/>
      </symbol>
      <symbol id="sm-6ef">
         <name>aligned_alloc</name>
         <value>0x2000811d</value>
         <object_component_ref idref="oc-349"/>
      </symbol>
      <symbol id="sm-6fe">
         <name>strcmp</name>
         <value>0x200098f9</value>
         <object_component_ref idref="oc-e0"/>
      </symbol>
      <symbol id="sm-70c">
         <name>strcpy</name>
         <value>0x200099bd</value>
         <object_component_ref idref="oc-12e"/>
      </symbol>
      <symbol id="sm-71a">
         <name>strlen</name>
         <value>0x200099d1</value>
         <object_component_ref idref="oc-1b1"/>
      </symbol>
      <symbol id="sm-732">
         <name>strtok</name>
         <value>0x200092dd</value>
         <object_component_ref idref="oc-cb"/>
      </symbol>
      <symbol id="sm-752">
         <name>strtoul</name>
         <value>0x2000800d</value>
         <object_component_ref idref="oc-d1"/>
      </symbol>
      <symbol id="sm-768">
         <name>__aeabi_errno_addr</name>
         <value>0x20009a5d</value>
         <object_component_ref idref="oc-1ef"/>
      </symbol>
      <symbol id="sm-769">
         <name>errno</name>
         <value>0x20017830</value>
         <object_component_ref idref="oc-375"/>
      </symbol>
      <symbol id="sm-77b">
         <name>__stack</name>
         <value>0x2002f800</value>
         <object_component_ref idref="oc-26"/>
      </symbol>
      <symbol id="sm-77c">
         <name>_c_int00_noargs</name>
         <value>0x20009661</value>
         <object_component_ref idref="oc-5b"/>
      </symbol>
      <symbol id="sm-8e1">
         <name>__TI_printfi</name>
         <value>0x20005db5</value>
         <object_component_ref idref="oc-325"/>
      </symbol>
      <symbol id="sm-901">
         <name>frexpl</name>
         <value>0x20009015</value>
         <object_component_ref idref="oc-4a2"/>
      </symbol>
      <symbol id="sm-902">
         <name>frexp</name>
         <value>0x20009015</value>
         <object_component_ref idref="oc-4a2"/>
      </symbol>
      <symbol id="sm-920">
         <name>scalbn</name>
         <value>0x200085dd</value>
         <object_component_ref idref="oc-4a8"/>
      </symbol>
      <symbol id="sm-921">
         <name>scalbnl</name>
         <value>0x200085dd</value>
         <object_component_ref idref="oc-4a8"/>
      </symbol>
      <symbol id="sm-922">
         <name>ldexpl</name>
         <value>0x200085dd</value>
         <object_component_ref idref="oc-4a8"/>
      </symbol>
      <symbol id="sm-923">
         <name>ldexp</name>
         <value>0x200085dd</value>
         <object_component_ref idref="oc-4a8"/>
      </symbol>
      <symbol id="sm-93c">
         <name>wcslen</name>
         <value>0x20009a09</value>
         <object_component_ref idref="oc-41b"/>
      </symbol>
      <symbol id="sm-946">
         <name>__aeabi_idiv0</name>
         <value>0x200079e7</value>
         <object_component_ref idref="oc-4d1"/>
      </symbol>
      <symbol id="sm-947">
         <name>__aeabi_ldiv0</name>
         <value>0x200079e7</value>
         <object_component_ref idref="oc-4d1"/>
      </symbol>
      <symbol id="sm-95e">
         <name>__aeabi_dsub</name>
         <value>0x20007831</value>
         <object_component_ref idref="oc-482"/>
      </symbol>
      <symbol id="sm-95f">
         <name>__aeabi_dadd</name>
         <value>0x2000783b</value>
         <object_component_ref idref="oc-482"/>
      </symbol>
      <symbol id="sm-981">
         <name>__aeabi_cdcmpeq</name>
         <value>0x20008b8d</value>
         <object_component_ref idref="oc-3f8"/>
      </symbol>
      <symbol id="sm-982">
         <name>__aeabi_cdcmple</name>
         <value>0x20008b8d</value>
         <object_component_ref idref="oc-3f8"/>
      </symbol>
      <symbol id="sm-983">
         <name>__aeabi_cdrcmple</name>
         <value>0x20008c13</value>
         <object_component_ref idref="oc-472"/>
      </symbol>
      <symbol id="sm-98d">
         <name>__aeabi_i2d</name>
         <value>0x20009511</value>
         <object_component_ref idref="oc-47d"/>
      </symbol>
      <symbol id="sm-99c">
         <name>__aeabi_memset</name>
         <value>0x20008d1f</value>
         <object_component_ref idref="oc-8b"/>
      </symbol>
      <symbol id="sm-99d">
         <name>memset</name>
         <value>0x20008d25</value>
         <object_component_ref idref="oc-8b"/>
      </symbol>
      <symbol id="sm-99e">
         <name>__aeabi_memset8</name>
         <value>0x20008d1f</value>
         <object_component_ref idref="oc-8b"/>
      </symbol>
      <symbol id="sm-99f">
         <name>__aeabi_memset4</name>
         <value>0x20008d1f</value>
         <object_component_ref idref="oc-8b"/>
      </symbol>
      <symbol id="sm-9a0">
         <name>__aeabi_memclr8</name>
         <value>0x20008d1d</value>
         <object_component_ref idref="oc-8b"/>
      </symbol>
      <symbol id="sm-9a1">
         <name>__aeabi_memclr4</name>
         <value>0x20008d1d</value>
         <object_component_ref idref="oc-8b"/>
      </symbol>
      <symbol id="sm-9a2">
         <name>__aeabi_memclr</name>
         <value>0x20008d1d</value>
         <object_component_ref idref="oc-8b"/>
      </symbol>
      <symbol id="sm-9ca">
         <name>__TI_auto_init_nobinit_nopinit</name>
         <value>0x20009259</value>
         <object_component_ref idref="oc-161"/>
      </symbol>
      <symbol id="sm-9d4">
         <name>_system_pre_init</name>
         <value>0x20009a73</value>
         <object_component_ref idref="oc-91"/>
      </symbol>
      <symbol id="sm-9e0">
         <name>C$$EXIT</name>
         <value>0x20009a77</value>
         <object_component_ref idref="oc-155"/>
      </symbol>
      <symbol id="sm-9e1">
         <name>abort</name>
         <value>0x20009a77</value>
         <object_component_ref idref="oc-155"/>
      </symbol>
      <symbol id="sm-9f6">
         <name>_nop</name>
         <value>0x20006803</value>
         <object_component_ref idref="oc-3cb"/>
      </symbol>
      <symbol id="sm-9f7">
         <name>_lock</name>
         <value>0x20017818</value>
         <object_component_ref idref="oc-2fb"/>
      </symbol>
      <symbol id="sm-9f8">
         <name>_unlock</name>
         <value>0x2001781c</value>
         <object_component_ref idref="oc-2fb"/>
      </symbol>
      <symbol id="sm-a07">
         <name>__TI_ltoa</name>
         <value>0x2000911f</value>
         <object_component_ref idref="oc-477"/>
      </symbol>
      <symbol id="sm-a1e">
         <name>atoi</name>
         <value>0x200091c5</value>
         <object_component_ref idref="oc-3ec"/>
      </symbol>
      <symbol id="sm-a29">
         <name>_ctypes_</name>
         <value>0x2000a472</value>
         <object_component_ref idref="oc-1f5"/>
      </symbol>
      <symbol id="sm-a39">
         <name>memccpy</name>
         <value>0x20009819</value>
         <object_component_ref idref="oc-415"/>
      </symbol>
      <symbol id="sm-a49">
         <name>strchr</name>
         <value>0x2000997f</value>
         <object_component_ref idref="oc-4ae"/>
      </symbol>
      <symbol id="sm-a5a">
         <name>strcspn</name>
         <value>0x20009685</value>
         <object_component_ref idref="oc-1e4"/>
      </symbol>
      <symbol id="sm-a6c">
         <name>strspn</name>
         <value>0x20009599</value>
         <object_component_ref idref="oc-1de"/>
      </symbol>
      <symbol id="sm-a76">
         <name>copysign</name>
         <value>0x20009a45</value>
         <object_component_ref idref="oc-4e7"/>
      </symbol>
      <symbol id="sm-a77">
         <name>copysignl</name>
         <value>0x20009a45</value>
         <object_component_ref idref="oc-4e7"/>
      </symbol>
      <symbol id="sm-a78">
         <name>__TI_static_base__</name>
         <value>0x2000a738</value>
      </symbol>
      <symbol id="sm-a7b">
         <name>__mpu_init</name>
         <value>0x0</value>
      </symbol>
      <symbol id="sm-a7c">
         <name>_system_post_cinit</name>
         <value>0x0</value>
      </symbol>
   </symbol_table>
   <title>Link successful</title>
</link_info>
