<?xml version="1.0" encoding="ISO-8859-1" ?>
<link_info>
   <banner>TI ARM Linker PC v20.2.5.LTS</banner>
   <copyright>Copyright (c) 1996-2018 Texas Instruments Incorporated</copyright>
   <link_time>0x6089b0fe</link_time>
   <link_errors>0x0</link_errors>
   <output_file>i2c_demo.out</output_file>
   <entry_point>
      <name>_c_int00_noargs</name>
      <address>0x20007d19</address>
   </entry_point>
   <input_file_list>
      <input_file id="fl-2">
         <path>.\</path>
         <kind>object</kind>
         <file>i2c_if.obj</file>
         <name>i2c_if.obj</name>
      </input_file>
      <input_file id="fl-3">
         <path>.\</path>
         <kind>object</kind>
         <file>main.obj</file>
         <name>main.obj</name>
      </input_file>
      <input_file id="fl-4">
         <path>.\</path>
         <kind>object</kind>
         <file>pin_mux_config.obj</file>
         <name>pin_mux_config.obj</name>
      </input_file>
      <input_file id="fl-5">
         <path>.\</path>
         <kind>object</kind>
         <file>startup_ccs.obj</file>
         <name>startup_ccs.obj</name>
      </input_file>
      <input_file id="fl-6">
         <path>.\</path>
         <kind>object</kind>
         <file>uart_if.obj</file>
         <name>uart_if.obj</name>
      </input_file>
      <input_file id="fl-b">
         <kind>object</kind>
         <file>&lt;internal&gt;</file>
         <name>&lt;internal&gt;</name>
      </input_file>
      <input_file id="fl-c">
         <path>C:\ti\CC3200SDK_1.5.0\cc3200-sdk\driverlib\ccs\Release\</path>
         <kind>archive</kind>
         <file>driverlib.a</file>
         <name>gpio.obj</name>
      </input_file>
      <input_file id="fl-d">
         <path>C:\ti\CC3200SDK_1.5.0\cc3200-sdk\driverlib\ccs\Release\</path>
         <kind>archive</kind>
         <file>driverlib.a</file>
         <name>i2c.obj</name>
      </input_file>
      <input_file id="fl-e">
         <path>C:\ti\CC3200SDK_1.5.0\cc3200-sdk\driverlib\ccs\Release\</path>
         <kind>archive</kind>
         <file>driverlib.a</file>
         <name>interrupt.obj</name>
      </input_file>
      <input_file id="fl-f">
         <path>C:\ti\CC3200SDK_1.5.0\cc3200-sdk\driverlib\ccs\Release\</path>
         <kind>archive</kind>
         <file>driverlib.a</file>
         <name>pin.obj</name>
      </input_file>
      <input_file id="fl-10">
         <path>C:\ti\CC3200SDK_1.5.0\cc3200-sdk\driverlib\ccs\Release\</path>
         <kind>archive</kind>
         <file>driverlib.a</file>
         <name>prcm.obj</name>
      </input_file>
      <input_file id="fl-11">
         <path>C:\ti\CC3200SDK_1.5.0\cc3200-sdk\driverlib\ccs\Release\</path>
         <kind>archive</kind>
         <file>driverlib.a</file>
         <name>uart.obj</name>
      </input_file>
      <input_file id="fl-12">
         <path>C:\ti\CC3200SDK_1.5.0\cc3200-sdk\driverlib\ccs\Release\</path>
         <kind>archive</kind>
         <file>driverlib.a</file>
         <name>utils.obj</name>
      </input_file>
      <input_file id="fl-13">
         <path>C:\ti\CC3200SDK_1.5.0\cc3200-sdk\driverlib\ccs\Release\</path>
         <kind>archive</kind>
         <file>driverlib.a</file>
         <name>cpu.obj</name>
      </input_file>
      <input_file id="fl-14">
         <path>C:\ti\CC3200SDK_1.5.0\cc3200-sdk\driverlib\ccs\Release\</path>
         <kind>archive</kind>
         <file>driverlib.a</file>
         <name>flash.obj</name>
      </input_file>
      <input_file id="fl-ca">
         <path>C:\ti\ccs1020\ccs\tools\compiler\ti-cgt-arm_20.2.5.LTS\lib\</path>
         <kind>archive</kind>
         <file>rtsv7M4_T_le_eabi.lib</file>
         <name>vsnprintf.c.obj</name>
      </input_file>
      <input_file id="fl-cb">
         <path>C:\ti\ccs1020\ccs\tools\compiler\ti-cgt-arm_20.2.5.LTS\lib\</path>
         <kind>archive</kind>
         <file>rtsv7M4_T_le_eabi.lib</file>
         <name>memcpy_t2.asm.obj</name>
      </input_file>
      <input_file id="fl-cc">
         <path>C:\ti\ccs1020\ccs\tools\compiler\ti-cgt-arm_20.2.5.LTS\lib\</path>
         <kind>archive</kind>
         <file>rtsv7M4_T_le_eabi.lib</file>
         <name>ull_div_t2.asm.obj</name>
      </input_file>
      <input_file id="fl-cd">
         <path>C:\ti\ccs1020\ccs\tools\compiler\ti-cgt-arm_20.2.5.LTS\lib\</path>
         <kind>archive</kind>
         <file>rtsv7M4_T_le_eabi.lib</file>
         <name>copy_zero_init.c.obj</name>
      </input_file>
      <input_file id="fl-ce">
         <path>C:\ti\ccs1020\ccs\tools\compiler\ti-cgt-arm_20.2.5.LTS\lib\</path>
         <kind>archive</kind>
         <file>rtsv7M4_T_le_eabi.lib</file>
         <name>copy_decompress_none.c.obj</name>
      </input_file>
      <input_file id="fl-cf">
         <path>C:\ti\ccs1020\ccs\tools\compiler\ti-cgt-arm_20.2.5.LTS\lib\</path>
         <kind>archive</kind>
         <file>rtsv7M4_T_le_eabi.lib</file>
         <name>copy_decompress_lzss.c.obj</name>
      </input_file>
      <input_file id="fl-d0">
         <path>C:\ti\ccs1020\ccs\tools\compiler\ti-cgt-arm_20.2.5.LTS\lib\</path>
         <kind>archive</kind>
         <file>rtsv7M4_T_le_eabi.lib</file>
         <name>memmov.c.obj</name>
      </input_file>
      <input_file id="fl-d1">
         <path>C:\ti\ccs1020\ccs\tools\compiler\ti-cgt-arm_20.2.5.LTS\lib\</path>
         <kind>archive</kind>
         <file>rtsv7M4_T_le_eabi.lib</file>
         <name>memory.c.obj</name>
      </input_file>
      <input_file id="fl-d2">
         <path>C:\ti\ccs1020\ccs\tools\compiler\ti-cgt-arm_20.2.5.LTS\lib\</path>
         <kind>archive</kind>
         <file>rtsv7M4_T_le_eabi.lib</file>
         <name>strcmp.c.obj</name>
      </input_file>
      <input_file id="fl-d3">
         <path>C:\ti\ccs1020\ccs\tools\compiler\ti-cgt-arm_20.2.5.LTS\lib\</path>
         <kind>archive</kind>
         <file>rtsv7M4_T_le_eabi.lib</file>
         <name>strlen.c.obj</name>
      </input_file>
      <input_file id="fl-d4">
         <path>C:\ti\ccs1020\ccs\tools\compiler\ti-cgt-arm_20.2.5.LTS\lib\</path>
         <kind>archive</kind>
         <file>rtsv7M4_T_le_eabi.lib</file>
         <name>strtok.c.obj</name>
      </input_file>
      <input_file id="fl-d5">
         <path>C:\ti\ccs1020\ccs\tools\compiler\ti-cgt-arm_20.2.5.LTS\lib\</path>
         <kind>archive</kind>
         <file>rtsv7M4_T_le_eabi.lib</file>
         <name>strtoul.c.obj</name>
      </input_file>
      <input_file id="fl-d6">
         <path>C:\ti\ccs1020\ccs\tools\compiler\ti-cgt-arm_20.2.5.LTS\lib\</path>
         <kind>archive</kind>
         <file>rtsv7M4_T_le_eabi.lib</file>
         <name>errno.c.obj</name>
      </input_file>
      <input_file id="fl-d7">
         <path>C:\ti\ccs1020\ccs\tools\compiler\ti-cgt-arm_20.2.5.LTS\lib\</path>
         <kind>archive</kind>
         <file>rtsv7M4_T_le_eabi.lib</file>
         <name>boot_cortex_m.c.obj</name>
      </input_file>
      <input_file id="fl-d8">
         <path>C:\ti\ccs1020\ccs\tools\compiler\ti-cgt-arm_20.2.5.LTS\lib\</path>
         <kind>archive</kind>
         <file>rtsv7M4_T_le_eabi.lib</file>
         <name>_printfi.c.obj</name>
      </input_file>
      <input_file id="fl-d9">
         <path>C:\ti\ccs1020\ccs\tools\compiler\ti-cgt-arm_20.2.5.LTS\lib\</path>
         <kind>archive</kind>
         <file>rtsv7M4_T_le_eabi.lib</file>
         <name>s_frexp.c.obj</name>
      </input_file>
      <input_file id="fl-da">
         <path>C:\ti\ccs1020\ccs\tools\compiler\ti-cgt-arm_20.2.5.LTS\lib\</path>
         <kind>archive</kind>
         <file>rtsv7M4_T_le_eabi.lib</file>
         <name>s_scalbn.c.obj</name>
      </input_file>
      <input_file id="fl-db">
         <path>C:\ti\ccs1020\ccs\tools\compiler\ti-cgt-arm_20.2.5.LTS\lib\</path>
         <kind>archive</kind>
         <file>rtsv7M4_T_le_eabi.lib</file>
         <name>wcslen.c.obj</name>
      </input_file>
      <input_file id="fl-dc">
         <path>C:\ti\ccs1020\ccs\tools\compiler\ti-cgt-arm_20.2.5.LTS\lib\</path>
         <kind>archive</kind>
         <file>rtsv7M4_T_le_eabi.lib</file>
         <name>div0.asm.obj</name>
      </input_file>
      <input_file id="fl-dd">
         <path>C:\ti\ccs1020\ccs\tools\compiler\ti-cgt-arm_20.2.5.LTS\lib\</path>
         <kind>archive</kind>
         <file>rtsv7M4_T_le_eabi.lib</file>
         <name>fd_add_t2.asm.obj</name>
      </input_file>
      <input_file id="fl-de">
         <path>C:\ti\ccs1020\ccs\tools\compiler\ti-cgt-arm_20.2.5.LTS\lib\</path>
         <kind>archive</kind>
         <file>rtsv7M4_T_le_eabi.lib</file>
         <name>fd_cmp_t2.asm.obj</name>
      </input_file>
      <input_file id="fl-df">
         <path>C:\ti\ccs1020\ccs\tools\compiler\ti-cgt-arm_20.2.5.LTS\lib\</path>
         <kind>archive</kind>
         <file>rtsv7M4_T_le_eabi.lib</file>
         <name>fd_div_t2.asm.obj</name>
      </input_file>
      <input_file id="fl-e0">
         <path>C:\ti\ccs1020\ccs\tools\compiler\ti-cgt-arm_20.2.5.LTS\lib\</path>
         <kind>archive</kind>
         <file>rtsv7M4_T_le_eabi.lib</file>
         <name>fd_mul_t2.asm.obj</name>
      </input_file>
      <input_file id="fl-e1">
         <path>C:\ti\ccs1020\ccs\tools\compiler\ti-cgt-arm_20.2.5.LTS\lib\</path>
         <kind>archive</kind>
         <file>rtsv7M4_T_le_eabi.lib</file>
         <name>fd_toi_t2.asm.obj</name>
      </input_file>
      <input_file id="fl-e2">
         <path>C:\ti\ccs1020\ccs\tools\compiler\ti-cgt-arm_20.2.5.LTS\lib\</path>
         <kind>archive</kind>
         <file>rtsv7M4_T_le_eabi.lib</file>
         <name>i_tofd_t2.asm.obj</name>
      </input_file>
      <input_file id="fl-e3">
         <path>C:\ti\ccs1020\ccs\tools\compiler\ti-cgt-arm_20.2.5.LTS\lib\</path>
         <kind>archive</kind>
         <file>rtsv7M4_T_le_eabi.lib</file>
         <name>memset_t2.asm.obj</name>
      </input_file>
      <input_file id="fl-e4">
         <path>C:\ti\ccs1020\ccs\tools\compiler\ti-cgt-arm_20.2.5.LTS\lib\</path>
         <kind>archive</kind>
         <file>rtsv7M4_T_le_eabi.lib</file>
         <name>autoinit.c.obj</name>
      </input_file>
      <input_file id="fl-e5">
         <path>C:\ti\ccs1020\ccs\tools\compiler\ti-cgt-arm_20.2.5.LTS\lib\</path>
         <kind>archive</kind>
         <file>rtsv7M4_T_le_eabi.lib</file>
         <name>pre_init.c.obj</name>
      </input_file>
      <input_file id="fl-e6">
         <path>C:\ti\ccs1020\ccs\tools\compiler\ti-cgt-arm_20.2.5.LTS\lib\</path>
         <kind>archive</kind>
         <file>rtsv7M4_T_le_eabi.lib</file>
         <name>cpy_tbl.c.obj</name>
      </input_file>
      <input_file id="fl-e7">
         <path>C:\ti\ccs1020\ccs\tools\compiler\ti-cgt-arm_20.2.5.LTS\lib\</path>
         <kind>archive</kind>
         <file>rtsv7M4_T_le_eabi.lib</file>
         <name>exit.c.obj</name>
      </input_file>
      <input_file id="fl-e8">
         <path>C:\ti\ccs1020\ccs\tools\compiler\ti-cgt-arm_20.2.5.LTS\lib\</path>
         <kind>archive</kind>
         <file>rtsv7M4_T_le_eabi.lib</file>
         <name>_lock.c.obj</name>
      </input_file>
      <input_file id="fl-e9">
         <path>C:\ti\ccs1020\ccs\tools\compiler\ti-cgt-arm_20.2.5.LTS\lib\</path>
         <kind>archive</kind>
         <file>rtsv7M4_T_le_eabi.lib</file>
         <name>_ltoa.c.obj</name>
      </input_file>
      <input_file id="fl-ea">
         <path>C:\ti\ccs1020\ccs\tools\compiler\ti-cgt-arm_20.2.5.LTS\lib\</path>
         <kind>archive</kind>
         <file>rtsv7M4_T_le_eabi.lib</file>
         <name>args_main.c.obj</name>
      </input_file>
      <input_file id="fl-eb">
         <path>C:\ti\ccs1020\ccs\tools\compiler\ti-cgt-arm_20.2.5.LTS\lib\</path>
         <kind>archive</kind>
         <file>rtsv7M4_T_le_eabi.lib</file>
         <name>atoi.c.obj</name>
      </input_file>
      <input_file id="fl-ec">
         <path>C:\ti\ccs1020\ccs\tools\compiler\ti-cgt-arm_20.2.5.LTS\lib\</path>
         <kind>archive</kind>
         <file>rtsv7M4_T_le_eabi.lib</file>
         <name>ctype.c.obj</name>
      </input_file>
      <input_file id="fl-ed">
         <path>C:\ti\ccs1020\ccs\tools\compiler\ti-cgt-arm_20.2.5.LTS\lib\</path>
         <kind>archive</kind>
         <file>rtsv7M4_T_le_eabi.lib</file>
         <name>memccpy.c.obj</name>
      </input_file>
      <input_file id="fl-ee">
         <path>C:\ti\ccs1020\ccs\tools\compiler\ti-cgt-arm_20.2.5.LTS\lib\</path>
         <kind>archive</kind>
         <file>rtsv7M4_T_le_eabi.lib</file>
         <name>strchr.c.obj</name>
      </input_file>
      <input_file id="fl-ef">
         <path>C:\ti\ccs1020\ccs\tools\compiler\ti-cgt-arm_20.2.5.LTS\lib\</path>
         <kind>archive</kind>
         <file>rtsv7M4_T_le_eabi.lib</file>
         <name>strcspn.c.obj</name>
      </input_file>
      <input_file id="fl-f0">
         <path>C:\ti\ccs1020\ccs\tools\compiler\ti-cgt-arm_20.2.5.LTS\lib\</path>
         <kind>archive</kind>
         <file>rtsv7M4_T_le_eabi.lib</file>
         <name>strspn.c.obj</name>
      </input_file>
      <input_file id="fl-f1">
         <path>C:\ti\ccs1020\ccs\tools\compiler\ti-cgt-arm_20.2.5.LTS\lib\</path>
         <kind>archive</kind>
         <file>rtsv7M4_T_le_eabi.lib</file>
         <name>s_copysign.c.obj</name>
      </input_file>
   </input_file_list>
   <object_component_list>
      <object_component id="oc-12">
         <name>.intvecs</name>
         <load_address>0x20004000</load_address>
         <run_address>0x20004000</run_address>
         <size>0x400</size>
         <input_file_ref idref="fl-5"/>
      </object_component>
      <object_component id="oc-97">
         <name>.text</name>
         <load_address>0x20004400</load_address>
         <run_address>0x20004400</run_address>
         <size>0xaa8</size>
         <input_file_ref idref="fl-3"/>
      </object_component>
      <object_component id="oc-28f">
         <name>.text:__TI_printfi</name>
         <load_address>0x20004ea8</load_address>
         <run_address>0x20004ea8</run_address>
         <size>0xa4e</size>
         <input_file_ref idref="fl-d8"/>
      </object_component>
      <object_component id="oc-322">
         <name>.text:_nop</name>
         <load_address>0x200058f6</load_address>
         <run_address>0x200058f6</run_address>
         <size>0x2</size>
         <input_file_ref idref="fl-e8"/>
      </object_component>
      <object_component id="oc-d7">
         <name>.text</name>
         <load_address>0x200058f8</load_address>
         <run_address>0x200058f8</run_address>
         <size>0x2a0</size>
         <input_file_ref idref="fl-2"/>
      </object_component>
      <object_component id="oc-c5">
         <name>.text</name>
         <load_address>0x20005b98</load_address>
         <run_address>0x20005b98</run_address>
         <size>0x27c</size>
         <input_file_ref idref="fl-6"/>
      </object_component>
      <object_component id="oc-366">
         <name>.text:_pconv_a</name>
         <load_address>0x20005e14</load_address>
         <run_address>0x20005e14</run_address>
         <size>0x268</size>
         <input_file_ref idref="fl-d8"/>
      </object_component>
      <object_component id="oc-354">
         <name>.text:_pconv_g</name>
         <load_address>0x2000607c</load_address>
         <run_address>0x2000607c</run_address>
         <size>0x1cc</size>
         <input_file_ref idref="fl-d8"/>
      </object_component>
      <object_component id="oc-3e8">
         <name>.text</name>
         <load_address>0x20006248</load_address>
         <run_address>0x20006248</run_address>
         <size>0x1b6</size>
         <input_file_ref idref="fl-dd"/>
      </object_component>
      <object_component id="oc-437">
         <name>.text</name>
         <load_address>0x200063fe</load_address>
         <run_address>0x200063fe</run_address>
         <size>0x2</size>
         <input_file_ref idref="fl-dc"/>
      </object_component>
      <object_component id="oc-f5">
         <name>.text:PRCMCC3200MCUInit</name>
         <load_address>0x20006400</load_address>
         <run_address>0x20006400</run_address>
         <size>0x178</size>
         <input_file_ref idref="fl-10"/>
      </object_component>
      <object_component id="oc-360">
         <name>.text:_pconv_e</name>
         <load_address>0x20006578</load_address>
         <run_address>0x20006578</run_address>
         <size>0x13c</size>
         <input_file_ref idref="fl-d8"/>
      </object_component>
      <object_component id="oc-3ce">
         <name>.text</name>
         <load_address>0x200066b4</load_address>
         <run_address>0x200066b4</run_address>
         <size>0x136</size>
         <input_file_ref idref="fl-df"/>
      </object_component>
      <object_component id="oc-3fa">
         <name>.text:fcvt</name>
         <load_address>0x200067ec</load_address>
         <run_address>0x200067ec</run_address>
         <size>0x120</size>
         <input_file_ref idref="fl-d8"/>
      </object_component>
      <object_component id="oc-fb">
         <name>.text</name>
         <load_address>0x2000690c</load_address>
         <run_address>0x2000690c</run_address>
         <size>0x118</size>
         <input_file_ref idref="fl-4"/>
      </object_component>
      <object_component id="oc-d1">
         <name>.text:strtoul</name>
         <load_address>0x20006a24</load_address>
         <run_address>0x20006a24</run_address>
         <size>0x110</size>
         <input_file_ref idref="fl-d5"/>
      </object_component>
      <object_component id="oc-2b3">
         <name>.text:aligned_alloc</name>
         <load_address>0x20006b34</load_address>
         <run_address>0x20006b34</run_address>
         <size>0x100</size>
         <input_file_ref idref="fl-d1"/>
      </object_component>
      <object_component id="oc-3c9">
         <name>.text</name>
         <load_address>0x20006c34</load_address>
         <run_address>0x20006c34</run_address>
         <size>0xfc</size>
         <input_file_ref idref="fl-e0"/>
      </object_component>
      <object_component id="oc-17d">
         <name>.text:free</name>
         <load_address>0x20006d30</load_address>
         <run_address>0x20006d30</run_address>
         <size>0xe4</size>
         <input_file_ref idref="fl-d1"/>
      </object_component>
      <object_component id="oc-177">
         <name>.text:realloc</name>
         <load_address>0x20006e14</load_address>
         <run_address>0x20006e14</run_address>
         <size>0xe4</size>
         <input_file_ref idref="fl-d1"/>
      </object_component>
      <object_component id="oc-40e">
         <name>.text:scalbn</name>
         <load_address>0x20006ef8</load_address>
         <run_address>0x20006ef8</run_address>
         <size>0xd0</size>
         <input_file_ref idref="fl-da"/>
      </object_component>
      <object_component id="oc-349">
         <name>.text:_ltostr</name>
         <load_address>0x20006fc8</load_address>
         <run_address>0x20006fc8</run_address>
         <size>0xb1</size>
         <input_file_ref idref="fl-d8"/>
      </object_component>
      <object_component id="oc-ef">
         <name>.text:IntEnable</name>
         <load_address>0x2000707c</load_address>
         <run_address>0x2000707c</run_address>
         <size>0xa8</size>
         <input_file_ref idref="fl-e"/>
      </object_component>
      <object_component id="oc-3d">
         <name>.text</name>
         <load_address>0x20007124</load_address>
         <run_address>0x20007124</run_address>
         <size>0x9c</size>
         <input_file_ref idref="fl-cb"/>
      </object_component>
      <object_component id="oc-3c2">
         <name>.text</name>
         <load_address>0x200071c0</load_address>
         <run_address>0x200071c0</run_address>
         <size>0x96</size>
         <input_file_ref idref="fl-cc"/>
      </object_component>
      <object_component id="oc-141">
         <name>.text:PRCMPeripheralClockGet</name>
         <load_address>0x20007258</load_address>
         <run_address>0x20007258</run_address>
         <size>0x94</size>
         <input_file_ref idref="fl-10"/>
      </object_component>
      <object_component id="oc-315">
         <name>.text:PinConfigSet</name>
         <load_address>0x200072ec</load_address>
         <run_address>0x200072ec</run_address>
         <size>0x88</size>
         <input_file_ref idref="fl-f"/>
      </object_component>
      <object_component id="oc-34f">
         <name>.text:__aeabi_cdcmple</name>
         <load_address>0x20007374</load_address>
         <run_address>0x20007374</run_address>
         <size>0x86</size>
         <input_file_ref idref="fl-de"/>
      </object_component>
      <object_component id="oc-3d3">
         <name>.text:__aeabi_cdrcmple</name>
         <load_address>0x200073fa</load_address>
         <run_address>0x200073fa</run_address>
         <size>0x86</size>
         <input_file_ref idref="fl-de"/>
      </object_component>
      <object_component id="oc-1f6">
         <name>.text:I2CMasterInitExpClk</name>
         <load_address>0x20007480</load_address>
         <run_address>0x20007480</run_address>
         <size>0x84</size>
         <input_file_ref idref="fl-d"/>
      </object_component>
      <object_component id="oc-8b">
         <name>.text</name>
         <load_address>0x20007504</load_address>
         <run_address>0x20007504</run_address>
         <size>0x7a</size>
         <input_file_ref idref="fl-e3"/>
      </object_component>
      <object_component id="oc-147">
         <name>.text:UARTConfigSetExpClk</name>
         <load_address>0x2000757e</load_address>
         <run_address>0x2000757e</run_address>
         <size>0x76</size>
         <input_file_ref idref="fl-11"/>
      </object_component>
      <object_component id="oc-2c0">
         <name>.text:split</name>
         <load_address>0x200075f4</load_address>
         <run_address>0x200075f4</run_address>
         <size>0x70</size>
         <input_file_ref idref="fl-d1"/>
      </object_component>
      <object_component id="oc-3f3">
         <name>.text:_mcpy</name>
         <load_address>0x20007664</load_address>
         <run_address>0x20007664</run_address>
         <size>0x6e</size>
         <input_file_ref idref="fl-d8"/>
      </object_component>
      <object_component id="oc-15">
         <name>.text:decompress:lzss:__TI_decompress_lzss</name>
         <load_address>0x200076d2</load_address>
         <run_address>0x200076d2</run_address>
         <size>0x68</size>
         <input_file_ref idref="fl-cf"/>
      </object_component>
      <object_component id="oc-408">
         <name>.text:frexp</name>
         <load_address>0x2000773c</load_address>
         <run_address>0x2000773c</run_address>
         <size>0x5c</size>
         <input_file_ref idref="fl-d9"/>
      </object_component>
      <object_component id="oc-1e4">
         <name>.text:PRCMPeripheralReset</name>
         <load_address>0x20007798</load_address>
         <run_address>0x20007798</run_address>
         <size>0x58</size>
         <input_file_ref idref="fl-10"/>
      </object_component>
      <object_component id="oc-35a">
         <name>.text:_pconv_f</name>
         <load_address>0x200077f0</load_address>
         <run_address>0x200077f0</run_address>
         <size>0x56</size>
         <input_file_ref idref="fl-d8"/>
      </object_component>
      <object_component id="oc-3dd">
         <name>.text:__TI_ltoa</name>
         <load_address>0x20007846</load_address>
         <run_address>0x20007846</run_address>
         <size>0x54</size>
         <input_file_ref idref="fl-e9"/>
      </object_component>
      <object_component id="oc-3ed">
         <name>.text:_ecpy</name>
         <load_address>0x2000789a</load_address>
         <run_address>0x2000789a</run_address>
         <size>0x52</size>
         <input_file_ref idref="fl-d8"/>
      </object_component>
      <object_component id="oc-343">
         <name>.text:atoi</name>
         <load_address>0x200078ec</load_address>
         <run_address>0x200078ec</run_address>
         <size>0x4c</size>
         <input_file_ref idref="fl-eb"/>
      </object_component>
      <object_component id="oc-3d8">
         <name>.text</name>
         <load_address>0x20007938</load_address>
         <run_address>0x20007938</run_address>
         <size>0x48</size>
         <input_file_ref idref="fl-e1"/>
      </object_component>
      <object_component id="oc-10f">
         <name>.text:__TI_auto_init_nobinit_nopinit:__TI_auto_init_nobinit_nopinit</name>
         <load_address>0x20007980</load_address>
         <run_address>0x20007980</run_address>
         <size>0x44</size>
         <input_file_ref idref="fl-e4"/>
      </object_component>
      <object_component id="oc-22f">
         <name>.text:PinModeSet</name>
         <load_address>0x200079c4</load_address>
         <run_address>0x200079c4</run_address>
         <size>0x40</size>
         <input_file_ref idref="fl-f"/>
      </object_component>
      <object_component id="oc-cb">
         <name>.text:strtok</name>
         <load_address>0x20007a04</load_address>
         <run_address>0x20007a04</run_address>
         <size>0x40</size>
         <input_file_ref idref="fl-d4"/>
      </object_component>
      <object_component id="oc-153">
         <name>.text:vsnprintf</name>
         <load_address>0x20007a44</load_address>
         <run_address>0x20007a44</run_address>
         <size>0x40</size>
         <input_file_ref idref="fl-ca"/>
      </object_component>
      <object_component id="oc-400">
         <name>.text:_fcpy</name>
         <load_address>0x20007a84</load_address>
         <run_address>0x20007a84</run_address>
         <size>0x3e</size>
         <input_file_ref idref="fl-d8"/>
      </object_component>
      <object_component id="oc-1de">
         <name>.text:PRCMPeripheralClkEnable</name>
         <load_address>0x20007ac4</load_address>
         <run_address>0x20007ac4</run_address>
         <size>0x3c</size>
         <input_file_ref idref="fl-10"/>
      </object_component>
      <object_component id="oc-23b">
         <name>.text:GPIODirModeSet</name>
         <load_address>0x20007b00</load_address>
         <run_address>0x20007b00</run_address>
         <size>0x36</size>
         <input_file_ref idref="fl-c"/>
      </object_component>
      <object_component id="oc-235">
         <name>.text:PinTypeGPIO</name>
         <load_address>0x20007b36</load_address>
         <run_address>0x20007b36</run_address>
         <size>0x30</size>
         <input_file_ref idref="fl-f"/>
      </object_component>
      <object_component id="oc-281">
         <name>.text:UARTDisable</name>
         <load_address>0x20007b68</load_address>
         <run_address>0x20007b68</run_address>
         <size>0x30</size>
         <input_file_ref idref="fl-11"/>
      </object_component>
      <object_component id="oc-295">
         <name>.text:_outs</name>
         <load_address>0x20007b98</load_address>
         <run_address>0x20007b98</run_address>
         <size>0x30</size>
         <input_file_ref idref="fl-ca"/>
      </object_component>
      <object_component id="oc-3e3">
         <name>.text</name>
         <load_address>0x20007bc8</load_address>
         <run_address>0x20007bc8</run_address>
         <size>0x2e</size>
         <input_file_ref idref="fl-e2"/>
      </object_component>
      <object_component id="oc-1c6">
         <name>.text:I2CMasterErr</name>
         <load_address>0x20007bf6</load_address>
         <run_address>0x20007bf6</run_address>
         <size>0x2c</size>
         <input_file_ref idref="fl-d"/>
      </object_component>
      <object_component id="oc-21c">
         <name>.text:PRCMSysResetCauseGet</name>
         <load_address>0x20007c24</load_address>
         <run_address>0x20007c24</run_address>
         <size>0x2c</size>
         <input_file_ref idref="fl-10"/>
      </object_component>
      <object_component id="oc-192">
         <name>.text:strspn</name>
         <load_address>0x20007c50</load_address>
         <run_address>0x20007c50</run_address>
         <size>0x2a</size>
         <input_file_ref idref="fl-f0"/>
      </object_component>
      <object_component id="oc-1fc">
         <name>.text:PRCMPeripheralClkDisable</name>
         <load_address>0x20007c7c</load_address>
         <run_address>0x20007c7c</run_address>
         <size>0x28</size>
         <input_file_ref idref="fl-10"/>
      </object_component>
      <object_component id="oc-2c7">
         <name>.text:free_list_insert</name>
         <load_address>0x20007ca4</load_address>
         <run_address>0x20007ca4</run_address>
         <size>0x28</size>
         <input_file_ref idref="fl-d1"/>
      </object_component>
      <object_component id="oc-16b">
         <name>.text:memmove</name>
         <load_address>0x20007ccc</load_address>
         <run_address>0x20007ccc</run_address>
         <size>0x28</size>
         <input_file_ref idref="fl-d0"/>
      </object_component>
      <object_component id="oc-287">
         <name>.text:UARTEnable</name>
         <load_address>0x20007cf4</load_address>
         <run_address>0x20007cf4</run_address>
         <size>0x24</size>
         <input_file_ref idref="fl-11"/>
      </object_component>
      <object_component id="oc-5b">
         <name>.text:_c_int00_noargs:_c_int00_noargs</name>
         <load_address>0x20007d18</load_address>
         <run_address>0x20007d18</run_address>
         <size>0x24</size>
         <input_file_ref idref="fl-d7"/>
      </object_component>
      <object_component id="oc-198">
         <name>.text:strcspn</name>
         <load_address>0x20007d3c</load_address>
         <run_address>0x20007d3c</run_address>
         <size>0x24</size>
         <input_file_ref idref="fl-ef"/>
      </object_component>
      <object_component id="oc-1cc">
         <name>.text:I2CMasterSlaveAddrSet</name>
         <load_address>0x20007d60</load_address>
         <run_address>0x20007d60</run_address>
         <size>0x22</size>
         <input_file_ref idref="fl-d"/>
      </object_component>
      <object_component id="oc-1c0">
         <name>.text:I2CMasterIntStatusEx</name>
         <load_address>0x20007d82</load_address>
         <run_address>0x20007d82</run_address>
         <size>0x1e</size>
         <input_file_ref idref="fl-d"/>
      </object_component>
      <object_component id="oc-14d">
         <name>.text:UARTCharPut</name>
         <load_address>0x20007da0</load_address>
         <run_address>0x20007da0</run_address>
         <size>0x1e</size>
         <input_file_ref idref="fl-11"/>
      </object_component>
      <object_component id="oc-241">
         <name>.text:PinTypeI2C</name>
         <load_address>0x20007dbe</load_address>
         <run_address>0x20007dbe</run_address>
         <size>0x1c</size>
         <input_file_ref idref="fl-f"/>
      </object_component>
      <object_component id="oc-15f">
         <name>.text:UARTCharGetNonBlocking</name>
         <load_address>0x20007dda</load_address>
         <run_address>0x20007dda</run_address>
         <size>0x1c</size>
         <input_file_ref idref="fl-11"/>
      </object_component>
      <object_component id="oc-49">
         <name>.text:decompress:ZI:__TI_zero_init_nomemset:__TI_zero_init_nomemset</name>
         <load_address>0x20007df6</load_address>
         <run_address>0x20007df6</run_address>
         <size>0x1c</size>
         <input_file_ref idref="fl-cd"/>
      </object_component>
      <object_component id="oc-2ba">
         <name>.text:free_list_remove</name>
         <load_address>0x20007e14</load_address>
         <run_address>0x20007e14</run_address>
         <size>0x1c</size>
         <input_file_ref idref="fl-d1"/>
      </object_component>
      <object_component id="oc-36c">
         <name>.text:memccpy</name>
         <load_address>0x20007e30</load_address>
         <run_address>0x20007e30</run_address>
         <size>0x1c</size>
         <input_file_ref idref="fl-ed"/>
      </object_component>
      <object_component id="oc-247">
         <name>.text:PinTypeSPI</name>
         <load_address>0x20007e4c</load_address>
         <run_address>0x20007e4c</run_address>
         <size>0x1a</size>
         <input_file_ref idref="fl-f"/>
      </object_component>
      <object_component id="oc-24d">
         <name>.text:PinTypeUART</name>
         <load_address>0x20007e66</load_address>
         <run_address>0x20007e66</run_address>
         <size>0x1a</size>
         <input_file_ref idref="fl-f"/>
      </object_component>
      <object_component id="oc-1f0">
         <name>.text:I2CMasterIntEnableEx</name>
         <load_address>0x20007e80</load_address>
         <run_address>0x20007e80</run_address>
         <size>0x18</size>
         <input_file_ref idref="fl-d"/>
      </object_component>
      <object_component id="oc-159">
         <name>.text:UARTCharsAvail</name>
         <load_address>0x20007e98</load_address>
         <run_address>0x20007e98</run_address>
         <size>0x18</size>
         <input_file_ref idref="fl-11"/>
      </object_component>
      <object_component id="oc-29b">
         <name>.text:_outc</name>
         <load_address>0x20007eb0</load_address>
         <run_address>0x20007eb0</run_address>
         <size>0x18</size>
         <input_file_ref idref="fl-ca"/>
      </object_component>
      <object_component id="oc-dd">
         <name>.text:strcmp</name>
         <load_address>0x20007ec8</load_address>
         <run_address>0x20007ec8</run_address>
         <size>0x18</size>
         <input_file_ref idref="fl-d2"/>
      </object_component>
      <object_component id="oc-1d2">
         <name>.text:I2CMasterDataPut</name>
         <load_address>0x20007ee0</load_address>
         <run_address>0x20007ee0</run_address>
         <size>0x16</size>
         <input_file_ref idref="fl-d"/>
      </object_component>
      <object_component id="oc-1ea">
         <name>.text:I2CMasterEnable</name>
         <load_address>0x20007ef6</load_address>
         <run_address>0x20007ef6</run_address>
         <size>0x16</size>
         <input_file_ref idref="fl-d"/>
      </object_component>
      <object_component id="oc-1ae">
         <name>.text:I2CMasterIntClear</name>
         <load_address>0x20007f0c</load_address>
         <run_address>0x20007f0c</run_address>
         <size>0x16</size>
         <input_file_ref idref="fl-d"/>
      </object_component>
      <object_component id="oc-222">
         <name>.text:PRCMHIBRegRead</name>
         <load_address>0x20007f22</load_address>
         <run_address>0x20007f22</run_address>
         <size>0x16</size>
         <input_file_ref idref="fl-10"/>
      </object_component>
      <object_component id="oc-228">
         <name>.text:PRCMHIBRegWrite</name>
         <load_address>0x20007f38</load_address>
         <run_address>0x20007f38</run_address>
         <size>0x16</size>
         <input_file_ref idref="fl-10"/>
      </object_component>
      <object_component id="oc-414">
         <name>.text:strchr</name>
         <load_address>0x20007f4e</load_address>
         <run_address>0x20007f4e</run_address>
         <size>0x16</size>
         <input_file_ref idref="fl-ee"/>
      </object_component>
      <object_component id="oc-20c">
         <name>.text:CPUcpsie</name>
         <load_address>0x20007f64</load_address>
         <run_address>0x20007f64</run_address>
         <size>0x14</size>
         <input_file_ref idref="fl-13"/>
      </object_component>
      <object_component id="oc-e3">
         <name>.text:IntVTableBaseSet</name>
         <load_address>0x20007f78</load_address>
         <run_address>0x20007f78</run_address>
         <size>0x14</size>
         <input_file_ref idref="fl-e"/>
      </object_component>
      <object_component id="oc-165">
         <name>.text:strlen</name>
         <load_address>0x20007f8c</load_address>
         <run_address>0x20007f8c</run_address>
         <size>0x14</size>
         <input_file_ref idref="fl-d3"/>
      </object_component>
      <object_component id="oc-1ba">
         <name>.text:I2CMasterControl</name>
         <load_address>0x20007fa0</load_address>
         <run_address>0x20007fa0</run_address>
         <size>0x12</size>
         <input_file_ref idref="fl-d"/>
      </object_component>
      <object_component id="oc-1b4">
         <name>.text:I2CMasterTimeoutSet</name>
         <load_address>0x20007fb2</load_address>
         <run_address>0x20007fb2</run_address>
         <size>0x12</size>
         <input_file_ref idref="fl-d"/>
      </object_component>
      <object_component id="oc-372">
         <name>.text:wcslen</name>
         <load_address>0x20007fc4</load_address>
         <run_address>0x20007fc4</run_address>
         <size>0x12</size>
         <input_file_ref idref="fl-db"/>
      </object_component>
      <object_component id="oc-1d8">
         <name>.text:I2CMasterDataGet</name>
         <load_address>0x20007fd6</load_address>
         <run_address>0x20007fd6</run_address>
         <size>0xe</size>
         <input_file_ref idref="fl-d"/>
      </object_component>
      <object_component id="oc-1b">
         <name>.text:decompress:none:__TI_decompress_none</name>
         <load_address>0x20007fe4</load_address>
         <run_address>0x20007fe4</run_address>
         <size>0xe</size>
         <input_file_ref idref="fl-ce"/>
      </object_component>
      <object_component id="oc-29">
         <name>.text</name>
         <load_address>0x20007ff2</load_address>
         <run_address>0x20007ff2</run_address>
         <size>0xe</size>
         <input_file_ref idref="fl-5"/>
      </object_component>
      <object_component id="oc-450">
         <name>.text:copysign</name>
         <load_address>0x20008000</load_address>
         <run_address>0x20008000</run_address>
         <size>0xc</size>
         <input_file_ref idref="fl-f1"/>
      </object_component>
      <object_component id="oc-e9">
         <name>.text:IntMasterEnable</name>
         <load_address>0x2000800c</load_address>
         <run_address>0x2000800c</run_address>
         <size>0xa</size>
         <input_file_ref idref="fl-e"/>
      </object_component>
      <object_component id="oc-1a3">
         <name>.text:__aeabi_errno_addr</name>
         <load_address>0x20008018</load_address>
         <run_address>0x20008018</run_address>
         <size>0x8</size>
         <input_file_ref idref="fl-d6"/>
      </object_component>
      <object_component id="oc-171">
         <name>.text:malloc</name>
         <load_address>0x20008020</load_address>
         <run_address>0x20008020</run_address>
         <size>0x8</size>
         <input_file_ref idref="fl-d1"/>
      </object_component>
      <object_component id="oc-30e">
         <name>.text:UtilsDelay</name>
         <load_address>0x20008028</load_address>
         <run_address>0x20008028</run_address>
         <size>0x6</size>
         <input_file_ref idref="fl-12"/>
      </object_component>
      <object_component id="oc-91">
         <name>.text:_system_pre_init</name>
         <load_address>0x2000802e</load_address>
         <run_address>0x2000802e</run_address>
         <size>0x4</size>
         <input_file_ref idref="fl-e5"/>
      </object_component>
      <object_component id="oc-103">
         <name>.text:abort:abort</name>
         <load_address>0x20008032</load_address>
         <run_address>0x20008032</run_address>
         <size>0x4</size>
         <input_file_ref idref="fl-e7"/>
      </object_component>
      <object_component id="oc-1a9">
         <name>.const:.string:_ctypes_</name>
         <load_address>0x20008038</load_address>
         <run_address>0x20008038</run_address>
         <size>0x101</size>
         <input_file_ref idref="fl-ec"/>
      </object_component>
      <object_component id="oc-311">
         <name>.const:g_ulPinToPadMap</name>
         <load_address>0x2000813c</load_address>
         <run_address>0x2000813c</run_address>
         <size>0x100</size>
         <input_file_ref idref="fl-f"/>
      </object_component>
      <object_component id="oc-2f6">
         <name>.const:PRCM_PeriphRegsList</name>
         <load_address>0x2000823c</load_address>
         <run_address>0x2000823c</run_address>
         <size>0xa8</size>
         <input_file_ref idref="fl-10"/>
      </object_component>
      <object_component id="oc-218">
         <name>.const:g_pulEnRegs</name>
         <load_address>0x200082e4</load_address>
         <run_address>0x200082e4</run_address>
         <size>0x18</size>
         <input_file_ref idref="fl-e"/>
      </object_component>
      <object_component id="oc-4a9">
         <name>.cinit..data.load</name>
         <load_address>0x20008300</load_address>
         <run_address>0x20008300</run_address>
         <size>0xd</size>
      </object_component>
      <object_component id="oc-4a7">
         <name>__TI_handler_table</name>
         <load_address>0x20008310</load_address>
         <run_address>0x20008310</run_address>
         <size>0xc</size>
      </object_component>
      <object_component id="oc-4aa">
         <name>.cinit..bss.load</name>
         <load_address>0x20008320</load_address>
         <run_address>0x20008320</run_address>
         <size>0x8</size>
      </object_component>
      <object_component id="oc-4a8">
         <name>__TI_cinit_table</name>
         <load_address>0x20008328</load_address>
         <run_address>0x20008328</run_address>
         <size>0x10</size>
      </object_component>
      <object_component id="oc-38c">
         <name>.data:$O1$$</name>
         <load_address>0x20017808</load_address>
         <run_address>0x20017808</run_address>
         <size>0x8</size>
         <input_file_ref idref="fl-d1"/>
      </object_component>
      <object_component id="oc-19e">
         <name>.data</name>
         <load_address>0x20017814</load_address>
         <run_address>0x20017814</run_address>
         <size>0x4</size>
         <input_file_ref idref="fl-d4"/>
      </object_component>
      <object_component id="oc-2df">
         <name>.data</name>
         <load_address>0x20017810</load_address>
         <run_address>0x20017810</run_address>
         <size>0x4</size>
         <input_file_ref idref="fl-d6"/>
      </object_component>
      <object_component id="oc-264">
         <name>.data:$O1$$</name>
         <load_address>0x20017800</load_address>
         <run_address>0x20017800</run_address>
         <size>0x8</size>
         <input_file_ref idref="fl-e8"/>
      </object_component>
      <object_component id="oc-183">
         <name>.bss</name>
         <uninitialized>true</uninitialized>
         <run_address>0x20017818</run_address>
         <size>0x4</size>
         <input_file_ref idref="fl-6"/>
      </object_component>
      <object_component id="oc-23">
         <name>.sysmem</name>
         <uninitialized>true</uninitialized>
         <run_address>0x20017000</run_address>
         <size>0x10</size>
         <input_file_ref idref="fl-d1"/>
      </object_component>
      <object_component id="oc-4ad">
         <name>.sysmem</name>
         <uninitialized>true</uninitialized>
         <run_address>0x20017000</run_address>
         <size>0x0</size>
      </object_component>
      <object_component id="oc-26">
         <name>.stack</name>
         <uninitialized>true</uninitialized>
         <run_address>0x2002f800</run_address>
         <size>0x4</size>
         <input_file_ref idref="fl-d7"/>
      </object_component>
      <object_component id="oc-4ac">
         <name>.stack</name>
         <uninitialized>true</uninitialized>
         <run_address>0x2002f800</run_address>
         <size>0x0</size>
      </object_component>
      <object_component id="oc-208">
         <name>.debug_info</name>
         <load_address>0x0</load_address>
         <run_address>0x0</run_address>
         <size>0x4dd</size>
         <input_file_ref idref="fl-2"/>
      </object_component>
      <object_component id="oc-db">
         <name>.debug_info</name>
         <load_address>0x4dd</load_address>
         <run_address>0x4dd</run_address>
         <size>0xbfa</size>
         <input_file_ref idref="fl-2"/>
      </object_component>
      <object_component id="oc-256">
         <name>.debug_info</name>
         <load_address>0x10d7</load_address>
         <run_address>0x10d7</run_address>
         <size>0x26b</size>
         <input_file_ref idref="fl-2"/>
      </object_component>
      <object_component id="oc-18d">
         <name>.debug_info</name>
         <load_address>0x1342</load_address>
         <run_address>0x1342</run_address>
         <size>0x110</size>
         <input_file_ref idref="fl-2"/>
      </object_component>
      <object_component id="oc-3a6">
         <name>.debug_info</name>
         <load_address>0x1452</load_address>
         <run_address>0x1452</run_address>
         <size>0x62</size>
         <input_file_ref idref="fl-2"/>
      </object_component>
      <object_component id="oc-203">
         <name>.debug_info</name>
         <load_address>0x14b4</load_address>
         <run_address>0x14b4</run_address>
         <size>0x8b</size>
         <input_file_ref idref="fl-2"/>
      </object_component>
      <object_component id="oc-2d2">
         <name>.debug_info</name>
         <load_address>0x153f</load_address>
         <run_address>0x153f</run_address>
         <size>0x2a4</size>
         <input_file_ref idref="fl-2"/>
      </object_component>
      <object_component id="oc-302">
         <name>.debug_info</name>
         <load_address>0x17e3</load_address>
         <run_address>0x17e3</run_address>
         <size>0xbb</size>
         <input_file_ref idref="fl-2"/>
      </object_component>
      <object_component id="oc-213">
         <name>.debug_info</name>
         <load_address>0x189e</load_address>
         <run_address>0x189e</run_address>
         <size>0x2c</size>
         <input_file_ref idref="fl-2"/>
      </object_component>
      <object_component id="oc-102">
         <name>.debug_info</name>
         <load_address>0x18ca</load_address>
         <run_address>0x18ca</run_address>
         <size>0x429</size>
         <input_file_ref idref="fl-3"/>
      </object_component>
      <object_component id="oc-98">
         <name>.debug_info</name>
         <load_address>0x1cf3</load_address>
         <run_address>0x1cf3</run_address>
         <size>0xf39</size>
         <input_file_ref idref="fl-3"/>
      </object_component>
      <object_component id="oc-38">
         <name>.debug_info</name>
         <load_address>0x2c2c</load_address>
         <run_address>0x2c2c</run_address>
         <size>0x84</size>
         <input_file_ref idref="fl-3"/>
      </object_component>
      <object_component id="oc-188">
         <name>.debug_info</name>
         <load_address>0x2cb0</load_address>
         <run_address>0x2cb0</run_address>
         <size>0x2c</size>
         <input_file_ref idref="fl-3"/>
      </object_component>
      <object_component id="oc-25b">
         <name>.debug_info</name>
         <load_address>0x2cdc</load_address>
         <run_address>0x2cdc</run_address>
         <size>0x35</size>
         <input_file_ref idref="fl-3"/>
      </object_component>
      <object_component id="oc-fe">
         <name>.debug_info</name>
         <load_address>0x2d11</load_address>
         <run_address>0x2d11</run_address>
         <size>0x393</size>
         <input_file_ref idref="fl-4"/>
      </object_component>
      <object_component id="oc-31">
         <name>.debug_info</name>
         <load_address>0x30a4</load_address>
         <run_address>0x30a4</run_address>
         <size>0x18e</size>
         <input_file_ref idref="fl-5"/>
      </object_component>
      <object_component id="oc-13">
         <name>.debug_info</name>
         <load_address>0x3232</load_address>
         <run_address>0x3232</run_address>
         <size>0x10d</size>
         <input_file_ref idref="fl-5"/>
      </object_component>
      <object_component id="oc-2a">
         <name>.debug_info</name>
         <load_address>0x333f</load_address>
         <run_address>0x333f</run_address>
         <size>0x42e</size>
         <input_file_ref idref="fl-5"/>
      </object_component>
      <object_component id="oc-187">
         <name>.debug_info</name>
         <load_address>0x376d</load_address>
         <run_address>0x376d</run_address>
         <size>0x3d9</size>
         <input_file_ref idref="fl-6"/>
      </object_component>
      <object_component id="oc-184">
         <name>.debug_info</name>
         <load_address>0x3b46</load_address>
         <run_address>0x3b46</run_address>
         <size>0x104</size>
         <input_file_ref idref="fl-6"/>
      </object_component>
      <object_component id="oc-c6">
         <name>.debug_info</name>
         <load_address>0x3c4a</load_address>
         <run_address>0x3c4a</run_address>
         <size>0x8e0</size>
         <input_file_ref idref="fl-6"/>
      </object_component>
      <object_component id="oc-23f">
         <name>.debug_info</name>
         <load_address>0x452a</load_address>
         <run_address>0x452a</run_address>
         <size>0x1dd</size>
         <input_file_ref idref="fl-c"/>
      </object_component>
      <object_component id="oc-432">
         <name>.debug_info</name>
         <load_address>0x4707</load_address>
         <run_address>0x4707</run_address>
         <size>0x220</size>
         <input_file_ref idref="fl-d"/>
      </object_component>
      <object_component id="oc-1f7">
         <name>.debug_info</name>
         <load_address>0x4927</load_address>
         <run_address>0x4927</run_address>
         <size>0x242</size>
         <input_file_ref idref="fl-d"/>
      </object_component>
      <object_component id="oc-1eb">
         <name>.debug_info</name>
         <load_address>0x4b69</load_address>
         <run_address>0x4b69</run_address>
         <size>0x18d</size>
         <input_file_ref idref="fl-d"/>
      </object_component>
      <object_component id="oc-1f1">
         <name>.debug_info</name>
         <load_address>0x4cf6</load_address>
         <run_address>0x4cf6</run_address>
         <size>0x1da</size>
         <input_file_ref idref="fl-d"/>
      </object_component>
      <object_component id="oc-1c1">
         <name>.debug_info</name>
         <load_address>0x4ed0</load_address>
         <run_address>0x4ed0</run_address>
         <size>0x1ca</size>
         <input_file_ref idref="fl-d"/>
      </object_component>
      <object_component id="oc-1af">
         <name>.debug_info</name>
         <load_address>0x509a</load_address>
         <run_address>0x509a</run_address>
         <size>0x191</size>
         <input_file_ref idref="fl-d"/>
      </object_component>
      <object_component id="oc-1cd">
         <name>.debug_info</name>
         <load_address>0x522b</load_address>
         <run_address>0x522b</run_address>
         <size>0x20f</size>
         <input_file_ref idref="fl-d"/>
      </object_component>
      <object_component id="oc-1bb">
         <name>.debug_info</name>
         <load_address>0x543a</load_address>
         <run_address>0x543a</run_address>
         <size>0x1be</size>
         <input_file_ref idref="fl-d"/>
      </object_component>
      <object_component id="oc-1c7">
         <name>.debug_info</name>
         <load_address>0x55f8</load_address>
         <run_address>0x55f8</run_address>
         <size>0x1a3</size>
         <input_file_ref idref="fl-d"/>
      </object_component>
      <object_component id="oc-1d3">
         <name>.debug_info</name>
         <load_address>0x579b</load_address>
         <run_address>0x579b</run_address>
         <size>0x1be</size>
         <input_file_ref idref="fl-d"/>
      </object_component>
      <object_component id="oc-1d9">
         <name>.debug_info</name>
         <load_address>0x5959</load_address>
         <run_address>0x5959</run_address>
         <size>0x193</size>
         <input_file_ref idref="fl-d"/>
      </object_component>
      <object_component id="oc-1b5">
         <name>.debug_info</name>
         <load_address>0x5aec</load_address>
         <run_address>0x5aec</run_address>
         <size>0x1cc</size>
         <input_file_ref idref="fl-d"/>
      </object_component>
      <object_component id="oc-46a">
         <name>.debug_info</name>
         <load_address>0x5cb8</load_address>
         <run_address>0x5cb8</run_address>
         <size>0x26b</size>
         <input_file_ref idref="fl-d"/>
      </object_component>
      <object_component id="oc-39d">
         <name>.debug_info</name>
         <load_address>0x5f23</load_address>
         <run_address>0x5f23</run_address>
         <size>0x297</size>
         <input_file_ref idref="fl-d"/>
      </object_component>
      <object_component id="oc-2ea">
         <name>.debug_info</name>
         <load_address>0x61ba</load_address>
         <run_address>0x61ba</run_address>
         <size>0xbb</size>
         <input_file_ref idref="fl-d"/>
      </object_component>
      <object_component id="oc-30c">
         <name>.debug_info</name>
         <load_address>0x6275</load_address>
         <run_address>0x6275</run_address>
         <size>0x201</size>
         <input_file_ref idref="fl-e"/>
      </object_component>
      <object_component id="oc-219">
         <name>.debug_info</name>
         <load_address>0x6476</load_address>
         <run_address>0x6476</run_address>
         <size>0xf4</size>
         <input_file_ref idref="fl-e"/>
      </object_component>
      <object_component id="oc-eb">
         <name>.debug_info</name>
         <load_address>0x656a</load_address>
         <run_address>0x656a</run_address>
         <size>0x17c</size>
         <input_file_ref idref="fl-e"/>
      </object_component>
      <object_component id="oc-e5">
         <name>.debug_info</name>
         <load_address>0x66e6</load_address>
         <run_address>0x66e6</run_address>
         <size>0x1ae</size>
         <input_file_ref idref="fl-e"/>
      </object_component>
      <object_component id="oc-f1">
         <name>.debug_info</name>
         <load_address>0x6894</load_address>
         <run_address>0x6894</run_address>
         <size>0x19f</size>
         <input_file_ref idref="fl-e"/>
      </object_component>
      <object_component id="oc-3af">
         <name>.debug_info</name>
         <load_address>0x6a33</load_address>
         <run_address>0x6a33</run_address>
         <size>0x14e</size>
         <input_file_ref idref="fl-f"/>
      </object_component>
      <object_component id="oc-312">
         <name>.debug_info</name>
         <load_address>0x6b81</load_address>
         <run_address>0x6b81</run_address>
         <size>0xf6</size>
         <input_file_ref idref="fl-f"/>
      </object_component>
      <object_component id="oc-231">
         <name>.debug_info</name>
         <load_address>0x6c77</load_address>
         <run_address>0x6c77</run_address>
         <size>0x1bf</size>
         <input_file_ref idref="fl-f"/>
      </object_component>
      <object_component id="oc-317">
         <name>.debug_info</name>
         <load_address>0x6e36</load_address>
         <run_address>0x6e36</run_address>
         <size>0x20d</size>
         <input_file_ref idref="fl-f"/>
      </object_component>
      <object_component id="oc-24f">
         <name>.debug_info</name>
         <load_address>0x7043</load_address>
         <run_address>0x7043</run_address>
         <size>0x1d4</size>
         <input_file_ref idref="fl-f"/>
      </object_component>
      <object_component id="oc-243">
         <name>.debug_info</name>
         <load_address>0x7217</load_address>
         <run_address>0x7217</run_address>
         <size>0x1d2</size>
         <input_file_ref idref="fl-f"/>
      </object_component>
      <object_component id="oc-248">
         <name>.debug_info</name>
         <load_address>0x73e9</load_address>
         <run_address>0x73e9</run_address>
         <size>0x1d2</size>
         <input_file_ref idref="fl-f"/>
      </object_component>
      <object_component id="oc-236">
         <name>.debug_info</name>
         <load_address>0x75bb</load_address>
         <run_address>0x75bb</run_address>
         <size>0x222</size>
         <input_file_ref idref="fl-f"/>
      </object_component>
      <object_component id="oc-2fb">
         <name>.debug_info</name>
         <load_address>0x77dd</load_address>
         <run_address>0x77dd</run_address>
         <size>0x25e</size>
         <input_file_ref idref="fl-10"/>
      </object_component>
      <object_component id="oc-2f7">
         <name>.debug_info</name>
         <load_address>0x7a3b</load_address>
         <run_address>0x7a3b</run_address>
         <size>0xff</size>
         <input_file_ref idref="fl-10"/>
      </object_component>
      <object_component id="oc-21e">
         <name>.debug_info</name>
         <load_address>0x7b3a</load_address>
         <run_address>0x7b3a</run_address>
         <size>0x1a6</size>
         <input_file_ref idref="fl-10"/>
      </object_component>
      <object_component id="oc-1e0">
         <name>.debug_info</name>
         <load_address>0x7ce0</load_address>
         <run_address>0x7ce0</run_address>
         <size>0x1eb</size>
         <input_file_ref idref="fl-10"/>
      </object_component>
      <object_component id="oc-1fe">
         <name>.debug_info</name>
         <load_address>0x7ecb</load_address>
         <run_address>0x7ecb</run_address>
         <size>0x1ed</size>
         <input_file_ref idref="fl-10"/>
      </object_component>
      <object_component id="oc-143">
         <name>.debug_info</name>
         <load_address>0x80b8</load_address>
         <run_address>0x80b8</run_address>
         <size>0x216</size>
         <input_file_ref idref="fl-10"/>
      </object_component>
      <object_component id="oc-1e6">
         <name>.debug_info</name>
         <load_address>0x82ce</load_address>
         <run_address>0x82ce</run_address>
         <size>0x1c0</size>
         <input_file_ref idref="fl-10"/>
      </object_component>
      <object_component id="oc-f8">
         <name>.debug_info</name>
         <load_address>0x848e</load_address>
         <run_address>0x848e</run_address>
         <size>0x283</size>
         <input_file_ref idref="fl-10"/>
      </object_component>
      <object_component id="oc-225">
         <name>.debug_info</name>
         <load_address>0x8711</load_address>
         <run_address>0x8711</run_address>
         <size>0x1bf</size>
         <input_file_ref idref="fl-10"/>
      </object_component>
      <object_component id="oc-22b">
         <name>.debug_info</name>
         <load_address>0x88d0</load_address>
         <run_address>0x88d0</run_address>
         <size>0x1d4</size>
         <input_file_ref idref="fl-10"/>
      </object_component>
      <object_component id="oc-148">
         <name>.debug_info</name>
         <load_address>0x8aa4</load_address>
         <run_address>0x8aa4</run_address>
         <size>0x25c</size>
         <input_file_ref idref="fl-11"/>
      </object_component>
      <object_component id="oc-288">
         <name>.debug_info</name>
         <load_address>0x8d00</load_address>
         <run_address>0x8d00</run_address>
         <size>0x17e</size>
         <input_file_ref idref="fl-11"/>
      </object_component>
      <object_component id="oc-282">
         <name>.debug_info</name>
         <load_address>0x8e7e</load_address>
         <run_address>0x8e7e</run_address>
         <size>0x180</size>
         <input_file_ref idref="fl-11"/>
      </object_component>
      <object_component id="oc-15b">
         <name>.debug_info</name>
         <load_address>0x8ffe</load_address>
         <run_address>0x8ffe</run_address>
         <size>0x18a</size>
         <input_file_ref idref="fl-11"/>
      </object_component>
      <object_component id="oc-161">
         <name>.debug_info</name>
         <load_address>0x9188</load_address>
         <run_address>0x9188</run_address>
         <size>0x19a</size>
         <input_file_ref idref="fl-11"/>
      </object_component>
      <object_component id="oc-14f">
         <name>.debug_info</name>
         <load_address>0x9322</load_address>
         <run_address>0x9322</run_address>
         <size>0x1ab</size>
         <input_file_ref idref="fl-11"/>
      </object_component>
      <object_component id="oc-20d">
         <name>.debug_info</name>
         <load_address>0x94cd</load_address>
         <run_address>0x94cd</run_address>
         <size>0x14e</size>
         <input_file_ref idref="fl-13"/>
      </object_component>
      <object_component id="oc-2a2">
         <name>.debug_info</name>
         <load_address>0x961b</load_address>
         <run_address>0x961b</run_address>
         <size>0x212</size>
         <input_file_ref idref="fl-ca"/>
      </object_component>
      <object_component id="oc-156">
         <name>.debug_info</name>
         <load_address>0x982d</load_address>
         <run_address>0x982d</run_address>
         <size>0x208</size>
         <input_file_ref idref="fl-ca"/>
      </object_component>
      <object_component id="oc-297">
         <name>.debug_info</name>
         <load_address>0x9a35</load_address>
         <run_address>0x9a35</run_address>
         <size>0x1c6</size>
         <input_file_ref idref="fl-ca"/>
      </object_component>
      <object_component id="oc-29e">
         <name>.debug_info</name>
         <load_address>0x9bfb</load_address>
         <run_address>0x9bfb</run_address>
         <size>0x179</size>
         <input_file_ref idref="fl-ca"/>
      </object_component>
      <object_component id="oc-2a3">
         <name>.debug_info</name>
         <load_address>0x9d74</load_address>
         <run_address>0x9d74</run_address>
         <size>0x2c</size>
         <input_file_ref idref="fl-ca"/>
      </object_component>
      <object_component id="oc-2a8">
         <name>.debug_info</name>
         <load_address>0x9da0</load_address>
         <run_address>0x9da0</run_address>
         <size>0x69</size>
         <input_file_ref idref="fl-ca"/>
      </object_component>
      <object_component id="oc-40">
         <name>.debug_info</name>
         <load_address>0x9e09</load_address>
         <run_address>0x9e09</run_address>
         <size>0x119</size>
         <input_file_ref idref="fl-cb"/>
      </object_component>
      <object_component id="oc-3c3">
         <name>.debug_info</name>
         <load_address>0x9f22</load_address>
         <run_address>0x9f22</run_address>
         <size>0x134</size>
         <input_file_ref idref="fl-cc"/>
      </object_component>
      <object_component id="oc-8a">
         <name>.debug_info</name>
         <load_address>0xa056</load_address>
         <run_address>0xa056</run_address>
         <size>0x1a6</size>
         <input_file_ref idref="fl-cd"/>
      </object_component>
      <object_component id="oc-4c">
         <name>.debug_info</name>
         <load_address>0xa1fc</load_address>
         <run_address>0xa1fc</run_address>
         <size>0x1d2</size>
         <input_file_ref idref="fl-cd"/>
      </object_component>
      <object_component id="oc-85">
         <name>.debug_info</name>
         <load_address>0xa3ce</load_address>
         <run_address>0xa3ce</run_address>
         <size>0x46</size>
         <input_file_ref idref="fl-cd"/>
      </object_component>
      <object_component id="oc-bc">
         <name>.debug_info</name>
         <load_address>0xa414</load_address>
         <run_address>0xa414</run_address>
         <size>0x2c</size>
         <input_file_ref idref="fl-cd"/>
      </object_component>
      <object_component id="oc-48">
         <name>.debug_info</name>
         <load_address>0xa440</load_address>
         <run_address>0xa440</run_address>
         <size>0x17a</size>
         <input_file_ref idref="fl-ce"/>
      </object_component>
      <object_component id="oc-1c">
         <name>.debug_info</name>
         <load_address>0xa5ba</load_address>
         <run_address>0xa5ba</run_address>
         <size>0x1ea</size>
         <input_file_ref idref="fl-ce"/>
      </object_component>
      <object_component id="oc-43">
         <name>.debug_info</name>
         <load_address>0xa7a4</load_address>
         <run_address>0xa7a4</run_address>
         <size>0x46</size>
         <input_file_ref idref="fl-ce"/>
      </object_component>
      <object_component id="oc-7d">
         <name>.debug_info</name>
         <load_address>0xa7ea</load_address>
         <run_address>0xa7ea</run_address>
         <size>0x2c</size>
         <input_file_ref idref="fl-ce"/>
      </object_component>
      <object_component id="oc-7b">
         <name>.debug_info</name>
         <load_address>0xa816</load_address>
         <run_address>0xa816</run_address>
         <size>0x170</size>
         <input_file_ref idref="fl-cf"/>
      </object_component>
      <object_component id="oc-19">
         <name>.debug_info</name>
         <load_address>0xa986</load_address>
         <run_address>0xa986</run_address>
         <size>0x250</size>
         <input_file_ref idref="fl-cf"/>
      </object_component>
      <object_component id="oc-33">
         <name>.debug_info</name>
         <load_address>0xabd6</load_address>
         <run_address>0xabd6</run_address>
         <size>0x60</size>
         <input_file_ref idref="fl-cf"/>
      </object_component>
      <object_component id="oc-b5">
         <name>.debug_info</name>
         <load_address>0xac36</load_address>
         <run_address>0xac36</run_address>
         <size>0x46</size>
         <input_file_ref idref="fl-cf"/>
      </object_component>
      <object_component id="oc-76">
         <name>.debug_info</name>
         <load_address>0xac7c</load_address>
         <run_address>0xac7c</run_address>
         <size>0x39</size>
         <input_file_ref idref="fl-cf"/>
      </object_component>
      <object_component id="oc-2b2">
         <name>.debug_info</name>
         <load_address>0xacb5</load_address>
         <run_address>0xacb5</run_address>
         <size>0x172</size>
         <input_file_ref idref="fl-d0"/>
      </object_component>
      <object_component id="oc-16e">
         <name>.debug_info</name>
         <load_address>0xae27</load_address>
         <run_address>0xae27</run_address>
         <size>0x1a9</size>
         <input_file_ref idref="fl-d0"/>
      </object_component>
      <object_component id="oc-6f">
         <name>.debug_info</name>
         <load_address>0xafd0</load_address>
         <run_address>0xafd0</run_address>
         <size>0x284</size>
         <input_file_ref idref="fl-d1"/>
      </object_component>
      <object_component id="oc-24">
         <name>.debug_info</name>
         <load_address>0xb254</load_address>
         <run_address>0xb254</run_address>
         <size>0x10c</size>
         <input_file_ref idref="fl-d1"/>
      </object_component>
      <object_component id="oc-38d">
         <name>.debug_info</name>
         <load_address>0xb360</load_address>
         <run_address>0xb360</run_address>
         <size>0x13f</size>
         <input_file_ref idref="fl-d1"/>
      </object_component>
      <object_component id="oc-173">
         <name>.debug_info</name>
         <load_address>0xb49f</load_address>
         <run_address>0xb49f</run_address>
         <size>0x168</size>
         <input_file_ref idref="fl-d1"/>
      </object_component>
      <object_component id="oc-2be">
         <name>.debug_info</name>
         <load_address>0xb607</load_address>
         <run_address>0xb607</run_address>
         <size>0x18e</size>
         <input_file_ref idref="fl-d1"/>
      </object_component>
      <object_component id="oc-2ca">
         <name>.debug_info</name>
         <load_address>0xb795</load_address>
         <run_address>0xb795</run_address>
         <size>0x19f</size>
         <input_file_ref idref="fl-d1"/>
      </object_component>
      <object_component id="oc-17f">
         <name>.debug_info</name>
         <load_address>0xb934</load_address>
         <run_address>0xb934</run_address>
         <size>0x203</size>
         <input_file_ref idref="fl-d1"/>
      </object_component>
      <object_component id="oc-2c3">
         <name>.debug_info</name>
         <load_address>0xbb37</load_address>
         <run_address>0xbb37</run_address>
         <size>0x1db</size>
         <input_file_ref idref="fl-d1"/>
      </object_component>
      <object_component id="oc-17b">
         <name>.debug_info</name>
         <load_address>0xbd12</load_address>
         <run_address>0xbd12</run_address>
         <size>0x26e</size>
         <input_file_ref idref="fl-d1"/>
      </object_component>
      <object_component id="oc-2b6">
         <name>.debug_info</name>
         <load_address>0xbf80</load_address>
         <run_address>0xbf80</run_address>
         <size>0x299</size>
         <input_file_ref idref="fl-d1"/>
      </object_component>
      <object_component id="oc-b0">
         <name>.debug_info</name>
         <load_address>0xc219</load_address>
         <run_address>0xc219</run_address>
         <size>0xb2</size>
         <input_file_ref idref="fl-d1"/>
      </object_component>
      <object_component id="oc-ab">
         <name>.debug_info</name>
         <load_address>0xc2cb</load_address>
         <run_address>0xc2cb</run_address>
         <size>0x2c</size>
         <input_file_ref idref="fl-d1"/>
      </object_component>
      <object_component id="oc-20a">
         <name>.debug_info</name>
         <load_address>0xc2f7</load_address>
         <run_address>0xc2f7</run_address>
         <size>0x15c</size>
         <input_file_ref idref="fl-d2"/>
      </object_component>
      <object_component id="oc-df">
         <name>.debug_info</name>
         <load_address>0xc453</load_address>
         <run_address>0xc453</run_address>
         <size>0x273</size>
         <input_file_ref idref="fl-d2"/>
      </object_component>
      <object_component id="oc-2b0">
         <name>.debug_info</name>
         <load_address>0xc6c6</load_address>
         <run_address>0xc6c6</run_address>
         <size>0x161</size>
         <input_file_ref idref="fl-d3"/>
      </object_component>
      <object_component id="oc-166">
         <name>.debug_info</name>
         <load_address>0xc827</load_address>
         <run_address>0xc827</run_address>
         <size>0x245</size>
         <input_file_ref idref="fl-d3"/>
      </object_component>
      <object_component id="oc-1a2">
         <name>.debug_info</name>
         <load_address>0xca6c</load_address>
         <run_address>0xca6c</run_address>
         <size>0x1d0</size>
         <input_file_ref idref="fl-d4"/>
      </object_component>
      <object_component id="oc-19f">
         <name>.debug_info</name>
         <load_address>0xcc3c</load_address>
         <run_address>0xcc3c</run_address>
         <size>0x105</size>
         <input_file_ref idref="fl-d4"/>
      </object_component>
      <object_component id="oc-cd">
         <name>.debug_info</name>
         <load_address>0xcd41</load_address>
         <run_address>0xcd41</run_address>
         <size>0x1ab</size>
         <input_file_ref idref="fl-d4"/>
      </object_component>
      <object_component id="oc-1ad">
         <name>.debug_info</name>
         <load_address>0xceec</load_address>
         <run_address>0xceec</run_address>
         <size>0x1f4</size>
         <input_file_ref idref="fl-d5"/>
      </object_component>
      <object_component id="oc-d4">
         <name>.debug_info</name>
         <load_address>0xd0e0</load_address>
         <run_address>0xd0e0</run_address>
         <size>0x231</size>
         <input_file_ref idref="fl-d5"/>
      </object_component>
      <object_component id="oc-2e3">
         <name>.debug_info</name>
         <load_address>0xd311</load_address>
         <run_address>0xd311</run_address>
         <size>0x15b</size>
         <input_file_ref idref="fl-d6"/>
      </object_component>
      <object_component id="oc-2e0">
         <name>.debug_info</name>
         <load_address>0xd46c</load_address>
         <run_address>0xd46c</run_address>
         <size>0x10e</size>
         <input_file_ref idref="fl-d6"/>
      </object_component>
      <object_component id="oc-1a6">
         <name>.debug_info</name>
         <load_address>0xd57a</load_address>
         <run_address>0xd57a</run_address>
         <size>0x14e</size>
         <input_file_ref idref="fl-d6"/>
      </object_component>
      <object_component id="oc-27">
         <name>.debug_info</name>
         <load_address>0xd6c8</load_address>
         <run_address>0xd6c8</run_address>
         <size>0x10b</size>
         <input_file_ref idref="fl-d7"/>
      </object_component>
      <object_component id="oc-5c">
         <name>.debug_info</name>
         <load_address>0xd7d3</load_address>
         <run_address>0xd7d3</run_address>
         <size>0x1a9</size>
         <input_file_ref idref="fl-d7"/>
      </object_component>
      <object_component id="oc-379">
         <name>.debug_info</name>
         <load_address>0xd97c</load_address>
         <run_address>0xd97c</run_address>
         <size>0x462</size>
         <input_file_ref idref="fl-d8"/>
      </object_component>
      <object_component id="oc-34a">
         <name>.debug_info</name>
         <load_address>0xddde</load_address>
         <run_address>0xddde</run_address>
         <size>0x21e</size>
         <input_file_ref idref="fl-d8"/>
      </object_component>
      <object_component id="oc-3ee">
         <name>.debug_info</name>
         <load_address>0xdffc</load_address>
         <run_address>0xdffc</run_address>
         <size>0x1b3</size>
         <input_file_ref idref="fl-d8"/>
      </object_component>
      <object_component id="oc-3f4">
         <name>.debug_info</name>
         <load_address>0xe1af</load_address>
         <run_address>0xe1af</run_address>
         <size>0x21b</size>
         <input_file_ref idref="fl-d8"/>
      </object_component>
      <object_component id="oc-356">
         <name>.debug_info</name>
         <load_address>0xe3ca</load_address>
         <run_address>0xe3ca</run_address>
         <size>0x3bf</size>
         <input_file_ref idref="fl-d8"/>
      </object_component>
      <object_component id="oc-3fc">
         <name>.debug_info</name>
         <load_address>0xe789</load_address>
         <run_address>0xe789</run_address>
         <size>0x30b</size>
         <input_file_ref idref="fl-d8"/>
      </object_component>
      <object_component id="oc-401">
         <name>.debug_info</name>
         <load_address>0xea94</load_address>
         <run_address>0xea94</run_address>
         <size>0x215</size>
         <input_file_ref idref="fl-d8"/>
      </object_component>
      <object_component id="oc-35c">
         <name>.debug_info</name>
         <load_address>0xeca9</load_address>
         <run_address>0xeca9</run_address>
         <size>0x228</size>
         <input_file_ref idref="fl-d8"/>
      </object_component>
      <object_component id="oc-361">
         <name>.debug_info</name>
         <load_address>0xeed1</load_address>
         <run_address>0xeed1</run_address>
         <size>0x303</size>
         <input_file_ref idref="fl-d8"/>
      </object_component>
      <object_component id="oc-367">
         <name>.debug_info</name>
         <load_address>0xf1d4</load_address>
         <run_address>0xf1d4</run_address>
         <size>0x4b4</size>
         <input_file_ref idref="fl-d8"/>
      </object_component>
      <object_component id="oc-290">
         <name>.debug_info</name>
         <load_address>0xf688</load_address>
         <run_address>0xf688</run_address>
         <size>0x5f4</size>
         <input_file_ref idref="fl-d8"/>
      </object_component>
      <object_component id="oc-37a">
         <name>.debug_info</name>
         <load_address>0xfc7c</load_address>
         <run_address>0xfc7c</run_address>
         <size>0x86</size>
         <input_file_ref idref="fl-d8"/>
      </object_component>
      <object_component id="oc-426">
         <name>.debug_info</name>
         <load_address>0xfd02</load_address>
         <run_address>0xfd02</run_address>
         <size>0x39</size>
         <input_file_ref idref="fl-d8"/>
      </object_component>
      <object_component id="oc-463">
         <name>.debug_info</name>
         <load_address>0xfd3b</load_address>
         <run_address>0xfd3b</run_address>
         <size>0xb6</size>
         <input_file_ref idref="fl-d8"/>
      </object_component>
      <object_component id="oc-42b">
         <name>.debug_info</name>
         <load_address>0xfdf1</load_address>
         <run_address>0xfdf1</run_address>
         <size>0x46</size>
         <input_file_ref idref="fl-d8"/>
      </object_component>
      <object_component id="oc-37f">
         <name>.debug_info</name>
         <load_address>0xfe37</load_address>
         <run_address>0xfe37</run_address>
         <size>0x46</size>
         <input_file_ref idref="fl-d8"/>
      </object_component>
      <object_component id="oc-44a">
         <name>.debug_info</name>
         <load_address>0xfe7d</load_address>
         <run_address>0xfe7d</run_address>
         <size>0x167</size>
         <input_file_ref idref="fl-d9"/>
      </object_component>
      <object_component id="oc-409">
         <name>.debug_info</name>
         <load_address>0xffe4</load_address>
         <run_address>0xffe4</run_address>
         <size>0x194</size>
         <input_file_ref idref="fl-d9"/>
      </object_component>
      <object_component id="oc-474">
         <name>.debug_info</name>
         <load_address>0x10178</load_address>
         <run_address>0x10178</run_address>
         <size>0x39</size>
         <input_file_ref idref="fl-d9"/>
      </object_component>
      <object_component id="oc-44b">
         <name>.debug_info</name>
         <load_address>0x101b1</load_address>
         <run_address>0x101b1</run_address>
         <size>0x2c</size>
         <input_file_ref idref="fl-d9"/>
      </object_component>
      <object_component id="oc-457">
         <name>.debug_info</name>
         <load_address>0x101dd</load_address>
         <run_address>0x101dd</run_address>
         <size>0x1ca</size>
         <input_file_ref idref="fl-da"/>
      </object_component>
      <object_component id="oc-40f">
         <name>.debug_info</name>
         <load_address>0x103a7</load_address>
         <run_address>0x103a7</run_address>
         <size>0x1fb</size>
         <input_file_ref idref="fl-da"/>
      </object_component>
      <object_component id="oc-423">
         <name>.debug_info</name>
         <load_address>0x105a2</load_address>
         <run_address>0x105a2</run_address>
         <size>0x161</size>
         <input_file_ref idref="fl-db"/>
      </object_component>
      <object_component id="oc-373">
         <name>.debug_info</name>
         <load_address>0x10703</load_address>
         <run_address>0x10703</run_address>
         <size>0x15a</size>
         <input_file_ref idref="fl-db"/>
      </object_component>
      <object_component id="oc-45c">
         <name>.debug_info</name>
         <load_address>0x1085d</load_address>
         <run_address>0x1085d</run_address>
         <size>0x46</size>
         <input_file_ref idref="fl-db"/>
      </object_component>
      <object_component id="oc-41e">
         <name>.debug_info</name>
         <load_address>0x108a3</load_address>
         <run_address>0x108a3</run_address>
         <size>0x39</size>
         <input_file_ref idref="fl-db"/>
      </object_component>
      <object_component id="oc-438">
         <name>.debug_info</name>
         <load_address>0x108dc</load_address>
         <run_address>0x108dc</run_address>
         <size>0x115</size>
         <input_file_ref idref="fl-dc"/>
      </object_component>
      <object_component id="oc-3e9">
         <name>.debug_info</name>
         <load_address>0x109f1</load_address>
         <run_address>0x109f1</run_address>
[...]
         <name>ProcessReadCommand</name>
         <value>0x200048e3</value>
         <object_component_ref idref="oc-97"/>
      </symbol>
      <symbol id="sm-108">
         <name>ProcessReadRegCommand</name>
         <value>0x20004969</value>
         <object_component_ref idref="oc-97"/>
      </symbol>
      <symbol id="sm-109">
         <name>main</name>
         <value>0x20004d59</value>
         <object_component_ref idref="oc-97"/>
      </symbol>
      <symbol id="sm-10a">
         <name>ProcessWriteCommand</name>
         <value>0x20004bbf</value>
         <object_component_ref idref="oc-97"/>
      </symbol>
      <symbol id="sm-10b">
         <name>DisplayPrompt</name>
         <value>0x20004401</value>
         <object_component_ref idref="oc-97"/>
      </symbol>
      <symbol id="sm-10c">
         <name>ProcessWriteRegCommand</name>
         <value>0x20004a29</value>
         <object_component_ref idref="oc-97"/>
      </symbol>
      <symbol id="sm-10d">
         <name>ParseNProcessCmd</name>
         <value>0x20004cc7</value>
         <object_component_ref idref="oc-97"/>
      </symbol>
      <symbol id="sm-10e">
         <name>DisplayUsage</name>
         <value>0x2000440b</value>
         <object_component_ref idref="oc-97"/>
      </symbol>
      <symbol id="sm-10f">
         <name>DisplayBuffer</name>
         <value>0x2000485d</value>
         <object_component_ref idref="oc-97"/>
      </symbol>
      <symbol id="sm-11b">
         <name>PinMuxConfig</name>
         <value>0x2000690d</value>
         <object_component_ref idref="oc-fb"/>
      </symbol>
      <symbol id="sm-13a">
         <name>ResetISR</name>
         <value>0x20007ff3</value>
         <object_component_ref idref="oc-29"/>
      </symbol>
      <symbol id="sm-13b">
         <name>g_pfnVectors</name>
         <value>0x20004000</value>
         <object_component_ref idref="oc-12"/>
      </symbol>
      <symbol id="sm-178">
         <name>GetCmd</name>
         <value>0x20005c1b</value>
         <object_component_ref idref="oc-c5"/>
      </symbol>
      <symbol id="sm-179">
         <name>Message</name>
         <value>0x20005bb7</value>
         <object_component_ref idref="oc-c5"/>
      </symbol>
      <symbol id="sm-17a">
         <name>Report</name>
         <value>0x20005d59</value>
         <object_component_ref idref="oc-c5"/>
      </symbol>
      <symbol id="sm-17b">
         <name>Error</name>
         <value>0x20005be3</value>
         <object_component_ref idref="oc-c5"/>
      </symbol>
      <symbol id="sm-17c">
         <name>InitTerm</name>
         <value>0x20005b99</value>
         <object_component_ref idref="oc-c5"/>
      </symbol>
      <symbol id="sm-17d">
         <name>ClearTerm</name>
         <value>0x20005bd9</value>
         <object_component_ref idref="oc-c5"/>
      </symbol>
      <symbol id="sm-17e">
         <name>TrimSpace</name>
         <value>0x20005cc1</value>
         <object_component_ref idref="oc-c5"/>
      </symbol>
      <symbol id="sm-18a">
         <name>GPIODirModeSet</name>
         <value>0x20007b01</value>
         <object_component_ref idref="oc-23b"/>
      </symbol>
      <symbol id="sm-203">
         <name>I2CMasterDataPut</name>
         <value>0x20007ee1</value>
         <object_component_ref idref="oc-1d2"/>
      </symbol>
      <symbol id="sm-204">
         <name>I2CMasterInitExpClk</name>
         <value>0x20007481</value>
         <object_component_ref idref="oc-1f6"/>
      </symbol>
      <symbol id="sm-205">
         <name>I2CMasterSlaveAddrSet</name>
         <value>0x20007d61</value>
         <object_component_ref idref="oc-1cc"/>
      </symbol>
      <symbol id="sm-206">
         <name>I2CMasterDataGet</name>
         <value>0x20007fd7</value>
         <object_component_ref idref="oc-1d8"/>
      </symbol>
      <symbol id="sm-207">
         <name>I2CMasterIntEnableEx</name>
         <value>0x20007e81</value>
         <object_component_ref idref="oc-1f0"/>
      </symbol>
      <symbol id="sm-208">
         <name>I2CMasterErr</name>
         <value>0x20007bf7</value>
         <object_component_ref idref="oc-1c6"/>
      </symbol>
      <symbol id="sm-209">
         <name>I2CMasterTimeoutSet</name>
         <value>0x20007fb3</value>
         <object_component_ref idref="oc-1b4"/>
      </symbol>
      <symbol id="sm-20a">
         <name>I2CMasterControl</name>
         <value>0x20007fa1</value>
         <object_component_ref idref="oc-1ba"/>
      </symbol>
      <symbol id="sm-20b">
         <name>I2CMasterEnable</name>
         <value>0x20007ef7</value>
         <object_component_ref idref="oc-1ea"/>
      </symbol>
      <symbol id="sm-20c">
         <name>I2CMasterIntStatusEx</name>
         <value>0x20007d83</value>
         <object_component_ref idref="oc-1c0"/>
      </symbol>
      <symbol id="sm-20d">
         <name>I2CMasterIntClear</name>
         <value>0x20007f0d</value>
         <object_component_ref idref="oc-1ae"/>
      </symbol>
      <symbol id="sm-23c">
         <name>IntVTableBaseSet</name>
         <value>0x20007f79</value>
         <object_component_ref idref="oc-e3"/>
      </symbol>
      <symbol id="sm-23d">
         <name>IntEnable</name>
         <value>0x2000707d</value>
         <object_component_ref idref="oc-ef"/>
      </symbol>
      <symbol id="sm-23e">
         <name>IntMasterEnable</name>
         <value>0x2000800d</value>
         <object_component_ref idref="oc-e9"/>
      </symbol>
      <symbol id="sm-285">
         <name>PinTypeI2C</name>
         <value>0x20007dbf</value>
         <object_component_ref idref="oc-241"/>
      </symbol>
      <symbol id="sm-286">
         <name>PinTypeUART</name>
         <value>0x20007e67</value>
         <object_component_ref idref="oc-24d"/>
      </symbol>
      <symbol id="sm-287">
         <name>PinTypeGPIO</name>
         <value>0x20007b37</value>
         <object_component_ref idref="oc-235"/>
      </symbol>
      <symbol id="sm-288">
         <name>PinConfigSet</name>
         <value>0x200072ed</value>
         <object_component_ref idref="oc-315"/>
      </symbol>
      <symbol id="sm-289">
         <name>PinTypeSPI</name>
         <value>0x20007e4d</value>
         <object_component_ref idref="oc-247"/>
      </symbol>
      <symbol id="sm-28a">
         <name>PinModeSet</name>
         <value>0x200079c5</value>
         <object_component_ref idref="oc-22f"/>
      </symbol>
      <symbol id="sm-310">
         <name>PRCMPeripheralReset</name>
         <value>0x20007799</value>
         <object_component_ref idref="oc-1e4"/>
      </symbol>
      <symbol id="sm-311">
         <name>PRCMPeripheralClkEnable</name>
         <value>0x20007ac5</value>
         <object_component_ref idref="oc-1de"/>
      </symbol>
      <symbol id="sm-312">
         <name>PRCMPeripheralClockGet</name>
         <value>0x20007259</value>
         <object_component_ref idref="oc-141"/>
      </symbol>
      <symbol id="sm-313">
         <name>PRCMCC3200MCUInit</name>
         <value>0x20006401</value>
         <object_component_ref idref="oc-f5"/>
      </symbol>
      <symbol id="sm-314">
         <name>PRCMHIBRegWrite</name>
         <value>0x20007f39</value>
         <object_component_ref idref="oc-228"/>
      </symbol>
      <symbol id="sm-315">
         <name>PRCMSysResetCauseGet</name>
         <value>0x20007c25</value>
         <object_component_ref idref="oc-21c"/>
      </symbol>
      <symbol id="sm-316">
         <name>PRCMPeripheralClkDisable</name>
         <value>0x20007c7d</value>
         <object_component_ref idref="oc-1fc"/>
      </symbol>
      <symbol id="sm-317">
         <name>PRCMHIBRegRead</name>
         <value>0x20007f23</value>
         <object_component_ref idref="oc-222"/>
      </symbol>
      <symbol id="sm-353">
         <name>UARTConfigSetExpClk</name>
         <value>0x2000757f</value>
         <object_component_ref idref="oc-147"/>
      </symbol>
      <symbol id="sm-354">
         <name>UARTDisable</name>
         <value>0x20007b69</value>
         <object_component_ref idref="oc-281"/>
      </symbol>
      <symbol id="sm-355">
         <name>UARTCharsAvail</name>
         <value>0x20007e99</value>
         <object_component_ref idref="oc-159"/>
      </symbol>
      <symbol id="sm-356">
         <name>UARTCharGetNonBlocking</name>
         <value>0x20007ddb</value>
         <object_component_ref idref="oc-15f"/>
      </symbol>
      <symbol id="sm-357">
         <name>UARTCharPut</name>
         <value>0x20007da1</value>
         <object_component_ref idref="oc-14d"/>
      </symbol>
      <symbol id="sm-358">
         <name>UARTEnable</name>
         <value>0x20007cf5</value>
         <object_component_ref idref="oc-287"/>
      </symbol>
      <symbol id="sm-35c">
         <name>UtilsDelay</name>
         <value>0x20008029</value>
         <object_component_ref idref="oc-30e"/>
      </symbol>
      <symbol id="sm-366">
         <name>CPUcpsie</name>
         <value>0x20007f65</value>
         <object_component_ref idref="oc-20c"/>
      </symbol>
      <symbol id="sm-396">
         <name>vsnprintf</name>
         <value>0x20007a45</value>
         <object_component_ref idref="oc-153"/>
      </symbol>
      <symbol id="sm-3b1">
         <name>memcpy</name>
         <value>0x20007125</value>
         <object_component_ref idref="oc-3d"/>
      </symbol>
      <symbol id="sm-3b2">
         <name>__aeabi_memcpy</name>
         <value>0x20007125</value>
         <object_component_ref idref="oc-3d"/>
      </symbol>
      <symbol id="sm-3b3">
         <name>__aeabi_memcpy8</name>
         <value>0x20007125</value>
         <object_component_ref idref="oc-3d"/>
      </symbol>
      <symbol id="sm-3b4">
         <name>__aeabi_memcpy4</name>
         <value>0x20007125</value>
         <object_component_ref idref="oc-3d"/>
      </symbol>
      <symbol id="sm-3c1">
         <name>__aeabi_uldivmod</name>
         <value>0x200071c1</value>
         <object_component_ref idref="oc-3c2"/>
      </symbol>
      <symbol id="sm-3da">
         <name>__TI_zero_init_nomemset</name>
         <value>0x20007df7</value>
         <object_component_ref idref="oc-49"/>
      </symbol>
      <symbol id="sm-3f1">
         <name>__TI_decompress_none</name>
         <value>0x20007fe5</value>
         <object_component_ref idref="oc-1b"/>
      </symbol>
      <symbol id="sm-414">
         <name>__TI_decompress_lzss</name>
         <value>0x200076d3</value>
         <object_component_ref idref="oc-15"/>
      </symbol>
      <symbol id="sm-425">
         <name>memmove</name>
         <value>0x20007ccd</value>
         <object_component_ref idref="oc-16b"/>
      </symbol>
      <symbol id="sm-4c3">
         <name>_sys_memory</name>
         <value>0x20017000</value>
         <object_component_ref idref="oc-23"/>
      </symbol>
      <symbol id="sm-4c4">
         <name>free</name>
         <value>0x20006d31</value>
         <object_component_ref idref="oc-17d"/>
      </symbol>
      <symbol id="sm-4c5">
         <name>realloc</name>
         <value>0x20006e15</value>
         <object_component_ref idref="oc-177"/>
      </symbol>
      <symbol id="sm-4c6">
         <name>memalign</name>
         <value>0x20006b35</value>
         <object_component_ref idref="oc-2b3"/>
      </symbol>
      <symbol id="sm-4c7">
         <name>malloc</name>
         <value>0x20008021</value>
         <object_component_ref idref="oc-171"/>
      </symbol>
      <symbol id="sm-4c8">
         <name>aligned_alloc</name>
         <value>0x20006b35</value>
         <object_component_ref idref="oc-2b3"/>
      </symbol>
      <symbol id="sm-4d7">
         <name>strcmp</name>
         <value>0x20007ec9</value>
         <object_component_ref idref="oc-dd"/>
      </symbol>
      <symbol id="sm-4e5">
         <name>strlen</name>
         <value>0x20007f8d</value>
         <object_component_ref idref="oc-165"/>
      </symbol>
      <symbol id="sm-4fd">
         <name>strtok</name>
         <value>0x20007a05</value>
         <object_component_ref idref="oc-cb"/>
      </symbol>
      <symbol id="sm-51d">
         <name>strtoul</name>
         <value>0x20006a25</value>
         <object_component_ref idref="oc-d1"/>
      </symbol>
      <symbol id="sm-533">
         <name>__aeabi_errno_addr</name>
         <value>0x20008019</value>
         <object_component_ref idref="oc-1a3"/>
      </symbol>
      <symbol id="sm-534">
         <name>errno</name>
         <value>0x20017810</value>
         <object_component_ref idref="oc-2df"/>
      </symbol>
      <symbol id="sm-546">
         <name>__stack</name>
         <value>0x2002f800</value>
         <object_component_ref idref="oc-26"/>
      </symbol>
      <symbol id="sm-547">
         <name>_c_int00_noargs</name>
         <value>0x20007d19</value>
         <object_component_ref idref="oc-5b"/>
      </symbol>
      <symbol id="sm-6ac">
         <name>__TI_printfi</name>
         <value>0x20004ea9</value>
         <object_component_ref idref="oc-28f"/>
      </symbol>
      <symbol id="sm-6cc">
         <name>frexpl</name>
         <value>0x2000773d</value>
         <object_component_ref idref="oc-408"/>
      </symbol>
      <symbol id="sm-6cd">
         <name>frexp</name>
         <value>0x2000773d</value>
         <object_component_ref idref="oc-408"/>
      </symbol>
      <symbol id="sm-6eb">
         <name>scalbn</name>
         <value>0x20006ef9</value>
         <object_component_ref idref="oc-40e"/>
      </symbol>
      <symbol id="sm-6ec">
         <name>scalbnl</name>
         <value>0x20006ef9</value>
         <object_component_ref idref="oc-40e"/>
      </symbol>
      <symbol id="sm-6ed">
         <name>ldexpl</name>
         <value>0x20006ef9</value>
         <object_component_ref idref="oc-40e"/>
      </symbol>
      <symbol id="sm-6ee">
         <name>ldexp</name>
         <value>0x20006ef9</value>
         <object_component_ref idref="oc-40e"/>
      </symbol>
      <symbol id="sm-707">
         <name>wcslen</name>
         <value>0x20007fc5</value>
         <object_component_ref idref="oc-372"/>
      </symbol>
      <symbol id="sm-711">
         <name>__aeabi_idiv0</name>
         <value>0x200063ff</value>
         <object_component_ref idref="oc-437"/>
      </symbol>
      <symbol id="sm-712">
         <name>__aeabi_ldiv0</name>
         <value>0x200063ff</value>
         <object_component_ref idref="oc-437"/>
      </symbol>
      <symbol id="sm-729">
         <name>__aeabi_dsub</name>
         <value>0x20006249</value>
         <object_component_ref idref="oc-3e8"/>
      </symbol>
      <symbol id="sm-72a">
         <name>__aeabi_dadd</name>
         <value>0x20006253</value>
         <object_component_ref idref="oc-3e8"/>
      </symbol>
      <symbol id="sm-74c">
         <name>__aeabi_cdcmpeq</name>
         <value>0x20007375</value>
         <object_component_ref idref="oc-34f"/>
      </symbol>
      <symbol id="sm-74d">
         <name>__aeabi_cdcmple</name>
         <value>0x20007375</value>
         <object_component_ref idref="oc-34f"/>
      </symbol>
      <symbol id="sm-74e">
         <name>__aeabi_cdrcmple</name>
         <value>0x200073fb</value>
         <object_component_ref idref="oc-3d3"/>
      </symbol>
      <symbol id="sm-762">
         <name>__aeabi_ddiv</name>
         <value>0x200066b5</value>
         <object_component_ref idref="oc-3ce"/>
      </symbol>
      <symbol id="sm-76d">
         <name>__aeabi_dmul</name>
         <value>0x20006c35</value>
         <object_component_ref idref="oc-3c9"/>
      </symbol>
      <symbol id="sm-777">
         <name>__aeabi_d2iz</name>
         <value>0x20007939</value>
         <object_component_ref idref="oc-3d8"/>
      </symbol>
      <symbol id="sm-781">
         <name>__aeabi_i2d</name>
         <value>0x20007bc9</value>
         <object_component_ref idref="oc-3e3"/>
      </symbol>
      <symbol id="sm-790">
         <name>__aeabi_memset</name>
         <value>0x20007507</value>
         <object_component_ref idref="oc-8b"/>
      </symbol>
      <symbol id="sm-791">
         <name>memset</name>
         <value>0x2000750d</value>
         <object_component_ref idref="oc-8b"/>
      </symbol>
      <symbol id="sm-792">
         <name>__aeabi_memset8</name>
         <value>0x20007507</value>
         <object_component_ref idref="oc-8b"/>
      </symbol>
      <symbol id="sm-793">
         <name>__aeabi_memset4</name>
         <value>0x20007507</value>
         <object_component_ref idref="oc-8b"/>
      </symbol>
      <symbol id="sm-794">
         <name>__aeabi_memclr8</name>
         <value>0x20007505</value>
         <object_component_ref idref="oc-8b"/>
      </symbol>
      <symbol id="sm-795">
         <name>__aeabi_memclr4</name>
         <value>0x20007505</value>
         <object_component_ref idref="oc-8b"/>
      </symbol>
      <symbol id="sm-796">
         <name>__aeabi_memclr</name>
         <value>0x20007505</value>
         <object_component_ref idref="oc-8b"/>
      </symbol>
      <symbol id="sm-7be">
         <name>__TI_auto_init_nobinit_nopinit</name>
         <value>0x20007981</value>
         <object_component_ref idref="oc-10f"/>
      </symbol>
      <symbol id="sm-7c8">
         <name>_system_pre_init</name>
         <value>0x2000802f</value>
         <object_component_ref idref="oc-91"/>
      </symbol>
      <symbol id="sm-7d4">
         <name>C$$EXIT</name>
         <value>0x20008033</value>
         <object_component_ref idref="oc-103"/>
      </symbol>
      <symbol id="sm-7d5">
         <name>abort</name>
         <value>0x20008033</value>
         <object_component_ref idref="oc-103"/>
      </symbol>
      <symbol id="sm-7ea">
         <name>_nop</name>
         <value>0x200058f7</value>
         <object_component_ref idref="oc-322"/>
      </symbol>
      <symbol id="sm-7eb">
         <name>_lock</name>
         <value>0x20017800</value>
         <object_component_ref idref="oc-264"/>
      </symbol>
      <symbol id="sm-7ec">
         <name>_unlock</name>
         <value>0x20017804</value>
         <object_component_ref idref="oc-264"/>
      </symbol>
      <symbol id="sm-7fb">
         <name>__TI_ltoa</name>
         <value>0x20007847</value>
         <object_component_ref idref="oc-3dd"/>
      </symbol>
      <symbol id="sm-812">
         <name>atoi</name>
         <value>0x200078ed</value>
         <object_component_ref idref="oc-343"/>
      </symbol>
      <symbol id="sm-81d">
         <name>_ctypes_</name>
         <value>0x20008038</value>
         <object_component_ref idref="oc-1a9"/>
      </symbol>
      <symbol id="sm-82d">
         <name>memccpy</name>
         <value>0x20007e31</value>
         <object_component_ref idref="oc-36c"/>
      </symbol>
      <symbol id="sm-83d">
         <name>strchr</name>
         <value>0x20007f4f</value>
         <object_component_ref idref="oc-414"/>
      </symbol>
      <symbol id="sm-84e">
         <name>strcspn</name>
         <value>0x20007d3d</value>
         <object_component_ref idref="oc-198"/>
      </symbol>
      <symbol id="sm-860">
         <name>strspn</name>
         <value>0x20007c51</value>
         <object_component_ref idref="oc-192"/>
      </symbol>
      <symbol id="sm-86a">
         <name>copysign</name>
         <value>0x20008001</value>
         <object_component_ref idref="oc-450"/>
      </symbol>
      <symbol id="sm-86b">
         <name>copysignl</name>
         <value>0x20008001</value>
         <object_component_ref idref="oc-450"/>
      </symbol>
      <symbol id="sm-86c">
         <name>__TI_static_base__</name>
         <value>0x20008300</value>
      </symbol>
      <symbol id="sm-86f">
         <name>__mpu_init</name>
         <value>0x0</value>
      </symbol>
      <symbol id="sm-870">
         <name>_system_post_cinit</name>
         <value>0x0</value>
      </symbol>
   </symbol_table>
   <title>Link successful</title>
</link_info>
