******************************************************************************
                  TI ARM Linker PC v20.2.5                     
******************************************************************************
>> Linked Wed Apr 28 12:01:18 2021

OUTPUT FILE NAME:   <i2c_demo.out>
ENTRY POINT SYMBOL: "_c_int00_noargs"  address: 20007d19


MEMORY CONFIGURATION

         name            origin    length      used     unused   attr    fill
----------------------  --------  ---------  --------  --------  ----  --------
  SRAM_CODE             20004000   00013000  00004332  0000ecce  RW X
  SRAM_DATA             20017000   00019000  0000101c  00017fe4  RW X


SEGMENT ALLOCATION MAP

run origin  load origin   length   init length attrs members
----------  ----------- ---------- ----------- ----- -------
20004000    20004000    00004338   00004338    r-x
  20004000    20004000    00000400   00000400    r-- .intvecs
  20004400    20004400    00003c36   00003c36    r-x .text
  20008038    20008038    000002c4   000002c4    r-- .const
  20008300    20008300    00000038   00000038    r-- .cinit
20017000    20017000    0000081c   00000000    rw-
  20017000    20017000    00000800   00000000    rw- .sysmem
  20017800    20017800    00000018   00000000    rw- .data
  20017818    20017818    00000004   00000000    rw- .bss
2002f800    2002f800    00000800   00000000    rw-
  2002f800    2002f800    00000800   00000000    rw- .stack


SECTION ALLOCATION MAP

 output                                  attributes/
section   page    origin      length       input sections
--------  ----  ----------  ----------   ----------------
.intvecs   0    20004000    00000400     
                  20004000    00000400     startup_ccs.obj (.intvecs)

.init_array 
*          0    20004000    00000000     UNINITIALIZED

.text      0    20004400    00003c36     
                  20004400    00000aa8     main.obj (.text)
                  20004ea8    00000a4e     rtsv7M4_T_le_eabi.lib : _printfi.c.obj (.text:__TI_printfi)
                  200058f6    00000002                           : _lock.c.obj (.text:_nop)
                  200058f8    000002a0     i2c_if.obj (.text)
                  20005b98    0000027c     uart_if.obj (.text)
                  20005e14    00000268     rtsv7M4_T_le_eabi.lib : _printfi.c.obj (.text:_pconv_a)
                  2000607c    000001cc                           : _printfi.c.obj (.text:_pconv_g)
                  20006248    000001b6                           : fd_add_t2.asm.obj (.text)
                  200063fe    00000002                           : div0.asm.obj (.text)
                  20006400    00000178     driverlib.a : prcm.obj (.text:PRCMCC3200MCUInit)
                  20006578    0000013c     rtsv7M4_T_le_eabi.lib : _printfi.c.obj (.text:_pconv_e)
                  200066b4    00000136                           : fd_div_t2.asm.obj (.text)
                  200067ea    00000002     --HOLE-- [fill = 0]
                  200067ec    00000120                           : _printfi.c.obj (.text:fcvt)
                  2000690c    00000118     pin_mux_config.obj (.text)
                  20006a24    00000110     rtsv7M4_T_le_eabi.lib : strtoul.c.obj (.text:strtoul)
                  20006b34    00000100                           : memory.c.obj (.text:aligned_alloc)
                  20006c34    000000fc                           : fd_mul_t2.asm.obj (.text)
                  20006d30    000000e4                           : memory.c.obj (.text:free)
                  20006e14    000000e4                           : memory.c.obj (.text:realloc)
                  20006ef8    000000d0                           : s_scalbn.c.obj (.text:scalbn)
                  20006fc8    000000b1                           : _printfi.c.obj (.text:_ltostr)
                  20007079    00000003     --HOLE-- [fill = 0]
                  2000707c    000000a8     driverlib.a : interrupt.obj (.text:IntEnable)
                  20007124    0000009c     rtsv7M4_T_le_eabi.lib : memcpy_t2.asm.obj (.text)
                  200071c0    00000096                           : ull_div_t2.asm.obj (.text)
                  20007256    00000002     --HOLE-- [fill = 0]
                  20007258    00000094     driverlib.a : prcm.obj (.text:PRCMPeripheralClockGet)
                  200072ec    00000088                 : pin.obj (.text:PinConfigSet)
                  20007374    00000086     rtsv7M4_T_le_eabi.lib : fd_cmp_t2.asm.obj (.text:__aeabi_cdcmple)
                  200073fa    00000086                           : fd_cmp_t2.asm.obj (.text:__aeabi_cdrcmple)
                  20007480    00000084     driverlib.a : i2c.obj (.text:I2CMasterInitExpClk)
                  20007504    0000007a     rtsv7M4_T_le_eabi.lib : memset_t2.asm.obj (.text)
                  2000757e    00000076     driverlib.a : uart.obj (.text:UARTConfigSetExpClk)
                  200075f4    00000070     rtsv7M4_T_le_eabi.lib : memory.c.obj (.text:split)
                  20007664    0000006e                           : _printfi.c.obj (.text:_mcpy)
                  200076d2    00000068                           : copy_decompress_lzss.c.obj (.text:decompress:lzss:__TI_decompress_lzss)
                  2000773a    00000002     --HOLE-- [fill = 0]
                  2000773c    0000005c                           : s_frexp.c.obj (.text:frexp)
                  20007798    00000058     driverlib.a : prcm.obj (.text:PRCMPeripheralReset)
                  200077f0    00000056     rtsv7M4_T_le_eabi.lib : _printfi.c.obj (.text:_pconv_f)
                  20007846    00000054                           : _ltoa.c.obj (.text:__TI_ltoa)
                  2000789a    00000052                           : _printfi.c.obj (.text:_ecpy)
                  200078ec    0000004c                           : atoi.c.obj (.text:atoi)
                  20007938    00000048                           : fd_toi_t2.asm.obj (.text)
                  20007980    00000044                           : autoinit.c.obj (.text:__TI_auto_init_nobinit_nopinit:__TI_auto_init_nobinit_nopinit)
                  200079c4    00000040     driverlib.a : pin.obj (.text:PinModeSet)
                  20007a04    00000040     rtsv7M4_T_le_eabi.lib : strtok.c.obj (.text:strtok)
                  20007a44    00000040                           : vsnprintf.c.obj (.text:vsnprintf)
                  20007a84    0000003e                           : _printfi.c.obj (.text:_fcpy)
                  20007ac2    00000002     --HOLE-- [fill = 0]
                  20007ac4    0000003c     driverlib.a : prcm.obj (.text:PRCMPeripheralClkEnable)
                  20007b00    00000036                 : gpio.obj (.text:GPIODirModeSet)
                  20007b36    00000030                 : pin.obj (.text:PinTypeGPIO)
                  20007b66    00000002     --HOLE-- [fill = 0]
                  20007b68    00000030                 : uart.obj (.text:UARTDisable)
                  20007b98    00000030     rtsv7M4_T_le_eabi.lib : vsnprintf.c.obj (.text:_outs)
                  20007bc8    0000002e                           : i_tofd_t2.asm.obj (.text)
                  20007bf6    0000002c     driverlib.a : i2c.obj (.text:I2CMasterErr)
                  20007c22    00000002     --HOLE-- [fill = 0]
                  20007c24    0000002c                 : prcm.obj (.text:PRCMSysResetCauseGet)
                  20007c50    0000002a     rtsv7M4_T_le_eabi.lib : strspn.c.obj (.text:strspn)
                  20007c7a    00000002     --HOLE-- [fill = 0]
                  20007c7c    00000028     driverlib.a : prcm.obj (.text:PRCMPeripheralClkDisable)
                  20007ca4    00000028     rtsv7M4_T_le_eabi.lib : memory.c.obj (.text:free_list_insert)
                  20007ccc    00000028                           : memmov.c.obj (.text:memmove)
                  20007cf4    00000024     driverlib.a : uart.obj (.text:UARTEnable)
                  20007d18    00000024     rtsv7M4_T_le_eabi.lib : boot_cortex_m.c.obj (.text:_c_int00_noargs:_c_int00_noargs)
                  20007d3c    00000024                           : strcspn.c.obj (.text:strcspn)
                  20007d60    00000022     driverlib.a : i2c.obj (.text:I2CMasterSlaveAddrSet)
                  20007d82    0000001e                 : i2c.obj (.text:I2CMasterIntStatusEx)
                  20007da0    0000001e                 : uart.obj (.text:UARTCharPut)
                  20007dbe    0000001c                 : pin.obj (.text:PinTypeI2C)
                  20007dda    0000001c                 : uart.obj (.text:UARTCharGetNonBlocking)
                  20007df6    0000001c     rtsv7M4_T_le_eabi.lib : copy_zero_init.c.obj (.text:decompress:ZI:__TI_zero_init_nomemset:__TI_zero_init_nomemset)
                  20007e12    00000002     --HOLE-- [fill = 0]
                  20007e14    0000001c                           : memory.c.obj (.text:free_list_remove)
                  20007e30    0000001c                           : memccpy.c.obj (.text:memccpy)
                  20007e4c    0000001a     driverlib.a : pin.obj (.text:PinTypeSPI)
                  20007e66    0000001a                 : pin.obj (.text:PinTypeUART)
                  20007e80    00000018                 : i2c.obj (.text:I2CMasterIntEnableEx)
                  20007e98    00000018                 : uart.obj (.text:UARTCharsAvail)
                  20007eb0    00000018     rtsv7M4_T_le_eabi.lib : vsnprintf.c.obj (.text:_outc)
                  20007ec8    00000018                           : strcmp.c.obj (.text:strcmp)
                  20007ee0    00000016     driverlib.a : i2c.obj (.text:I2CMasterDataPut)
                  20007ef6    00000016                 : i2c.obj (.text:I2CMasterEnable)
                  20007f0c    00000016                 : i2c.obj (.text:I2CMasterIntClear)
                  20007f22    00000016                 : prcm.obj (.text:PRCMHIBRegRead)
                  20007f38    00000016                 : prcm.obj (.text:PRCMHIBRegWrite)
                  20007f4e    00000016     rtsv7M4_T_le_eabi.lib : strchr.c.obj (.text:strchr)
                  20007f64    00000014     driverlib.a : cpu.obj (.text:CPUcpsie)
                  20007f78    00000014                 : interrupt.obj (.text:IntVTableBaseSet)
                  20007f8c    00000014     rtsv7M4_T_le_eabi.lib : strlen.c.obj (.text:strlen)
                  20007fa0    00000012     driverlib.a : i2c.obj (.text:I2CMasterControl)
                  20007fb2    00000012                 : i2c.obj (.text:I2CMasterTimeoutSet)
                  20007fc4    00000012     rtsv7M4_T_le_eabi.lib : wcslen.c.obj (.text:wcslen)
                  20007fd6    0000000e     driverlib.a : i2c.obj (.text:I2CMasterDataGet)
                  20007fe4    0000000e     rtsv7M4_T_le_eabi.lib : copy_decompress_none.c.obj (.text:decompress:none:__TI_decompress_none)
                  20007ff2    0000000e     startup_ccs.obj (.text)
                  20008000    0000000c     rtsv7M4_T_le_eabi.lib : s_copysign.c.obj (.text:copysign)
                  2000800c    0000000a     driverlib.a : interrupt.obj (.text:IntMasterEnable)
                  20008016    00000002     --HOLE-- [fill = 0]
                  20008018    00000008     rtsv7M4_T_le_eabi.lib : errno.c.obj (.text:__aeabi_errno_addr)
                  20008020    00000008                           : memory.c.obj (.text:malloc)
                  20008028    00000006     driverlib.a : utils.obj (.text:UtilsDelay)
                  2000802e    00000004     rtsv7M4_T_le_eabi.lib : pre_init.c.obj (.text:_system_pre_init)
                  20008032    00000004                           : exit.c.obj (.text:abort:abort)

.const     0    20008038    000002c4     
                  20008038    00000101     rtsv7M4_T_le_eabi.lib : ctype.c.obj (.const:.string:_ctypes_)
                  20008139    00000003     --HOLE-- [fill = 0]
                  2000813c    00000100     driverlib.a : pin.obj (.const:g_ulPinToPadMap)
                  2000823c    000000a8                 : prcm.obj (.const:PRCM_PeriphRegsList)
                  200082e4    00000018                 : interrupt.obj (.const:g_pulEnRegs)

.cinit     0    20008300    00000038     
                  20008300    0000000d     (.cinit..data.load) [load image, compression = lzss]
                  2000830d    00000003     --HOLE-- [fill = 0]
                  20008310    0000000c     (__TI_handler_table)
                  2000831c    00000004     --HOLE-- [fill = 0]
                  20008320    00000008     (.cinit..bss.load) [load image, compression = zero_init]
                  20008328    00000010     (__TI_cinit_table)

.sysmem    0    20017000    00000800     UNINITIALIZED
                  20017000    00000010     rtsv7M4_T_le_eabi.lib : memory.c.obj (.sysmem)
                  20017010    000007f0     --HOLE--

.data      0    20017800    00000018     UNINITIALIZED
                  20017800    00000008     rtsv7M4_T_le_eabi.lib : _lock.c.obj (.data:$O1$$)
                  20017808    00000008                           : memory.c.obj (.data:$O1$$)
                  20017810    00000004                           : errno.c.obj (.data)
                  20017814    00000004                           : strtok.c.obj (.data)

.bss       0    20017818    00000004     UNINITIALIZED
                  20017818    00000004     uart_if.obj (.bss)

.stack     0    2002f800    00000800     UNINITIALIZED
                  2002f800    00000004     rtsv7M4_T_le_eabi.lib : boot_cortex_m.c.obj (.stack)
                  2002f804    000007fc     --HOLE--

__llvm_prf_cnts 
*          0    20017000    00000000     UNINITIALIZED

MODULE SUMMARY

       Module                       code    ro data   rw data
       ------                       ----    -------   -------
    .\
       main.obj                     2728    0         0      
       startup_ccs.obj              14      1024      0      
       i2c_if.obj                   672     0         0      
       uart_if.obj                  636     0         4      
       pin_mux_config.obj           280     0         0      
    +--+----------------------------+-------+---------+---------+
       Total:                       4330    1024      4      
                                                             
    C:/ti/CC3200SDK_1.5.0/cc3200-sdk/driverlib/ccs/Release/driverlib.a
       prcm.obj                     800     168       0      
       pin.obj                      328     256       0      
       i2c.obj                      380     0         0      
       uart.obj                     284     0         0      
       interrupt.obj                198     24        0      
       gpio.obj                     54      0         0      
       cpu.obj                      20      0         0      
       utils.obj                    6       0         0      
    +--+----------------------------+-------+---------+---------+
       Total:                       2070    448       0      
                                                             
    C:\ti\ccs1020\ccs\tools\compiler\ti-cgt-arm_20.2.5.LTS\lib\rtsv7M4_T_le_eabi.lib
       _printfi.c.obj               4835    0         0      
       memory.c.obj                 900     0         8      
       fd_add_t2.asm.obj            438     0         0      
       fd_div_t2.asm.obj            310     0         0      
       strtoul.c.obj                272     0         0      
       fd_cmp_t2.asm.obj            268     0         0      
       ctype.c.obj                  0       257       0      
       fd_mul_t2.asm.obj            252     0         0      
       s_scalbn.c.obj               208     0         0      
       memcpy_t2.asm.obj            156     0         0      
       ull_div_t2.asm.obj           150     0         0      
       vsnprintf.c.obj              136     0         0      
       memset_t2.asm.obj            122     0         0      
       copy_decompress_lzss.c.obj   104     0         0      
       s_frexp.c.obj                92      0         0      
       _ltoa.c.obj                  84      0         0      
       atoi.c.obj                   76      0         0      
       fd_toi_t2.asm.obj            72      0         0      
       autoinit.c.obj               68      0         0      
       strtok.c.obj                 64      0         4      
       i_tofd_t2.asm.obj            46      0         0      
       strspn.c.obj                 42      0         0      
       memmov.c.obj                 40      0         0      
       boot_cortex_m.c.obj          36      0         0      
       strcspn.c.obj                36      0         0      
       copy_zero_init.c.obj         28      0         0      
       memccpy.c.obj                28      0         0      
       strcmp.c.obj                 24      0         0      
       strchr.c.obj                 22      0         0      
       strlen.c.obj                 20      0         0      
       wcslen.c.obj                 18      0         0      
       copy_decompress_none.c.obj   14      0         0      
       errno.c.obj                  8       0         4      
       s_copysign.c.obj             12      0         0      
       _lock.c.obj                  2       0         8      
       exit.c.obj                   4       0         0      
       pre_init.c.obj               4       0         0      
       div0.asm.obj                 2       0         0      
    +--+----------------------------+-------+---------+---------+
       Total:                       8993    257       24     
                                                             
       Heap:                        0       0         2048   
       Stack:                       0       0         2048   
       Linker Generated:            0       49        0      
    +--+----------------------------+-------+---------+---------+
       Grand Total:                 15393   1778      4124   


LINKER GENERATED COPY TABLES

__TI_cinit_table @ 20008328 records: 2, size/record: 8, table size: 16
	.data: load addr=20008300, load size=0000000d bytes, run addr=20017800, run size=00000018 bytes, compression=lzss
	.bss: load addr=20008320, load size=00000008 bytes, run addr=20017818, run size=00000004 bytes, compression=zero_init


LINKER GENERATED HANDLER TABLE

__TI_handler_table @ 20008310 records: 3, size/record: 4, table size: 12
	index: 0, handler: __TI_decompress_lzss
	index: 1, handler: __TI_decompress_none
	index: 2, handler: __TI_zero_init


GLOBAL SYMBOLS: SORTED ALPHABETICALLY BY Name 

address   name                          
-------   ----                          
20008033  C$$EXIT                       
20007f65  CPUcpsie                      
20005bd9  ClearTerm                     
2000485d  DisplayBuffer                 
20004401  DisplayPrompt                 
2000440b  DisplayUsage                  
20005be3  Error                         
20007b01  GPIODirModeSet                
20005c1b  GetCmd                        
20007fa1  I2CMasterControl              
20007fd7  I2CMasterDataGet              
20007ee1  I2CMasterDataPut              
20007ef7  I2CMasterEnable               
20007bf7  I2CMasterErr                  
20007481  I2CMasterInitExpClk           
20007f0d  I2CMasterIntClear             
20007e81  I2CMasterIntEnableEx          
20007d83  I2CMasterIntStatusEx          
20007d61  I2CMasterSlaveAddrSet         
20007fb3  I2CMasterTimeoutSet           
20005b83  I2C_IF_Close                  
20005b27  I2C_IF_Open                   
20005a25  I2C_IF_Read                   
20005ae1  I2C_IF_ReadFrom               
20005975  I2C_IF_Write                  
20005b99  InitTerm                      
2000707d  IntEnable                     
2000800d  IntMasterEnable               
20007f79  IntVTableBaseSet              
20005bb7  Message                       
20006401  PRCMCC3200MCUInit             
20007f23  PRCMHIBRegRead                
20007f39  PRCMHIBRegWrite               
20007c7d  PRCMPeripheralClkDisable      
20007ac5  PRCMPeripheralClkEnable       
20007259  PRCMPeripheralClockGet        
20007799  PRCMPeripheralReset           
20007c25  PRCMSysResetCauseGet          
20004cc7  ParseNProcessCmd              
200072ed  PinConfigSet                  
200079c5  PinModeSet                    
2000690d  PinMuxConfig                  
20007b37  PinTypeGPIO                   
20007dbf  PinTypeI2C                    
20007e4d  PinTypeSPI                    
20007e67  PinTypeUART                   
200048e3  ProcessReadCommand            
20004969  ProcessReadRegCommand         
20004bbf  ProcessWriteCommand           
20004a29  ProcessWriteRegCommand        
20005d59  Report                        
20007ff3  ResetISR                      
20005cc1  TrimSpace                     
20007ddb  UARTCharGetNonBlocking        
20007da1  UARTCharPut                   
20007e99  UARTCharsAvail                
2000757f  UARTConfigSetExpClk           
20007b69  UARTDisable                   
20007cf5  UARTEnable                    
20008029  UtilsDelay                    
20030000  __STACK_END                   
00000800  __STACK_SIZE                  
00000800  __SYSMEM_SIZE                 
20008328  __TI_CINIT_Base               
20008338  __TI_CINIT_Limit              
20008310  __TI_Handler_Table_Base       
2000831c  __TI_Handler_Table_Limit      
20007981  __TI_auto_init_nobinit_nopinit
200076d3  __TI_decompress_lzss          
20007fe5  __TI_decompress_none          
20007847  __TI_ltoa                     
ffffffff  __TI_pprof_out_hndl           
20004ea9  __TI_printfi                  
ffffffff  __TI_prof_data_size           
ffffffff  __TI_prof_data_start          
20008300  __TI_static_base__            
20007df7  __TI_zero_init_nomemset       
20007375  __aeabi_cdcmpeq               
20007375  __aeabi_cdcmple               
200073fb  __aeabi_cdrcmple              
20007939  __aeabi_d2iz                  
20006253  __aeabi_dadd                  
200066b5  __aeabi_ddiv                  
20006c35  __aeabi_dmul                  
20006249  __aeabi_dsub                  
20008019  __aeabi_errno_addr            
20007bc9  __aeabi_i2d                   
200063ff  __aeabi_idiv0                 
200063ff  __aeabi_ldiv0                 
20007505  __aeabi_memclr                
20007505  __aeabi_memclr4               
20007505  __aeabi_memclr8               
20007125  __aeabi_memcpy                
20007125  __aeabi_memcpy4               
20007125  __aeabi_memcpy8               
20007507  __aeabi_memset                
20007507  __aeabi_memset4               
20007507  __aeabi_memset8               
200071c1  __aeabi_uldivmod              
ffffffff  __binit__                     
ffffffff  __c_args__                    
UNDEFED   __mpu_init                    
2002f800  __stack                       
20017000  __start___llvm_prf_cnts       
20017000  __stop___llvm_prf_cnts        
20007d19  _c_int00_noargs               
20008038  _ctypes_                      
20017800  _lock                         
200058f7  _nop                          
20017000  _sys_memory                   
UNDEFED   _system_post_cinit            
2000802f  _system_pre_init              
20017804  _unlock                       
20008033  abort                         
20006b35  aligned_alloc                 
200078ed  atoi                          
ffffffff  binit                         
20008001  copysign                      
20008001  copysignl                     
20017810  errno                         
20006d31  free                          
2000773d  frexp                         
2000773d  frexpl                        
20004000  g_pfnVectors                  
20006ef9  ldexp                         
20006ef9  ldexpl                        
20004d59  main                          
20008021  malloc                        
20006b35  memalign                      
20007e31  memccpy                       
20007125  memcpy                        
20007ccd  memmove                       
2000750d  memset                        
20006e15  realloc                       
20006ef9  scalbn                        
20006ef9  scalbnl                       
20007f4f  strchr                        
20007ec9  strcmp                        
20007d3d  strcspn                       
20007f8d  strlen                        
20007c51  strspn                        
20007a05  strtok                        
20006a25  strtoul                       
20007a45  vsnprintf                     
20007fc5  wcslen                        


GLOBAL SYMBOLS: SORTED BY Symbol Address 

address   name                          
-------   ----                          
00000800  __STACK_SIZE                  
00000800  __SYSMEM_SIZE                 
20004000  g_pfnVectors                  
20004401  DisplayPrompt                 
2000440b  DisplayUsage                  
2000485d  DisplayBuffer                 
200048e3  ProcessReadCommand            
20004969  ProcessReadRegCommand         
20004a29  ProcessWriteRegCommand        
20004bbf  ProcessWriteCommand           
20004cc7  ParseNProcessCmd              
20004d59  main                          
20004ea9  __TI_printfi                  
200058f7  _nop                          
20005975  I2C_IF_Write                  
20005a25  I2C_IF_Read                   
20005ae1  I2C_IF_ReadFrom               
20005b27  I2C_IF_Open                   
20005b83  I2C_IF_Close                  
20005b99  InitTerm                      
20005bb7  Message                       
20005bd9  ClearTerm                     
20005be3  Error                         
20005c1b  GetCmd                        
20005cc1  TrimSpace                     
20005d59  Report                        
20006249  __aeabi_dsub                  
20006253  __aeabi_dadd                  
200063ff  __aeabi_idiv0                 
200063ff  __aeabi_ldiv0                 
20006401  PRCMCC3200MCUInit             
200066b5  __aeabi_ddiv                  
2000690d  PinMuxConfig                  
20006a25  strtoul                       
20006b35  aligned_alloc                 
20006b35  memalign                      
20006c35  __aeabi_dmul                  
20006d31  free                          
20006e15  realloc                       
20006ef9  ldexp                         
20006ef9  ldexpl                        
20006ef9  scalbn                        
20006ef9  scalbnl                       
2000707d  IntEnable                     
20007125  __aeabi_memcpy                
20007125  __aeabi_memcpy4               
20007125  __aeabi_memcpy8               
20007125  memcpy                        
200071c1  __aeabi_uldivmod              
20007259  PRCMPeripheralClockGet        
200072ed  PinConfigSet                  
20007375  __aeabi_cdcmpeq               
20007375  __aeabi_cdcmple               
200073fb  __aeabi_cdrcmple              
20007481  I2CMasterInitExpClk           
20007505  __aeabi_memclr                
20007505  __aeabi_memclr4               
20007505  __aeabi_memclr8               
20007507  __aeabi_memset                
20007507  __aeabi_memset4               
20007507  __aeabi_memset8               
2000750d  memset                        
2000757f  UARTConfigSetExpClk           
200076d3  __TI_decompress_lzss          
2000773d  frexp                         
2000773d  frexpl                        
20007799  PRCMPeripheralReset           
20007847  __TI_ltoa                     
200078ed  atoi                          
20007939  __aeabi_d2iz                  
20007981  __TI_auto_init_nobinit_nopinit
200079c5  PinModeSet                    
20007a05  strtok                        
20007a45  vsnprintf                     
20007ac5  PRCMPeripheralClkEnable       
20007b01  GPIODirModeSet                
20007b37  PinTypeGPIO                   
20007b69  UARTDisable                   
20007bc9  __aeabi_i2d                   
20007bf7  I2CMasterErr                  
20007c25  PRCMSysResetCauseGet          
20007c51  strspn                        
20007c7d  PRCMPeripheralClkDisable      
20007ccd  memmove                       
20007cf5  UARTEnable                    
20007d19  _c_int00_noargs               
20007d3d  strcspn                       
20007d61  I2CMasterSlaveAddrSet         
20007d83  I2CMasterIntStatusEx          
20007da1  UARTCharPut                   
20007dbf  PinTypeI2C                    
20007ddb  UARTCharGetNonBlocking        
20007df7  __TI_zero_init_nomemset       
20007e31  memccpy                       
20007e4d  PinTypeSPI                    
20007e67  PinTypeUART                   
20007e81  I2CMasterIntEnableEx          
20007e99  UARTCharsAvail                
20007ec9  strcmp                        
20007ee1  I2CMasterDataPut              
20007ef7  I2CMasterEnable               
20007f0d  I2CMasterIntClear             
20007f23  PRCMHIBRegRead                
20007f39  PRCMHIBRegWrite               
20007f4f  strchr                        
20007f65  CPUcpsie                      
20007f79  IntVTableBaseSet              
20007f8d  strlen                        
20007fa1  I2CMasterControl              
20007fb3  I2CMasterTimeoutSet           
20007fc5  wcslen                        
20007fd7  I2CMasterDataGet              
20007fe5  __TI_decompress_none          
20007ff3  ResetISR                      
20008001  copysign                      
20008001  copysignl                     
2000800d  IntMasterEnable               
20008019  __aeabi_errno_addr            
20008021  malloc                        
20008029  UtilsDelay                    
2000802f  _system_pre_init              
20008033  C$$EXIT                       
20008033  abort                         
20008038  _ctypes_                      
20008300  __TI_static_base__            
20008310  __TI_Handler_Table_Base       
2000831c  __TI_Handler_Table_Limit      
20008328  __TI_CINIT_Base               
20008338  __TI_CINIT_Limit              
20017000  __start___llvm_prf_cnts       
20017000  __stop___llvm_prf_cnts        
20017000  _sys_memory                   
20017800  _lock                         
20017804  _unlock                       
20017810  errno                         
2002f800  __stack                       
20030000  __STACK_END                   
ffffffff  __TI_pprof_out_hndl           
ffffffff  __TI_prof_data_size           
ffffffff  __TI_prof_data_start          
ffffffff  __binit__                     
ffffffff  __c_args__                    
ffffffff  binit                         
UNDEFED   __mpu_init                    
UNDEFED   _system_post_cinit            

[145 symbols]
